#
# A fatal error has been detected by the Java Runtime Environment:
#
#  EXCEPTION_ACCESS_VIOLATION (0xc0000005) at pc=0x00007ffe548c9670, pid=17348, tid=9312
#
# JRE version: OpenJDK Runtime Environment (11.0.2+9) (build 11.0.2+9)
# Java VM: OpenJDK 64-Bit Server VM (11.0.2+9, mixed mode, tiered, compressed oops, g1 gc, windows-amd64)
# Problematic frame:
# C  0x00007ffe548c9670
#
# No core dump will be written. Minidumps are not enabled by default on client versions of Windows
#
# If you would like to submit a bug report, please visit:
#   http://bugreport.java.com/bugreport/crash.jsp
# The crash happened outside the Java Virtual Machine in native code.
# See problematic frame for where to report the bug.
#

---------------  S U M M A R Y ------------

Command Line: -Dsun.java2d.pmoffscreen=false -Dhttps.protocols=TLSv1,TLSv1.1,TLSv1.2 -Dsun.java2d.xrender=false -Dsun.java2d.d3d=false -Dsun.awt.nopixfmt=true -Dsun.java2d.dpiaware=true -Dsun.java2d.uiScale.enabled=false -Xverify:none -Dswing.aatext=true -XX:-UsePerfData -Djdk.map.althashing.threshold=512 -XX:StringTableSize=4072 --add-opens=java.base/java.nio=ALL-UNNAMED --add-opens=java.desktop/sun.swing=ALL-UNNAMED --add-opens=java.desktop/javax.swing=ALL-UNNAMED --add-opens=java.desktop/javax.swing.tree=ALL-UNNAMED --add-opens=java.desktop/javax.swing.plaf.basic=ALL-UNNAMED --add-opens=java.desktop/javax.swing.plaf.synth=ALL-UNNAMED --add-opens=java.desktop/com.sun.awt=ALL-UNNAMED -XX:NewSize=60m -XX:MaxNewSize=60m -Xms128m -Xmx3072m -Xss5m 

Host: 12th Gen Intel(R) Core(TM) i7-1260P, 16 cores, 15G,  Windows 10 , 64 bit Build 26100 (10.0.26100.4768)
Time: Tue Sep  2 15:29:48 2025 대한민국 표준시 elapsed time: 22251 seconds (0d 6h 10m 51s)

---------------  T H R E A D  ---------------

Current thread (0x000001929ce9b800):  JavaThread "AWT-EventQueue-0" [_thread_in_native, id=9312, stack(0x0000004a4f000000,0x0000004a4f500000)]

Stack: [0x0000004a4f000000,0x0000004a4f500000],  sp=0x0000004a4f4f3c78,  free space=5071k
Native frames: (J=compiled Java code, j=interpreted, Vv=VM code, C=native code)
C  0x00007ffe548c9670

Java frames: (J=compiled Java code, j=interpreted, Vv=VM code)
j  ui.views.waveform.waveformi.WVExecutive_getGraphicsDataSize(J)J+0
j  ui.views.waveform.executive.a.klK()Ljava/io/ByteArrayInputStream;+8
j  ui.views.waveform.b.a.klh()V+7
j  ui.views.waveform.b.a.jty()V+1
j  ui.views.waveform.m.kkr()V+4
j  ui.views.waveform.m.Ii(Z)V+11
j  ui.views.waveform.w.aH(ZZ)V+30
j  ui.views.waveform.c.b.j(Lui/frmwork/a/l;)V+94
j  ui.views.waveform.w.handleTclEvent(Lui/frmwork/a/l;)V+13
J 26468 c2 ui.frmwork.a.o.c(Lui/frmwork/a/l;)V (61 bytes) @ 0x00000192a95badc4 [0x00000192a95bab60+0x0000000000000264]
J 26460 c2 ui.frmwork.E.i(JZ)V (471 bytes) @ 0x00000192a95af038 [0x00000192a95ad900+0x0000000000001738]
J 18826 c1 ui.frmwork.E.fireTclEvent(J)I (113 bytes) @ 0x00000192a2bea394 [0x00000192a2be9bc0+0x00000000000007d4]
v  ~StubRoutines::call_stub
j  ui.views.waveform.waveformi.WVExecutive_processModelEvent(JJ)V+0
j  ui.views.waveform.executive.a.gb(J)V+5
j  ui.views.waveform.c.b.ga(J)V+8
j  ui.views.waveform.c.b.j(Lui/frmwork/a/l;)V+127
j  ui.views.waveform.w.handleTclEvent(Lui/frmwork/a/l;)V+13
J 26468 c2 ui.frmwork.a.o.c(Lui/frmwork/a/l;)V (61 bytes) @ 0x00000192a95badc4 [0x00000192a95bab60+0x0000000000000264]
J 26460 c2 ui.frmwork.E.i(JZ)V (471 bytes) @ 0x00000192a95af038 [0x00000192a95ad900+0x0000000000001738]
J 18826 c1 ui.frmwork.E.fireTclEvent(J)I (113 bytes) @ 0x00000192a2bea394 [0x00000192a2be9bc0+0x00000000000007d4]
v  ~StubRoutines::call_stub
j  ui.views.waveform.waveformi.WVExecutive_processModelEvent(JJ)V+0
j  ui.views.waveform.executive.a.gb(J)V+5
j  ui.views.waveform.c.b.ga(J)V+8
j  ui.views.waveform.c.e.actionPerformed(Ljava/awt/event/ActionEvent;)V+8
J 12097 c2 javax.swing.Timer.fireActionPerformed(Ljava/awt/event/ActionEvent;)V java.desktop@11.0.2 (46 bytes) @ 0x00000192a8385e54 [0x00000192a8385d40+0x0000000000000114]
J 19988 c2 javax.swing.Timer$DoPostEvent.run()V java.desktop@11.0.2 (82 bytes) @ 0x00000192a8d5e658 [0x00000192a8d5e360+0x00000000000002f8]
J 15888 c2 java.awt.event.InvocationEvent.dispatch()V java.desktop@11.0.2 (69 bytes) @ 0x00000192a8a7df9c [0x00000192a8a7df40+0x000000000000005c]
J 11869 c2 java.awt.EventQueue$4.run()Ljava/lang/Object; java.desktop@11.0.2 (5 bytes) @ 0x00000192a7dfd19c [0x00000192a7dfd0e0+0x00000000000000bc]
v  ~StubRoutines::call_stub
J 4728  java.security.AccessController.doPrivileged(Ljava/security/PrivilegedAction;Ljava/security/AccessControlContext;)Ljava/lang/Object; java.base@11.0.2 (0 bytes) @ 0x00000192a7f70536 [0x00000192a7f704c0+0x0000000000000076]
J 11868 c2 java.awt.EventQueue.dispatchEvent(Ljava/awt/AWTEvent;)V java.desktop@11.0.2 (80 bytes) @ 0x00000192a7dfddcc [0x00000192a7dfd840+0x000000000000058c]
J 24335 c2 java.awt.EventDispatchThread.pumpOneEventForFilters(I)V java.desktop@11.0.2 (113 bytes) @ 0x00000192a93af254 [0x00000192a93af040+0x0000000000000214]
J 26130 c2 java.awt.EventDispatchThread.pumpEventsForFilter(ILjava/awt/Conditional;Ljava/awt/EventFilter;)V java.desktop@11.0.2 (47 bytes) @ 0x00000192a94d1520 [0x00000192a94d1360+0x00000000000001c0]
j  java.awt.EventDispatchThread.pumpEventsForFilter(Ljava/awt/Conditional;Ljava/awt/EventFilter;)V+4 java.desktop@11.0.2
j  java.awt.WaitDispatchSupport$2.run()V+59 java.desktop@11.0.2
j  java.awt.WaitDispatchSupport$4.run()Ljava/lang/Void;+4 java.desktop@11.0.2
j  java.awt.WaitDispatchSupport$4.run()Ljava/lang/Object;+1 java.desktop@11.0.2
v  ~StubRoutines::call_stub
J 1079  java.security.AccessController.doPrivileged(Ljava/security/PrivilegedAction;)Ljava/lang/Object; java.base@11.0.2 (0 bytes) @ 0x00000192a7d07c22 [0x00000192a7d07bc0+0x0000000000000062]
j  java.awt.WaitDispatchSupport.enter()Z+260 java.desktop@11.0.2
j  java.awt.Dialog.show()V+224 java.desktop@11.0.2
J 25326 c1 ui.dlg.c.bz.bIi()V (68 bytes) @ 0x00000192a1a487c4 [0x00000192a1a47ca0+0x0000000000000b24]
J 25332 c1 ui.dlg.c.bz.fud()V (426 bytes) @ 0x00000192a29a225c [0x00000192a2999be0+0x000000000000867c]
j  ui.views.c.t.b.a.run()V+60
j  ui.frmwork.cmd.a.hsT()Z+66
j  ui.frmwork.cmd.d.htb()V+42
j  ui.bm.actionPerformed(Ljava/awt/event/ActionEvent;)V+25
j  javax.swing.AbstractButton.fireActionPerformed(Ljava/awt/event/ActionEvent;)V+83 java.desktop@11.0.2
j  ui.utils.swing.b.E.fireActionPerformed(Ljava/awt/event/ActionEvent;)V+7
j  javax.swing.AbstractButton$Handler.actionPerformed(Ljava/awt/event/ActionEvent;)V+5 java.desktop@11.0.2
j  javax.swing.DefaultButtonModel.fireActionPerformed(Ljava/awt/event/ActionEvent;)V+34 java.desktop@11.0.2
j  javax.swing.DefaultButtonModel.setPressed(Z)V+117 java.desktop@11.0.2
j  javax.swing.plaf.basic.BasicButtonListener.mouseReleased(Ljava/awt/event/MouseEvent;)V+35 java.desktop@11.0.2
j  com.jidesoft.plaf.basic.BasicJideButtonListener.mouseReleased(Ljava/awt/event/MouseEvent;)V+61
J 26448 c1 java.awt.AWTEventMulticaster.mouseReleased(Ljava/awt/event/MouseEvent;)V java.desktop@11.0.2 (27 bytes) @ 0x00000192a3572bac [0x00000192a3572980+0x000000000000022c]
J 26448 c1 java.awt.AWTEventMulticaster.mouseReleased(Ljava/awt/event/MouseEvent;)V java.desktop@11.0.2 (27 bytes) @ 0x00000192a3572bac [0x00000192a3572980+0x000000000000022c]
J 26448 c1 java.awt.AWTEventMulticaster.mouseReleased(Ljava/awt/event/MouseEvent;)V java.desktop@11.0.2 (27 bytes) @ 0x00000192a3572bac [0x00000192a3572980+0x000000000000022c]
J 26448 c1 java.awt.AWTEventMulticaster.mouseReleased(Ljava/awt/event/MouseEvent;)V java.desktop@11.0.2 (27 bytes) @ 0x00000192a3572bac [0x00000192a3572980+0x000000000000022c]
J 12501 c1 java.awt.Component.processMouseEvent(Ljava/awt/event/MouseEvent;)V java.desktop@11.0.2 (100 bytes) @ 0x00000192a12d0e3c [0x00000192a12d09c0+0x000000000000047c]
J 12500 c1 javax.swing.JComponent.processMouseEvent(Ljava/awt/event/MouseEvent;)V java.desktop@11.0.2 (27 bytes) @ 0x00000192a10f8974 [0x00000192a10f8760+0x0000000000000214]
J 26315 c2 java.awt.Container.processEvent(Ljava/awt/AWTEvent;)V java.desktop@11.0.2 (22 bytes) @ 0x00000192a9551740 [0x00000192a9551620+0x0000000000000120]
J 26659 c2 java.awt.Component.dispatchEventImpl(Ljava/awt/AWTEvent;)V java.desktop@11.0.2 (777 bytes) @ 0x00000192a95fd8c0 [0x00000192a95fcee0+0x00000000000009e0]
J 24827 c2 java.awt.Container.dispatchEventImpl(Ljava/awt/AWTEvent;)V java.desktop@11.0.2 (129 bytes) @ 0x00000192a8c8b1dc [0x00000192a8c8b180+0x000000000000005c]
J 24604 c2 java.awt.LightweightDispatcher.retargetMouseEvent(Ljava/awt/Component;ILjava/awt/event/MouseEvent;)V java.desktop@11.0.2 (372 bytes) @ 0x00000192a87b80d8 [0x00000192a87b7b40+0x0000000000000598]
J 24827 c2 java.awt.Container.dispatchEventImpl(Ljava/awt/AWTEvent;)V java.desktop@11.0.2 (129 bytes) @ 0x00000192a8c8bc68 [0x00000192a8c8b180+0x0000000000000ae8]
J 26245 c2 java.awt.Window.dispatchEventImpl(Ljava/awt/AWTEvent;)V java.desktop@11.0.2 (23 bytes) @ 0x00000192a950df0c [0x00000192a950dec0+0x000000000000004c]
J 11869 c2 java.awt.EventQueue$4.run()Ljava/lang/Object; java.desktop@11.0.2 (5 bytes) @ 0x00000192a7dfd230 [0x00000192a7dfd0e0+0x0000000000000150]
v  ~StubRoutines::call_stub
J 4728  java.security.AccessController.doPrivileged(Ljava/security/PrivilegedAction;Ljava/security/AccessControlContext;)Ljava/lang/Object; java.base@11.0.2 (0 bytes) @ 0x00000192a7f70536 [0x00000192a7f704c0+0x0000000000000076]
J 17021 c2 java.awt.EventQueue$5.run()Ljava/lang/Object; java.desktop@11.0.2 (5 bytes) @ 0x00000192a8328074 [0x00000192a8327e00+0x0000000000000274]
v  ~StubRoutines::call_stub
J 4728  java.security.AccessController.doPrivileged(Ljava/security/PrivilegedAction;Ljava/security/AccessControlContext;)Ljava/lang/Object; java.base@11.0.2 (0 bytes) @ 0x00000192a7f70536 [0x00000192a7f704c0+0x0000000000000076]
J 11868 c2 java.awt.EventQueue.dispatchEvent(Ljava/awt/AWTEvent;)V java.desktop@11.0.2 (80 bytes) @ 0x00000192a7dfdbe8 [0x00000192a7dfd840+0x00000000000003a8]
J 24335 c2 java.awt.EventDispatchThread.pumpOneEventForFilters(I)V java.desktop@11.0.2 (113 bytes) @ 0x00000192a93af254 [0x00000192a93af040+0x0000000000000214]
J 21869% c2 java.awt.EventDispatchThread.pumpEventsForFilter(ILjava/awt/Conditional;Ljava/awt/EventFilter;)V java.desktop@11.0.2 (47 bytes) @ 0x00000192a8eb97c0 [0x00000192a8eb96c0+0x0000000000000100]
j  java.awt.EventDispatchThread.pumpEventsForHierarchy(ILjava/awt/Conditional;Ljava/awt/Component;)V+11 java.desktop@11.0.2
j  java.awt.EventDispatchThread.pumpEvents(ILjava/awt/Conditional;)V+4 java.desktop@11.0.2
j  java.awt.EventDispatchThread.pumpEvents(Ljava/awt/Conditional;)V+3 java.desktop@11.0.2
j  java.awt.EventDispatchThread.run()V+9 java.desktop@11.0.2
v  ~StubRoutines::call_stub

siginfo: EXCEPTION_ACCESS_VIOLATION (0xc0000005), data execution prevention violation at address 0x00007ffe548c9670


Register to memory mapping:

RIP=0x00007ffe548c9670 points into unknown readable memory: 01 00 00 00 00 00 00 00
RAX=0x00007ffe54870720 points into unknown readable memory: 00 88 4d 54 fe 7f 00 00
RBX=0x0000000000000001 is an unknown value
RCX=0x00000192bbd56930 points into unknown readable memory: 20 07 87 54 fe 7f 00 00
RDX=0x00000192b0df82b0 points into unknown readable memory: d8 84 2f 4c fe 7f 00 00
RSP=0x0000004a4f4f3c78 is pointing into the stack for thread: 0x000001929ce9b800
RBP=0x0000004a4f4f3e70 is pointing into the stack for thread: 0x000001929ce9b800
RSI=0x00000192c1cf98e0 points into unknown readable memory: 30 07 87 54 fe 7f 00 00
RDI=0x00000192bbd56930 points into unknown readable memory: 20 07 87 54 fe 7f 00 00
R8 =0x0000004a4f4f3e60 is pointing into the stack for thread: 0x000001929ce9b800
R9 =0x0000004a4f4f3ea0 is pointing into the stack for thread: 0x000001929ce9b800
R10=0x0 is NULL
R11=0x00000192ba492e30 points into unknown readable memory: e0 98 cf c1 92 01 00 00
R12=0x0000004a4f4f3e60 is pointing into the stack for thread: 0x000001929ce9b800
R13=0x0000004a4f4f3ea0 is pointing into the stack for thread: 0x000001929ce9b800
R14=0x0000004a4f4f3f78 is pointing into the stack for thread: 0x000001929ce9b800
R15=0x00000192b0df82b0 points into unknown readable memory: d8 84 2f 4c fe 7f 00 00


Registers:
RAX=0x00007ffe54870720, RBX=0x0000000000000001, RCX=0x00000192bbd56930, RDX=0x00000192b0df82b0
RSP=0x0000004a4f4f3c78, RBP=0x0000004a4f4f3e70, RSI=0x00000192c1cf98e0, RDI=0x00000192bbd56930
R8 =0x0000004a4f4f3e60, R9 =0x0000004a4f4f3ea0, R10=0x0000000000000000, R11=0x00000192ba492e30
R12=0x0000004a4f4f3e60, R13=0x0000004a4f4f3ea0, R14=0x0000004a4f4f3f78, R15=0x00000192b0df82b0
RIP=0x00007ffe548c9670, EFLAGS=0x0000000000010202

Top of Stack: (sp=0x0000004a4f4f3c78)
0x0000004a4f4f3c78:   00007ffe545a0855 0000000000000008
0x0000004a4f4f3c88:   00007fff4fecf2a4 00000192db330000
0x0000004a4f4f3c98:   0000000700000000 fffffffffffffffe
0x0000004a4f4f3ca8:   0000019200000000 0000000000000000
0x0000004a4f4f3cb8:   00000192a9655ce0 00000008000064a0
0x0000004a4f4f3cc8:   00000007403ba250 0000019295dd0788
0x0000004a4f4f3cd8:   0000000000000000 0000000000000008
0x0000004a4f4f3ce8:   0000000000000008 0000000000000000
0x0000004a4f4f3cf8:   0000000000000001 0000004a4f4f3fa8
0x0000004a4f4f3d08:   00000192db460000 0000a1dd4ea04f3e
0x0000004a4f4f3d18:   00007fff4fecf164 0000019200000002
0x0000004a4f4f3d28:   0000000000000000 0000004a4f4f3f78
0x0000004a4f4f3d38:   00000192b96db018 00000192bbd56930
0x0000004a4f4f3d48:   00000192b0df82b0 00000192c1cf98e0
0x0000004a4f4f3d58:   0000004a4f4f3e70 0000000000000001
0x0000004a4f4f3d68:   00007ffe545983a6 00000192db330000 

Instructions: (pc=0x00007ffe548c9670)
0x00007ffe548c9650:   00 00 00 00 ff ff ff ff 00 00 00 00 40 00 00 00
0x00007ffe548c9660:   20 96 43 00 00 00 00 00 00 00 00 00 00 00 00 00
0x00007ffe548c9670:   01 00 00 00 00 00 00 00 00 00 00 00 a0 19 57 00
0x00007ffe548c9680:   98 96 43 00 70 96 43 00 00 00 00 00 00 00 00 00 


Stack slot to memory mapping:
stack at sp + 0 slots: 0x00007ffe545a0855 points into unknown readable memory: 8b f0 83
stack at sp + 1 slots: 0x0000000000000008 is an unknown value
stack at sp + 2 slots: 0x00007fff4fecf2a4 ntdll.dll
stack at sp + 3 slots: 0x00000192db330000 points into unknown readable memory: 00 00 00 00 00 00 00 00
stack at sp + 4 slots: 0x0000000700000000 is an unknown value
stack at sp + 5 slots: 0xfffffffffffffffe is an unknown value
stack at sp + 6 slots: 0x0000019200000000 is an unknown value
stack at sp + 7 slots: 0x0 is NULL


---------------  P R O C E S S  ---------------

Threads class SMR info:
_java_thread_list=0x00000192bf3314b0, length=46, elements={
0x000001929b54e000, 0x000001929b52f800, 0x000001929e47c800, 0x000001928504b000,
0x000001929f1b7800, 0x000001929f1b8000, 0x00000192faeb6800, 0x00000192faeb7000,
0x0000019285962000, 0x00000192859b9800, 0x0000019296c6f800, 0x0000019296c70000,
0x0000019285b2d000, 0x0000019296c48000, 0x000001929ce9b800, 0x000001929ccd8000,
0x000001929ccd9000, 0x000001929d48b800, 0x000001929abce800, 0x000001929abcc800,
0x000001929abd0000, 0x000001929abd1000, 0x000001929abca800, 0x00000192b066c800,
0x00000192b066d800, 0x00000192b066b000, 0x00000192b066e000, 0x00000192b0671800,
0x00000192ba972000, 0x00000192ba971000, 0x00000192b066b800, 0x00000192b066f000,
0x00000192ba970800, 0x00000192ba974800, 0x00000192ba975000, 0x00000192b066f800,
0x00000192ba96f800, 0x00000192ba973800, 0x00000192bbec2800, 0x00000192bbec4000,
0x00000192bbec3800, 0x00000192bbec6800, 0x00000192bbec6000, 0x00000192bbeca000,
0x00000192bbecc800, 0x00000192bbec7800
}

Java Threads: ( => current thread )
  0x000001929b54e000 JavaThread "main" [_thread_blocked, id=18664, stack(0x0000004a4a300000,0x0000004a4a400000)]
  0x000001929b52f800 JavaThread "Reference Handler" daemon [_thread_blocked, id=8940, stack(0x0000004a4aa00000,0x0000004a4af00000)]
  0x000001929e47c800 JavaThread "Finalizer" daemon [_thread_blocked, id=14660, stack(0x0000004a4af00000,0x0000004a4b400000)]
  0x000001928504b000 JavaThread "Signal Dispatcher" daemon [_thread_blocked, id=6104, stack(0x0000004a4b400000,0x0000004a4b900000)]
  0x000001929f1b7800 JavaThread "Attach Listener" daemon [_thread_blocked, id=9380, stack(0x0000004a4b900000,0x0000004a4be00000)]
  0x000001929f1b8000 JavaThread "C2 CompilerThread0" daemon [_thread_blocked, id=14424, stack(0x0000004a4be00000,0x0000004a4bf00000)]
  0x00000192faeb6800 JavaThread "C1 CompilerThread0" daemon [_thread_blocked, id=18628, stack(0x0000004a4bf00000,0x0000004a4c000000)]
  0x00000192faeb7000 JavaThread "Sweeper thread" daemon [_thread_blocked, id=11720, stack(0x0000004a4c000000,0x0000004a4c500000)]
  0x0000019285962000 JavaThread "Common-Cleaner" daemon [_thread_blocked, id=6748, stack(0x0000004a4c900000,0x0000004a4ce00000)]
  0x00000192859b9800 JavaThread "Service Thread" daemon [_thread_blocked, id=7980, stack(0x0000004a4ce00000,0x0000004a4d300000)]
  0x0000019296c6f800 JavaThread "Java2D Disposer" daemon [_thread_blocked, id=18588, stack(0x0000004a4d400000,0x0000004a4d900000)]
  0x0000019296c70000 JavaThread "AWT-Shutdown" [_thread_blocked, id=6428, stack(0x0000004a4d900000,0x0000004a4de00000)]
  0x0000019285b2d000 JavaThread "AWT-Windows" daemon [_thread_in_native, id=12360, stack(0x0000004a4de00000,0x0000004a4e300000)]
  0x0000019296c48000 JavaThread "TimerQueue" daemon [_thread_blocked, id=8380, stack(0x0000004a4e300000,0x0000004a4e800000)]
=>0x000001929ce9b800 JavaThread "AWT-EventQueue-0" [_thread_in_native, id=9312, stack(0x0000004a4f000000,0x0000004a4f500000)]
  0x000001929ccd8000 JavaThread "Thread-1" [_thread_in_native, id=8068, stack(0x0000004a48d00000,0x0000004a4a100000)]
  0x000001929ccd9000 JavaThread "Process Messages Thread" [_thread_blocked, id=16276, stack(0x0000004a4fa00000,0x0000004a4ff00000)]
  0x000001929d48b800 JavaThread "Batik CleanerThread" daemon [_thread_blocked, id=7108, stack(0x0000004a4f500000,0x0000004a4fa00000)]
  0x000001929abce800 JavaThread "SyntheticaCleanerThread" daemon [_thread_blocked, id=12092, stack(0x0000004a51500000,0x0000004a51a00000)]
  0x000001929abcc800 JavaThread "Monitor HEventQueue Thread" [_thread_blocked, id=7844, stack(0x0000004a51b00000,0x0000004a52000000)]
  0x000001929abd0000 JavaThread "SyntheticaAnimation 50" daemon [_thread_blocked, id=2304, stack(0x0000004a52000000,0x0000004a52500000)]
  0x000001929abd1000 JavaThread "SyntheticaAnimation 25" daemon [_thread_blocked, id=6932, stack(0x0000004a52600000,0x0000004a52b00000)]
  0x000001929abca800 JavaThread "SyntheticaAnimation 50" daemon [_thread_blocked, id=17456, stack(0x0000004a4e800000,0x0000004a4ed00000)]
  0x00000192b066c800 JavaThread "SyntheticaAnimation 70" daemon [_thread_blocked, id=3816, stack(0x0000004a50d00000,0x0000004a51200000)]
  0x00000192b066d800 JavaThread "Refresh Filesets Swing Worker Thread" [_thread_blocked, id=19148, stack(0x0000004a53000000,0x0000004a53500000)]
  0x00000192b066b000 JavaThread "hw_ila_monitor" [_thread_blocked, id=13972, stack(0x0000004a53500000,0x0000004a53a00000)]
  0x00000192b066e000 JavaThread "pool-1-thread-1" [_thread_blocked, id=8012, stack(0x0000004a54400000,0x0000004a54900000)]
  0x00000192b0671800 JavaThread "pool-2-thread-1" [_thread_blocked, id=16204, stack(0x0000004a54900000,0x0000004a54e00000)]
  0x00000192ba972000 JavaThread "pool-3-thread-1" [_thread_blocked, id=14908, stack(0x0000004a54e00000,0x0000004a55300000)]
  0x00000192ba971000 JavaThread "Update Runs Swing Worker Thread" [_thread_blocked, id=1692, stack(0x0000004a55300000,0x0000004a55800000)]
  0x00000192b066b800 JavaThread "Thread-811" [_thread_in_native, id=11164, stack(0x0000004a4c500000,0x0000004a4c600000)]
  0x00000192b066f000 JavaThread "Thread-812" [_thread_in_native, id=8280, stack(0x0000004a48b00000,0x0000004a48c00000)]
  0x00000192ba970800 JavaThread "Thread-1582" [_thread_in_native, id=9656, stack(0x0000004a48900000,0x0000004a48a00000)]
  0x00000192ba974800 JavaThread "Thread-3055" [_thread_in_native, id=9332, stack(0x0000004a48900000,0x0000004a48a00000)]
  0x00000192ba975000 JavaThread "Thread-5539" [_thread_in_native, id=19332, stack(0x0000004a48900000,0x0000004a48a00000)]
  0x00000192b066f800 JavaThread "Thread-13499" [_thread_in_native, id=19612, stack(0x0000004a48900000,0x0000004a48a00000)]
  0x00000192ba96f800 JavaThread "Thread-14646" [_thread_in_native, id=14248, stack(0x0000004a48900000,0x0000004a48a00000)]
  0x00000192ba973800 JavaThread "Thread-14870" [_thread_in_native, id=2872, stack(0x0000004a48900000,0x0000004a48a00000)]
  0x00000192bbec2800 JavaThread "Thread-15808" [_thread_in_native, id=19632, stack(0x0000004a48900000,0x0000004a48a00000)]
  0x00000192bbec4000 JavaThread "Thread-16236" [_thread_in_native, id=20384, stack(0x0000004a48900000,0x0000004a48a00000)]
  0x00000192bbec3800 JavaThread "Timer-1" [_thread_blocked, id=17020, stack(0x0000004a53a00000,0x0000004a53f00000)]
  0x00000192bbec6800 JavaThread "Monitor File Timestamp Swing Worker Thread" [_thread_blocked, id=15456, stack(0x0000004a53f00000,0x0000004a54400000)]
  0x00000192bbec6000 JavaThread "Thread-17177" [_thread_in_native, id=5696, stack(0x0000004a4c500000,0x0000004a4c600000)]
  0x00000192bbeca000 JavaThread "Thread-17178" [_thread_in_native, id=19956, stack(0x0000004a48900000,0x0000004a48a00000)]
  0x00000192bbecc800 JavaThread "C1 CompilerThread1" daemon [_thread_blocked, id=14472, stack(0x0000004a4ee00000,0x0000004a4ef00000)]
  0x00000192bbec7800 JavaThread "Relaunch Simulation Thread" [_thread_blocked, id=8000, stack(0x0000004a52b00000,0x0000004a53000000)]

Other Threads:
  0x000001929facf800 VMThread "VM Thread" [stack: 0x0000004a4a900000,0x0000004a4aa00000] [id=5396]
  0x00000192859ba800 WatcherThread [stack: 0x0000004a4d300000,0x0000004a4d400000] [id=8064]
  0x0000019285220800 GCTaskThread "GC Thread#0" [stack: 0x0000004a4a400000,0x0000004a4a500000] [id=4268]
  0x0000019297565800 GCTaskThread "GC Thread#1" [stack: 0x0000004a4ff00000,0x0000004a50000000] [id=18904]
  0x0000019297295800 GCTaskThread "GC Thread#2" [stack: 0x0000004a50000000,0x0000004a50100000] [id=9084]
  0x000001929cf83800 GCTaskThread "GC Thread#3" [stack: 0x0000004a50100000,0x0000004a50200000] [id=7736]
  0x000001929cf84000 GCTaskThread "GC Thread#4" [stack: 0x0000004a50200000,0x0000004a50300000] [id=17960]
  0x000001929ce23800 GCTaskThread "GC Thread#5" [stack: 0x0000004a50300000,0x0000004a50400000] [id=4812]
  0x0000019285643800 GCTaskThread "GC Thread#6" [stack: 0x0000004a50400000,0x0000004a50500000] [id=9880]
  0x0000019285645000 GCTaskThread "GC Thread#7" [stack: 0x0000004a50500000,0x0000004a50600000] [id=524]
  0x00000192974f0000 GCTaskThread "GC Thread#8" [stack: 0x0000004a50600000,0x0000004a50700000] [id=11948]
  0x00000192974ef000 GCTaskThread "GC Thread#9" [stack: 0x0000004a50700000,0x0000004a50800000] [id=9420]
  0x00000192974ed800 GCTaskThread "GC Thread#10" [stack: 0x0000004a50800000,0x0000004a50900000] [id=18396]
  0x00000192974f2000 GCTaskThread "GC Thread#11" [stack: 0x0000004a50900000,0x0000004a50a00000] [id=896]
  0x00000192974e1800 GCTaskThread "GC Thread#12" [stack: 0x0000004a4ef00000,0x0000004a4f000000] [id=1896]
  0x000001929f18b800 ConcurrentGCThread "G1 Main Marker" [stack: 0x0000004a4a500000,0x0000004a4a600000] [id=14808]
  0x000001929ecce800 ConcurrentGCThread "G1 Conc#0" [stack: 0x0000004a4a600000,0x0000004a4a700000] [id=12172]
  0x00000192974f5800 ConcurrentGCThread "G1 Conc#1" [stack: 0x0000004a50a00000,0x0000004a50b00000] [id=5620]
  0x00000192974f2800 ConcurrentGCThread "G1 Conc#2" [stack: 0x0000004a50b00000,0x0000004a50c00000] [id=16988]
  0x000001929eccf800 ConcurrentGCThread "G1 Refine#0" [stack: 0x0000004a4a700000,0x0000004a4a800000] [id=12228]
  0x000001929d22c800 ConcurrentGCThread "G1 Refine#1" [stack: 0x0000004a51400000,0x0000004a51500000] [id=7060]
  0x0000019297170000 ConcurrentGCThread "G1 Refine#2" [stack: 0x0000004a52500000,0x0000004a52600000] [id=9532]
  0x00000192b0d9a800 ConcurrentGCThread "G1 Refine#3" [stack: 0x0000004a50c00000,0x0000004a50d00000] [id=15996]
  0x000001929ee31800 ConcurrentGCThread "G1 Young RemSet Sampling" [stack: 0x0000004a4a800000,0x0000004a4a900000] [id=9632]

Threads with active compile tasks:

VM state:not at safepoint (normal execution)

VM Mutex/Monitor currently owned by a thread: None

Heap address: 0x0000000740000000, size: 3072 MB, Compressed Oops mode: Zero based, Oop shift amount: 3
Narrow klass base: 0x0000000800000000, Narrow klass shift: 0
Compressed class space size: 1073741824 Address: 0x0000000800000000

Heap:
 garbage-first heap   total 210944K, used 148425K [0x0000000740000000, 0x0000000800000000)
  region size 1024K, 57 young (58368K), 1 survivors (1024K)
 Metaspace       used 97688K, capacity 99150K, committed 100304K, reserved 1136640K
  class space    used 13098K, capacity 13684K, committed 14208K, reserved 1048576K
Heap Regions: E=young(eden), S=young(survivor), O=old, HS=humongous(starts), HC=humongous(continues), CS=collection set, F=free, A=archive, TAMS=top-at-mark-start (previous, next)
|   0|0x0000000740000000, 0x0000000740100000, 0x0000000740100000|100%|HS|  |TAMS 0x0000000740000000, 0x0000000740000000| Untracked 
|   1|0x0000000740100000, 0x0000000740200000, 0x0000000740200000|100%|HC|  |TAMS 0x0000000740100000, 0x0000000740100000| Untracked 
|   2|0x0000000740200000, 0x0000000740300000, 0x0000000740300000|100%|HS|  |TAMS 0x0000000740200000, 0x0000000740200000| Untracked 
|   3|0x0000000740300000, 0x0000000740400000, 0x0000000740400000|100%| O|  |TAMS 0x0000000740300000, 0x0000000740300000| Untracked 
|   4|0x0000000740400000, 0x00000007404ffff0, 0x0000000740500000| 99%| O|  |TAMS 0x0000000740400000, 0x0000000740400000| Untracked 
|   5|0x0000000740500000, 0x00000007405ffff8, 0x0000000740600000| 99%| O|  |TAMS 0x0000000740500000, 0x0000000740500000| Untracked 
|   6|0x0000000740600000, 0x00000007406ffff8, 0x0000000740700000| 99%| O|  |TAMS 0x0000000740600000, 0x0000000740600000| Untracked 
|   7|0x0000000740700000, 0x0000000740800000, 0x0000000740800000|100%| O|  |TAMS 0x0000000740700000, 0x0000000740700000| Untracked 
|   8|0x0000000740800000, 0x0000000740900000, 0x0000000740900000|100%| O|  |TAMS 0x0000000740800000, 0x0000000740800000| Untracked 
|   9|0x0000000740900000, 0x00000007409ffff8, 0x0000000740a00000| 99%| O|  |TAMS 0x0000000740900000, 0x0000000740900000| Untracked 
|  10|0x0000000740a00000, 0x0000000740affff0, 0x0000000740b00000| 99%| O|  |TAMS 0x0000000740a00000, 0x0000000740a00000| Untracked 
|  11|0x0000000740b00000, 0x0000000740bffff8, 0x0000000740c00000| 99%| O|  |TAMS 0x0000000740b00000, 0x0000000740b00000| Untracked 
|  12|0x0000000740c00000, 0x0000000740cffff0, 0x0000000740d00000| 99%| O|  |TAMS 0x0000000740c00000, 0x0000000740c00000| Untracked 
|  13|0x0000000740d00000, 0x0000000740e00000, 0x0000000740e00000|100%| O|  |TAMS 0x0000000740d00000, 0x0000000740d00000| Untracked 
|  14|0x0000000740e00000, 0x0000000740effff0, 0x0000000740f00000| 99%| O|  |TAMS 0x0000000740e00000, 0x0000000740e00000| Untracked 
|  15|0x0000000740f00000, 0x0000000740fff4b8, 0x0000000741000000| 99%| O|  |TAMS 0x0000000740f00000, 0x0000000740f00000| Untracked 
|  16|0x0000000741000000, 0x00000007410ffff0, 0x0000000741100000| 99%| O|  |TAMS 0x0000000741000000, 0x0000000741000000| Untracked 
|  17|0x0000000741100000, 0x00000007411ffff8, 0x0000000741200000| 99%| O|  |TAMS 0x0000000741100000, 0x0000000741100000| Untracked 
|  18|0x0000000741200000, 0x00000007412ffff0, 0x0000000741300000| 99%| O|  |TAMS 0x0000000741200000, 0x0000000741200000| Untracked 
|  19|0x0000000741300000, 0x00000007413ffff8, 0x0000000741400000| 99%| O|  |TAMS 0x0000000741300000, 0x0000000741300000| Untracked 
|  20|0x0000000741400000, 0x0000000741500000, 0x0000000741500000|100%| O|  |TAMS 0x0000000741400000, 0x0000000741400000| Untracked 
|  21|0x0000000741500000, 0x0000000741600000, 0x0000000741600000|100%| O|  |TAMS 0x0000000741500000, 0x0000000741500000| Untracked 
|  22|0x0000000741600000, 0x00000007416ffff0, 0x0000000741700000| 99%| O|  |TAMS 0x0000000741600000, 0x0000000741600000| Untracked 
|  23|0x0000000741700000, 0x00000007417ffff8, 0x0000000741800000| 99%| O|  |TAMS 0x0000000741700000, 0x0000000741700000| Untracked 
|  24|0x0000000741800000, 0x0000000741900000, 0x0000000741900000|100%| O|  |TAMS 0x0000000741800000, 0x0000000741800000| Untracked 
|  25|0x0000000741900000, 0x00000007419ffff8, 0x0000000741a00000| 99%| O|  |TAMS 0x0000000741900000, 0x0000000741900000| Untracked 
|  26|0x0000000741a00000, 0x0000000741b00000, 0x0000000741b00000|100%| O|  |TAMS 0x0000000741a00000, 0x0000000741a00000| Untracked 
|  27|0x0000000741b00000, 0x0000000741c00000, 0x0000000741c00000|100%| O|  |TAMS 0x0000000741b00000, 0x0000000741b00000| Untracked 
|  28|0x0000000741c00000, 0x0000000741cffff0, 0x0000000741d00000| 99%| O|  |TAMS 0x0000000741c00000, 0x0000000741c00000| Untracked 
|  29|0x0000000741d00000, 0x0000000741dffff0, 0x0000000741e00000| 99%| O|  |TAMS 0x0000000741d00000, 0x0000000741d00000| Untracked 
|  30|0x0000000741e00000, 0x0000000741f00000, 0x0000000741f00000|100%| O|  |TAMS 0x0000000741e00000, 0x0000000741e00000| Untracked 
|  31|0x0000000741f00000, 0x0000000741fffff0, 0x0000000742000000| 99%| O|  |TAMS 0x0000000741f00000, 0x0000000741f00000| Untracked 
|  32|0x0000000742000000, 0x00000007420fffb8, 0x0000000742100000| 99%| O|  |TAMS 0x0000000742000000, 0x0000000742000000| Untracked 
|  33|0x0000000742100000, 0x00000007421fffd8, 0x0000000742200000| 99%| O|  |TAMS 0x0000000742100000, 0x0000000742100000| Untracked 
|  34|0x0000000742200000, 0x0000000742300000, 0x0000000742300000|100%| O|  |TAMS 0x0000000742200000, 0x0000000742200000| Untracked 
|  35|0x0000000742300000, 0x00000007423ffff0, 0x0000000742400000| 99%| O|  |TAMS 0x0000000742300000, 0x0000000742300000| Untracked 
|  36|0x0000000742400000, 0x00000007424ffff8, 0x0000000742500000| 99%| O|  |TAMS 0x0000000742400000, 0x0000000742400000| Untracked 
|  37|0x0000000742500000, 0x00000007425ffff0, 0x0000000742600000| 99%| O|  |TAMS 0x0000000742500000, 0x0000000742500000| Untracked 
|  38|0x0000000742600000, 0x00000007426ffff0, 0x0000000742700000| 99%| O|  |TAMS 0x0000000742600000, 0x0000000742600000| Untracked 
|  39|0x0000000742700000, 0x00000007427ffff0, 0x0000000742800000| 99%| O|  |TAMS 0x0000000742700000, 0x0000000742700000| Untracked 
|  40|0x0000000742800000, 0x0000000742900000, 0x0000000742900000|100%| O|  |TAMS 0x0000000742800000, 0x0000000742800000| Untracked 
|  41|0x0000000742900000, 0x00000007429fffe0, 0x0000000742a00000| 99%| O|  |TAMS 0x0000000742900000, 0x0000000742900000| Untracked 
|  42|0x0000000742a00000, 0x0000000742afffb8, 0x0000000742b00000| 99%| O|  |TAMS 0x0000000742a00000, 0x0000000742a00000| Untracked 
|  43|0x0000000742b00000, 0x0000000742bffff8, 0x0000000742c00000| 99%| O|  |TAMS 0x0000000742b00000, 0x0000000742b00000| Untracked 
|  44|0x0000000742c00000, 0x0000000742cffff0, 0x0000000742d00000| 99%| O|  |TAMS 0x0000000742c00000, 0x0000000742c00000| Untracked 
|  45|0x0000000742d00000, 0x0000000742dffff8, 0x0000000742e00000| 99%| O|  |TAMS 0x0000000742d00000, 0x0000000742d00000| Untracked 
|  46|0x0000000742e00000, 0x0000000742effff8, 0x0000000742f00000| 99%| O|  |TAMS 0x0000000742e00000, 0x0000000742e00000| Untracked 
|  47|0x0000000742f00000, 0x0000000742fffff8, 0x0000000743000000| 99%| O|  |TAMS 0x0000000742f00000, 0x0000000742f00000| Untracked 
|  48|0x0000000743000000, 0x0000000743100000, 0x0000000743100000|100%| O|  |TAMS 0x0000000743000000, 0x0000000743000000| Untracked 
|  49|0x0000000743100000, 0x00000007431fffe0, 0x0000000743200000| 99%| O|  |TAMS 0x0000000743100000, 0x0000000743100000| Untracked 
|  50|0x0000000743200000, 0x00000007432ffff0, 0x0000000743300000| 99%| O|  |TAMS 0x0000000743200000, 0x0000000743200000| Untracked 
|  51|0x0000000743300000, 0x00000007433ffff0, 0x0000000743400000| 99%| O|  |TAMS 0x0000000743300000, 0x0000000743300000| Untracked 
|  52|0x0000000743400000, 0x00000007434ffff8, 0x0000000743500000| 99%| O|  |TAMS 0x0000000743400000, 0x0000000743400000| Untracked 
|  53|0x0000000743500000, 0x00000007435ffff0, 0x0000000743600000| 99%| O|  |TAMS 0x0000000743500000, 0x0000000743500000| Untracked 
|  54|0x0000000743600000, 0x0000000743700000, 0x0000000743700000|100%| O|  |TAMS 0x0000000743600000, 0x0000000743600000| Untracked 
|  55|0x0000000743700000, 0x00000007437ffc10, 0x0000000743800000| 99%| O|  |TAMS 0x0000000743700000, 0x0000000743700000| Untracked 
|  56|0x0000000743800000, 0x00000007438ffff0, 0x0000000743900000| 99%| O|  |TAMS 0x0000000743800000, 0x0000000743800000| Untracked 
|  57|0x0000000743900000, 0x00000007439ffff8, 0x0000000743a00000| 99%| O|  |TAMS 0x0000000743900000, 0x0000000743900000| Untracked 
|  58|0x0000000743a00000, 0x0000000743afee58, 0x0000000743b00000| 99%| O|  |TAMS 0x0000000743a00000, 0x0000000743a00000| Untracked 
|  59|0x0000000743b00000, 0x0000000743bfff78, 0x0000000743c00000| 99%| O|  |TAMS 0x0000000743b00000, 0x0000000743b00000| Untracked 
|  60|0x0000000743c00000, 0x0000000743cfff90, 0x0000000743d00000| 99%| O|  |TAMS 0x0000000743c00000, 0x0000000743c00000| Untracked 
|  61|0x0000000743d00000, 0x0000000743dfff38, 0x0000000743e00000| 99%| O|  |TAMS 0x0000000743d00000, 0x0000000743d00000| Untracked 
|  62|0x0000000743e00000, 0x0000000743efffd0, 0x0000000743f00000| 99%| O|  |TAMS 0x0000000743e00000, 0x0000000743e00000| Untracked 
|  63|0x0000000743f00000, 0x0000000743ffffe8, 0x0000000744000000| 99%| O|  |TAMS 0x0000000743f00000, 0x0000000743f00000| Untracked 
|  64|0x0000000744000000, 0x00000007440fff78, 0x0000000744100000| 99%| O|  |TAMS 0x0000000744000000, 0x0000000744000000| Untracked 
|  65|0x0000000744100000, 0x00000007441ffff8, 0x0000000744200000| 99%| O|  |TAMS 0x0000000744100000, 0x0000000744100000| Untracked 
|  66|0x0000000744200000, 0x00000007442fff00, 0x0000000744300000| 99%| O|  |TAMS 0x0000000744200000, 0x0000000744200000| Untracked 
|  67|0x0000000744300000, 0x00000007443ca578, 0x0000000744400000| 79%| O|  |TAMS 0x0000000744300000, 0x0000000744300000| Untracked 
|  68|0x0000000744400000, 0x000000074449ffe0, 0x0000000744500000| 62%| O|  |TAMS 0x0000000744400000, 0x0000000744400000| Untracked 
|  69|0x0000000744500000, 0x00000007445c4fe8, 0x0000000744600000| 76%| O|  |TAMS 0x0000000744500000, 0x0000000744500000| Untracked 
|  70|0x0000000744600000, 0x00000007446ffff8, 0x0000000744700000| 99%| O|  |TAMS 0x0000000744600000, 0x0000000744600000| Untracked 
|  71|0x0000000744700000, 0x0000000744800000, 0x0000000744800000|100%|HS|  |TAMS 0x0000000744700000, 0x0000000744700000| Complete 
|  72|0x0000000744800000, 0x0000000744800000, 0x0000000744900000|  0%| F|  |TAMS 0x0000000744800000, 0x0000000744800000| Untracked 
|  73|0x0000000744900000, 0x0000000744900000, 0x0000000744a00000|  0%| F|  |TAMS 0x0000000744900000, 0x0000000744900000| Untracked 
|  74|0x0000000744a00000, 0x0000000744a156f8, 0x0000000744b00000|  8%| O|  |TAMS 0x0000000744a00000, 0x0000000744a00000| Untracked 
|  75|0x0000000744b00000, 0x0000000744b00000, 0x0000000744c00000|  0%| F|  |TAMS 0x0000000744b00000, 0x0000000744b00000| Untracked 
|  76|0x0000000744c00000, 0x0000000744c00000, 0x0000000744d00000|  0%| F|  |TAMS 0x0000000744c00000, 0x0000000744c00000| Untracked 
|  77|0x0000000744d00000, 0x0000000744e00000, 0x0000000744e00000|100%|HS|  |TAMS 0x0000000744d00000, 0x0000000744d00000| Untracked 
|  78|0x0000000744e00000, 0x0000000744e00000, 0x0000000744f00000|  0%| F|  |TAMS 0x0000000744e00000, 0x0000000744e00000| Untracked 
|  79|0x0000000744f00000, 0x0000000744f00000, 0x0000000745000000|  0%| F|  |TAMS 0x0000000744f00000, 0x0000000744f00000| Untracked 
|  80|0x0000000745000000, 0x0000000745000000, 0x0000000745100000|  0%| F|  |TAMS 0x0000000745000000, 0x0000000745000000| Untracked 
|  81|0x0000000745100000, 0x0000000745100000, 0x0000000745200000|  0%| F|  |TAMS 0x0000000745100000, 0x0000000745100000| Untracked 
|  82|0x0000000745200000, 0x0000000745200000, 0x0000000745300000|  0%| F|  |TAMS 0x0000000745200000, 0x0000000745200000| Untracked 
|  83|0x0000000745300000, 0x0000000745300000, 0x0000000745400000|  0%| F|  |TAMS 0x0000000745300000, 0x0000000745300000| Untracked 
|  84|0x0000000745400000, 0x0000000745400000, 0x0000000745500000|  0%| F|  |TAMS 0x0000000745400000, 0x0000000745400000| Untracked 
|  85|0x0000000745500000, 0x0000000745500000, 0x0000000745600000|  0%| F|  |TAMS 0x0000000745500000, 0x0000000745500000| Untracked 
|  86|0x0000000745600000, 0x0000000745600000, 0x0000000745700000|  0%| F|  |TAMS 0x0000000745600000, 0x0000000745600000| Untracked 
|  87|0x0000000745700000, 0x0000000745700000, 0x0000000745800000|  0%| F|  |TAMS 0x0000000745700000, 0x0000000745700000| Untracked 
|  88|0x0000000745800000, 0x0000000745900000, 0x0000000745900000|100%|HS|  |TAMS 0x0000000745800000, 0x0000000745800000| Untracked 
|  89|0x0000000745900000, 0x0000000745a00000, 0x0000000745a00000|100%|HC|  |TAMS 0x0000000745900000, 0x0000000745900000| Untracked 
|  90|0x0000000745a00000, 0x0000000745b00000, 0x0000000745b00000|100%|HC|  |TAMS 0x0000000745a00000, 0x0000000745a00000| Untracked 
|  91|0x0000000745b00000, 0x0000000745c00000, 0x0000000745c00000|100%|HC|  |TAMS 0x0000000745b00000, 0x0000000745b00000| Untracked 
|  92|0x0000000745c00000, 0x0000000745d00000, 0x0000000745d00000|100%|HC|  |TAMS 0x0000000745c00000, 0x0000000745c00000| Untracked 
|  93|0x0000000745d00000, 0x0000000745e00000, 0x0000000745e00000|100%|HC|  |TAMS 0x0000000745d00000, 0x0000000745d00000| Untracked 
|  94|0x0000000745e00000, 0x0000000745f00000, 0x0000000745f00000|100%|HC|  |TAMS 0x0000000745e00000, 0x0000000745e00000| Untracked 
|  95|0x0000000745f00000, 0x0000000746000000, 0x0000000746000000|100%|HC|  |TAMS 0x0000000745f00000, 0x0000000745f00000| Untracked 
|  96|0x0000000746000000, 0x0000000746100000, 0x0000000746100000|100%|HC|  |TAMS 0x0000000746000000, 0x0000000746000000| Untracked 
|  97|0x0000000746100000, 0x0000000746200000, 0x0000000746200000|100%|HC|  |TAMS 0x0000000746100000, 0x0000000746100000| Untracked 
|  98|0x0000000746200000, 0x0000000746300000, 0x0000000746300000|100%|HC|  |TAMS 0x0000000746200000, 0x0000000746200000| Untracked 
|  99|0x0000000746300000, 0x0000000746400000, 0x0000000746400000|100%|HC|  |TAMS 0x0000000746300000, 0x0000000746300000| Untracked 
| 100|0x0000000746400000, 0x0000000746500000, 0x0000000746500000|100%|HC|  |TAMS 0x0000000746400000, 0x0000000746400000| Untracked 
| 101|0x0000000746500000, 0x0000000746600000, 0x0000000746600000|100%|HC|  |TAMS 0x0000000746500000, 0x0000000746500000| Untracked 
| 102|0x0000000746600000, 0x00000007466b1dd8, 0x0000000746700000| 69%| O|  |TAMS 0x0000000746600000, 0x0000000746600000| Untracked 
| 103|0x0000000746700000, 0x00000007467ae828, 0x0000000746800000| 68%| O|  |TAMS 0x0000000746700000, 0x0000000746700000| Untracked 
| 104|0x0000000746800000, 0x0000000746800000, 0x0000000746900000|  0%| F|  |TAMS 0x0000000746800000, 0x0000000746800000| Untracked 
| 105|0x0000000746900000, 0x0000000746900000, 0x0000000746a00000|  0%| F|  |TAMS 0x0000000746900000, 0x0000000746900000| Untracked 
| 106|0x0000000746a00000, 0x0000000746a00000, 0x0000000746b00000|  0%| F|  |TAMS 0x0000000746a00000, 0x0000000746a00000| Untracked 
| 107|0x0000000746b00000, 0x0000000746b00000, 0x0000000746c00000|  0%| F|  |TAMS 0x0000000746b00000, 0x0000000746b00000| Untracked 
| 108|0x0000000746c00000, 0x0000000746c00000, 0x0000000746d00000|  0%| F|  |TAMS 0x0000000746c00000, 0x0000000746c00000| Untracked 
| 109|0x0000000746d00000, 0x0000000746d00000, 0x0000000746e00000|  0%| F|  |TAMS 0x0000000746d00000, 0x0000000746d00000| Untracked 
| 110|0x0000000746e00000, 0x0000000746e00000, 0x0000000746f00000|  0%| F|  |TAMS 0x0000000746e00000, 0x0000000746e00000| Untracked 
| 111|0x0000000746f00000, 0x0000000746f00000, 0x0000000747000000|  0%| F|  |TAMS 0x0000000746f00000, 0x0000000746f00000| Untracked 
| 112|0x0000000747000000, 0x0000000747000000, 0x0000000747100000|  0%| F|  |TAMS 0x0000000747000000, 0x0000000747000000| Untracked 
| 113|0x0000000747100000, 0x0000000747100000, 0x0000000747200000|  0%| F|  |TAMS 0x0000000747100000, 0x0000000747100000| Untracked 
| 114|0x0000000747200000, 0x0000000747200000, 0x0000000747300000|  0%| F|  |TAMS 0x0000000747200000, 0x0000000747200000| Untracked 
| 115|0x0000000747300000, 0x0000000747300000, 0x0000000747400000|  0%| F|  |TAMS 0x0000000747300000, 0x0000000747300000| Untracked 
| 116|0x0000000747400000, 0x0000000747400000, 0x0000000747500000|  0%| F|  |TAMS 0x0000000747400000, 0x0000000747400000| Untracked 
| 117|0x0000000747500000, 0x0000000747500000, 0x0000000747600000|  0%| F|  |TAMS 0x0000000747500000, 0x0000000747500000| Untracked 
| 118|0x0000000747600000, 0x0000000747600000, 0x0000000747700000|  0%| F|  |TAMS 0x0000000747600000, 0x0000000747600000| Untracked 
| 119|0x0000000747700000, 0x0000000747700000, 0x0000000747800000|  0%| F|  |TAMS 0x0000000747700000, 0x0000000747700000| Untracked 
| 120|0x0000000747800000, 0x0000000747800000, 0x0000000747900000|  0%| F|  |TAMS 0x0000000747800000, 0x0000000747800000| Untracked 
| 121|0x0000000747900000, 0x0000000747900000, 0x0000000747a00000|  0%| F|  |TAMS 0x0000000747900000, 0x0000000747900000| Untracked 
| 122|0x0000000747a00000, 0x0000000747a00000, 0x0000000747b00000|  0%| F|  |TAMS 0x0000000747a00000, 0x0000000747a00000| Untracked 
| 123|0x0000000747b00000, 0x0000000747b00000, 0x0000000747c00000|  0%| F|  |TAMS 0x0000000747b00000, 0x0000000747b00000| Untracked 
| 124|0x0000000747c00000, 0x0000000747c00000, 0x0000000747d00000|  0%| F|  |TAMS 0x0000000747c00000, 0x0000000747c00000| Untracked 
| 125|0x0000000747d00000, 0x0000000747d00000, 0x0000000747e00000|  0%| F|  |TAMS 0x0000000747d00000, 0x0000000747d00000| Untracked 
| 126|0x0000000747e00000, 0x0000000747e00000, 0x0000000747f00000|  0%| F|  |TAMS 0x0000000747e00000, 0x0000000747e00000| Untracked 
| 127|0x0000000747f00000, 0x0000000747f00000, 0x0000000748000000|  0%| F|  |TAMS 0x0000000747f00000, 0x0000000747f00000| Untracked 
| 128|0x0000000748000000, 0x0000000748000000, 0x0000000748100000|  0%| F|  |TAMS 0x0000000748000000, 0x0000000748000000| Untracked 
| 129|0x0000000748100000, 0x0000000748100000, 0x0000000748200000|  0%| F|  |TAMS 0x0000000748100000, 0x0000000748100000| Untracked 
| 130|0x0000000748200000, 0x0000000748200000, 0x0000000748300000|  0%| F|  |TAMS 0x0000000748200000, 0x0000000748200000| Untracked 
| 131|0x0000000748300000, 0x0000000748300000, 0x0000000748400000|  0%| F|  |TAMS 0x0000000748300000, 0x0000000748300000| Untracked 
| 132|0x0000000748400000, 0x0000000748400000, 0x0000000748500000|  0%| F|  |TAMS 0x0000000748400000, 0x0000000748400000| Untracked 
| 133|0x0000000748500000, 0x0000000748500000, 0x0000000748600000|  0%| F|  |TAMS 0x0000000748500000, 0x0000000748500000| Untracked 
| 134|0x0000000748600000, 0x0000000748600000, 0x0000000748700000|  0%| F|  |TAMS 0x0000000748600000, 0x0000000748600000| Untracked 
| 135|0x0000000748700000, 0x0000000748700000, 0x0000000748800000|  0%| F|  |TAMS 0x0000000748700000, 0x0000000748700000| Untracked 
| 136|0x0000000748800000, 0x0000000748800000, 0x0000000748900000|  0%| F|  |TAMS 0x0000000748800000, 0x0000000748800000| Untracked 
| 137|0x0000000748900000, 0x0000000748900000, 0x0000000748a00000|  0%| F|  |TAMS 0x0000000748900000, 0x0000000748900000| Untracked 
| 138|0x0000000748a00000, 0x0000000748a00000, 0x0000000748b00000|  0%| F|  |TAMS 0x0000000748a00000, 0x0000000748a00000| Untracked 
| 139|0x0000000748b00000, 0x0000000748b00000, 0x0000000748c00000|  0%| F|  |TAMS 0x0000000748b00000, 0x0000000748b00000| Untracked 
| 140|0x0000000748c00000, 0x0000000748c00000, 0x0000000748d00000|  0%| F|  |TAMS 0x0000000748c00000, 0x0000000748c00000| Untracked 
| 141|0x0000000748d00000, 0x0000000748d00000, 0x0000000748e00000|  0%| F|  |TAMS 0x0000000748d00000, 0x0000000748d00000| Untracked 
| 142|0x0000000748e00000, 0x0000000748e00000, 0x0000000748f00000|  0%| F|  |TAMS 0x0000000748e00000, 0x0000000748e00000| Untracked 
| 143|0x0000000748f00000, 0x0000000748fe0310, 0x0000000749000000| 87%| S|CS|TAMS 0x0000000748f00000, 0x0000000748f00000| Complete 
| 144|0x0000000749000000, 0x0000000749000000, 0x0000000749100000|  0%| F|  |TAMS 0x0000000749000000, 0x0000000749000000| Untracked 
| 145|0x0000000749100000, 0x0000000749100000, 0x0000000749200000|  0%| F|  |TAMS 0x0000000749100000, 0x0000000749100000| Untracked 
| 146|0x0000000749200000, 0x0000000749200000, 0x0000000749300000|  0%| F|  |TAMS 0x0000000749200000, 0x0000000749200000| Untracked 
| 147|0x0000000749300000, 0x0000000749300000, 0x0000000749400000|  0%| F|  |TAMS 0x0000000749300000, 0x0000000749300000| Untracked 
| 148|0x0000000749400000, 0x0000000749446830, 0x0000000749500000| 27%| E|  |TAMS 0x0000000749400000, 0x0000000749400000| Complete 
| 149|0x0000000749500000, 0x0000000749600000, 0x0000000749600000|100%| E|CS|TAMS 0x0000000749500000, 0x0000000749500000| Complete 
| 150|0x0000000749600000, 0x0000000749700000, 0x0000000749700000|100%| E|CS|TAMS 0x0000000749600000, 0x0000000749600000| Complete 
| 151|0x0000000749700000, 0x0000000749800000, 0x0000000749800000|100%| E|CS|TAMS 0x0000000749700000, 0x0000000749700000| Complete 
| 152|0x0000000749800000, 0x0000000749900000, 0x0000000749900000|100%| E|CS|TAMS 0x0000000749800000, 0x0000000749800000| Complete 
| 153|0x0000000749900000, 0x0000000749a00000, 0x0000000749a00000|100%| E|CS|TAMS 0x0000000749900000, 0x0000000749900000| Complete 
| 154|0x0000000749a00000, 0x0000000749b00000, 0x0000000749b00000|100%| E|CS|TAMS 0x0000000749a00000, 0x0000000749a00000| Complete 
| 155|0x0000000749b00000, 0x0000000749c00000, 0x0000000749c00000|100%| E|CS|TAMS 0x0000000749b00000, 0x0000000749b00000| Complete 
| 156|0x0000000749c00000, 0x0000000749c7c650, 0x0000000749d00000| 48%| O|  |TAMS 0x0000000749c00000, 0x0000000749c00000| Untracked 
| 157|0x0000000749d00000, 0x0000000749e00000, 0x0000000749e00000|100%| E|CS|TAMS 0x0000000749d00000, 0x0000000749d00000| Complete 
| 158|0x0000000749e00000, 0x0000000749f00000, 0x0000000749f00000|100%| E|CS|TAMS 0x0000000749e00000, 0x0000000749e00000| Complete 
| 159|0x0000000749f00000, 0x000000074a000000, 0x000000074a000000|100%| E|CS|TAMS 0x0000000749f00000, 0x0000000749f00000| Complete 
| 160|0x000000074a000000, 0x000000074a100000, 0x000000074a100000|100%| E|CS|TAMS 0x000000074a000000, 0x000000074a000000| Complete 
| 161|0x000000074a100000, 0x000000074a200000, 0x000000074a200000|100%| E|CS|TAMS 0x000000074a100000, 0x000000074a100000| Complete 
| 162|0x000000074a200000, 0x000000074a300000, 0x000000074a300000|100%| E|CS|TAMS 0x000000074a200000, 0x000000074a200000| Complete 
| 163|0x000000074a300000, 0x000000074a400000, 0x000000074a400000|100%| E|CS|TAMS 0x000000074a300000, 0x000000074a300000| Complete 
| 164|0x000000074a400000, 0x000000074a500000, 0x000000074a500000|100%| E|CS|TAMS 0x000000074a400000, 0x000000074a400000| Complete 
| 165|0x000000074a500000, 0x000000074a600000, 0x000000074a600000|100%| E|CS|TAMS 0x000000074a500000, 0x000000074a500000| Complete 
| 166|0x000000074a600000, 0x000000074a700000, 0x000000074a700000|100%| E|CS|TAMS 0x000000074a600000, 0x000000074a600000| Complete 
| 167|0x000000074a700000, 0x000000074a800000, 0x000000074a800000|100%| E|CS|TAMS 0x000000074a700000, 0x000000074a700000| Complete 
| 168|0x000000074a800000, 0x000000074a900000, 0x000000074a900000|100%| E|CS|TAMS 0x000000074a800000, 0x000000074a800000| Complete 
| 169|0x000000074a900000, 0x000000074aa00000, 0x000000074aa00000|100%| E|CS|TAMS 0x000000074a900000, 0x000000074a900000| Complete 
| 170|0x000000074aa00000, 0x000000074ab00000, 0x000000074ab00000|100%| E|CS|TAMS 0x000000074aa00000, 0x000000074aa00000| Complete 
| 171|0x000000074ab00000, 0x000000074ac00000, 0x000000074ac00000|100%| E|CS|TAMS 0x000000074ab00000, 0x000000074ab00000| Complete 
| 172|0x000000074ac00000, 0x000000074ad00000, 0x000000074ad00000|100%| E|CS|TAMS 0x000000074ac00000, 0x000000074ac00000| Complete 
| 173|0x000000074ad00000, 0x000000074ae00000, 0x000000074ae00000|100%| E|CS|TAMS 0x000000074ad00000, 0x000000074ad00000| Complete 
| 174|0x000000074ae00000, 0x000000074af00000, 0x000000074af00000|100%| E|CS|TAMS 0x000000074ae00000, 0x000000074ae00000| Complete 
| 175|0x000000074af00000, 0x000000074b000000, 0x000000074b000000|100%| E|CS|TAMS 0x000000074af00000, 0x000000074af00000| Complete 
| 176|0x000000074b000000, 0x000000074b0f31f0, 0x000000074b100000| 94%| O|  |TAMS 0x000000074b000000, 0x000000074b000000| Untracked 
| 177|0x000000074b100000, 0x000000074b200000, 0x000000074b200000|100%| E|CS|TAMS 0x000000074b100000, 0x000000074b100000| Complete 
| 178|0x000000074b200000, 0x000000074b300000, 0x000000074b300000|100%| E|CS|TAMS 0x000000074b200000, 0x000000074b200000| Complete 
| 179|0x000000074b300000, 0x000000074b400000, 0x000000074b400000|100%| E|CS|TAMS 0x000000074b300000, 0x000000074b300000| Complete 
| 180|0x000000074b400000, 0x000000074b500000, 0x000000074b500000|100%| E|CS|TAMS 0x000000074b400000, 0x000000074b400000| Complete 
| 181|0x000000074b500000, 0x000000074b600000, 0x000000074b600000|100%| E|CS|TAMS 0x000000074b500000, 0x000000074b500000| Complete 
| 182|0x000000074b600000, 0x000000074b700000, 0x000000074b700000|100%| E|CS|TAMS 0x000000074b600000, 0x000000074b600000| Complete 
| 183|0x000000074b700000, 0x000000074b800000, 0x000000074b800000|100%| E|CS|TAMS 0x000000074b700000, 0x000000074b700000| Complete 
| 184|0x000000074b800000, 0x000000074b900000, 0x000000074b900000|100%| E|CS|TAMS 0x000000074b800000, 0x000000074b800000| Complete 
| 185|0x000000074b900000, 0x000000074ba00000, 0x000000074ba00000|100%| E|CS|TAMS 0x000000074b900000, 0x000000074b900000| Complete 
| 186|0x000000074ba00000, 0x000000074bb00000, 0x000000074bb00000|100%| E|CS|TAMS 0x000000074ba00000, 0x000000074ba00000| Complete 
| 187|0x000000074bb00000, 0x000000074bc00000, 0x000000074bc00000|100%| E|CS|TAMS 0x000000074bb00000, 0x000000074bb00000| Complete 
| 188|0x000000074bc00000, 0x000000074bd00000, 0x000000074bd00000|100%| E|CS|TAMS 0x000000074bc00000, 0x000000074bc00000| Complete 
| 189|0x000000074bd00000, 0x000000074be00000, 0x000000074be00000|100%| E|CS|TAMS 0x000000074bd00000, 0x000000074bd00000| Complete 
| 190|0x000000074be00000, 0x000000074bf00000, 0x000000074bf00000|100%| E|CS|TAMS 0x000000074be00000, 0x000000074be00000| Complete 
| 191|0x000000074bf00000, 0x000000074c000000, 0x000000074c000000|100%| E|CS|TAMS 0x000000074bf00000, 0x000000074bf00000| Complete 
| 192|0x000000074c000000, 0x000000074c100000, 0x000000074c100000|100%| E|CS|TAMS 0x000000074c000000, 0x000000074c000000| Complete 
| 193|0x000000074c100000, 0x000000074c200000, 0x000000074c200000|100%| E|CS|TAMS 0x000000074c100000, 0x000000074c100000| Complete 
| 194|0x000000074c200000, 0x000000074c300000, 0x000000074c300000|100%| E|CS|TAMS 0x000000074c200000, 0x000000074c200000| Complete 
| 195|0x000000074c300000, 0x000000074c400000, 0x000000074c400000|100%| E|CS|TAMS 0x000000074c300000, 0x000000074c300000| Complete 
| 196|0x000000074c400000, 0x000000074c500000, 0x000000074c500000|100%| E|CS|TAMS 0x000000074c400000, 0x000000074c400000| Complete 
| 197|0x000000074c500000, 0x000000074c600000, 0x000000074c600000|100%| E|CS|TAMS 0x000000074c500000, 0x000000074c500000| Complete 
| 198|0x000000074c600000, 0x000000074c700000, 0x000000074c700000|100%| E|CS|TAMS 0x000000074c600000, 0x000000074c600000| Complete 
| 199|0x000000074c700000, 0x000000074c800000, 0x000000074c800000|100%| E|CS|TAMS 0x000000074c700000, 0x000000074c700000| Complete 
| 200|0x000000074c800000, 0x000000074c900000, 0x000000074c900000|100%| E|CS|TAMS 0x000000074c800000, 0x000000074c800000| Complete 
| 201|0x000000074c900000, 0x000000074ca00000, 0x000000074ca00000|100%| E|CS|TAMS 0x000000074c900000, 0x000000074c900000| Complete 
| 202|0x000000074ca00000, 0x000000074cb00000, 0x000000074cb00000|100%| E|CS|TAMS 0x000000074ca00000, 0x000000074ca00000| Complete 
| 203|0x000000074cb00000, 0x000000074cc00000, 0x000000074cc00000|100%| E|CS|TAMS 0x000000074cb00000, 0x000000074cb00000| Complete 
| 204|0x000000074cc00000, 0x000000074cd00000, 0x000000074cd00000|100%| E|CS|TAMS 0x000000074cc00000, 0x000000074cc00000| Complete 
| 205|0x000000074cd00000, 0x000000074ce00000, 0x000000074ce00000|100%| E|CS|TAMS 0x000000074cd00000, 0x000000074cd00000| Complete 

Card table byte_map: [0x00000192825b0000,0x0000019282bb0000] _byte_map_base: 0x000001927ebb0000

Marking Bits (Prev, Next): (CMBitMap*) 0x000001929f274a38, (CMBitMap*) 0x000001929f274a70
 Prev Bits: [0x000001928ddd0000, 0x0000019290dd0000)
 Next Bits: [0x0000019290dd0000, 0x0000019293dd0000)

Polling page: 0x0000019280fd0000

Metaspace:

Usage:
  Non-class:     83.46 MB capacity,    82.61 MB ( 99%) used,   663.48 KB ( <1%) free+waste,   212.25 KB ( <1%) overhead. 
      Class:     13.36 MB capacity,    12.79 MB ( 96%) used,   491.20 KB (  4%) free+waste,    94.25 KB ( <1%) overhead. 
       Both:     96.83 MB capacity,    95.40 MB ( 99%) used,     1.13 MB (  1%) free+waste,   306.50 KB ( <1%) overhead. 

Virtual space:
  Non-class space:       86.00 MB reserved,      84.08 MB ( 98%) committed 
      Class space:        1.00 GB reserved,      13.88 MB (  1%) committed 
             Both:        1.08 GB reserved,      97.95 MB (  9%) committed 

Chunk freelists:
   Non-Class:  78.75 KB
       Class:  53.50 KB
        Both:  132.25 KB

CodeHeap 'non-profiled nmethods': size=119168Kb used=26118Kb max_used=26857Kb free=93049Kb
 bounds [0x00000192a7cb0000, 0x00000192a96f0000, 0x00000192af110000]
CodeHeap 'profiled nmethods': size=119168Kb used=44297Kb max_used=47992Kb free=74870Kb
 bounds [0x00000192a0850000, 0x00000192a3780000, 0x00000192a7cb0000]
CodeHeap 'non-nmethods': size=7424Kb used=2253Kb max_used=3330Kb free=5170Kb
 bounds [0x00000192a0110000, 0x00000192a04e0000, 0x00000192a0850000]
 total_blobs=40894 nmethods=19831 adapters=1157
 compilation: enabled
              stopped_count=0, restarted_count=0
 full_count=0

Compilation events (10 events):
Event: 22250.584 Thread 0x00000192bbecc800 27377       3       javax.swing.SortingFocusTraversalPolicy::enumerateAndSortCycle (42 bytes)
Event: 22250.585 Thread 0x00000192faeb6800 nmethod 27376 0x00000192a1246210 code [0x00000192a1246400, 0x00000192a1246810]
Event: 22250.585 Thread 0x00000192bbecc800 nmethod 27377 0x00000192a127c010 code [0x00000192a127c200, 0x00000192a127c510]
Event: 22250.650 Thread 0x000001929f1b8000 nmethod 27378 0x00000192a91f3e10 code [0x00000192a91f42a0, 0x00000192a91f9200]
Event: 22250.650 Thread 0x000001929f1b8000 27379       4       ui.utils.swing.e.e::setSelectedItem (42 bytes)
Event: 22250.657 Thread 0x000001929f1b8000 nmethod 27379 0x00000192a8d81a10 code [0x00000192a8d81c60, 0x00000192a8d82260]
Event: 22251.517 Thread 0x00000192bbecc800 27380       3       ui.views.waveform.w::handleTclEvent (17 bytes)
Event: 22251.517 Thread 0x00000192faeb6800 27381       3       ui.views.waveform.c.b::j (605 bytes)
Event: 22251.518 Thread 0x00000192bbecc800 nmethod 27380 0x00000192a127d090 code [0x00000192a127d260, 0x00000192a127d470]
Event: 22251.525 Thread 0x00000192faeb6800 nmethod 27381 0x00000192a28fd810 code [0x00000192a28fec20, 0x00000192a290c1d0]

GC Heap History (10 events):
Event: 22246.103 GC heap before
{Heap before GC invocations=836 (full 33):
 garbage-first heap   total 210944K, used 150866K [0x0000000740000000, 0x0000000800000000)
  region size 1024K, 60 young (61440K), 4 survivors (4096K)
 Metaspace       used 97609K, capacity 99050K, committed 100304K, reserved 1136640K
  class space    used 13096K, capacity 13680K, committed 14208K, reserved 1048576K
}
Event: 22246.107 GC heap after
{Heap after GC invocations=837 (full 33):
 garbage-first heap   total 210944K, used 95946K [0x0000000740000000, 0x0000000800000000)
  region size 1024K, 6 young (6144K), 6 survivors (6144K)
 Metaspace       used 97609K, capacity 99050K, committed 100304K, reserved 1136640K
  class space    used 13096K, capacity 13680K, committed 14208K, reserved 1048576K
}
Event: 22246.324 GC heap before
{Heap before GC invocations=837 (full 33):
 garbage-first heap   total 210944K, used 151242K [0x0000000740000000, 0x0000000800000000)
  region size 1024K, 60 young (61440K), 6 survivors (6144K)
 Metaspace       used 97639K, capacity 99132K, committed 100304K, reserved 1136640K
  class space    used 13098K, capacity 13684K, committed 14208K, reserved 1048576K
}
Event: 22246.328 GC heap after
{Heap after GC invocations=838 (full 33):
 garbage-first heap   total 210944K, used 96438K [0x0000000740000000, 0x0000000800000000)
  region size 1024K, 5 young (5120K), 5 survivors (5120K)
 Metaspace       used 97639K, capacity 99132K, committed 100304K, reserved 1136640K
  class space    used 13098K, capacity 13684K, committed 14208K, reserved 1048576K
}
Event: 22246.426 GC heap before
{Heap before GC invocations=838 (full 33):
 garbage-first heap   total 210944K, used 122038K [0x0000000740000000, 0x0000000800000000)
  region size 1024K, 31 young (31744K), 5 survivors (5120K)
 Metaspace       used 97647K, capacity 99132K, committed 100304K, reserved 1136640K
  class space    used 13098K, capacity 13684K, committed 14208K, reserved 1048576K
}
Event: 22246.432 GC heap after
{Heap after GC invocations=839 (full 33):
 garbage-first heap   total 210944K, used 96808K [0x0000000740000000, 0x0000000800000000)
  region size 1024K, 5 young (5120K), 5 survivors (5120K)
 Metaspace       used 97647K, capacity 99132K, committed 100304K, reserved 1136640K
  class space    used 13098K, capacity 13684K, committed 14208K, reserved 1048576K
}
Event: 22246.451 GC heap before
{Heap before GC invocations=839 (full 33):
 garbage-first heap   total 210944K, used 98856K [0x0000000740000000, 0x0000000800000000)
  region size 1024K, 7 young (7168K), 5 survivors (5120K)
 Metaspace       used 97648K, capacity 99132K, committed 100304K, reserved 1136640K
  class space    used 13098K, capacity 13684K, committed 14208K, reserved 1048576K
}
Event: 22246.517 GC heap after
{Heap after GC invocations=840 (full 34):
 garbage-first heap   total 210944K, used 90184K [0x0000000740000000, 0x0000000800000000)
  region size 1024K, 0 young (0K), 0 survivors (0K)
 Metaspace       used 97648K, capacity 99132K, committed 100304K, reserved 1136640K
  class space    used 13098K, capacity 13684K, committed 14208K, reserved 1048576K
}
Event: 22247.849 GC heap before
{Heap before GC invocations=840 (full 34):
 garbage-first heap   total 210944K, used 152648K [0x0000000740000000, 0x0000000800000000)
  region size 1024K, 60 young (61440K), 0 survivors (0K)
 Metaspace       used 97658K, capacity 99132K, committed 100304K, reserved 1136640K
  class space    used 13098K, capacity 13684K, committed 14208K, reserved 1048576K
}
Event: 22247.852 GC heap after
{Heap after GC invocations=841 (full 34):
 garbage-first heap   total 210944K, used 92105K [0x0000000740000000, 0x0000000800000000)
  region size 1024K, 1 young (1024K), 1 survivors (1024K)
 Metaspace       used 97658K, capacity 99132K, committed 100304K, reserved 1136640K
  class space    used 13098K, capacity 13684K, committed 14208K, reserved 1048576K
}

Deoptimization events (10 events):
Event: 22239.587 Thread 0x000001929ce9b800 Uncommon trap: reason=class_check action=maybe_recompile pc=0x00000192a9230110 method=com.jidesoft.grid.TreeTableCellRenderer.getTableCellRendererComponent(Ljavax/swing/JTable;Ljava/lang/Object;ZZII)Ljava/awt/Component; @ 127 c2
Event: 22239.630 Thread 0x000001929ce9b800 Uncommon trap: reason=profile_predicate action=maybe_recompile pc=0x00000192a8caac98 method=javax.swing.SortingFocusTraversalPolicy.mergeSort([Ljava/lang/Object;[Ljava/lang/Object;IIILjava/util/Comparator;)V @ 192 c2
Event: 22239.631 Thread 0x000001929ce9b800 Uncommon trap: reason=array_check action=maybe_recompile pc=0x00000192a8caab8c method=javax.swing.SortingFocusTraversalPolicy.mergeSort([Ljava/lang/Object;[Ljava/lang/Object;IIILjava/util/Comparator;)V @ 68 c2
Event: 22239.631 Thread 0x000001929ce9b800 Uncommon trap: reason=array_check action=maybe_recompile pc=0x00000192a8caab8c method=javax.swing.SortingFocusTraversalPolicy.mergeSort([Ljava/lang/Object;[Ljava/lang/Object;IIILjava/util/Comparator;)V @ 68 c2
Event: 22246.415 Thread 0x000001929ce9b800 Uncommon trap: reason=array_check action=maybe_recompile pc=0x00000192a8caab8c method=javax.swing.SortingFocusTraversalPolicy.mergeSort([Ljava/lang/Object;[Ljava/lang/Object;IIILjava/util/Comparator;)V @ 68 c2
Event: 22246.415 Thread 0x000001929ce9b800 Uncommon trap: reason=profile_predicate action=maybe_recompile pc=0x00000192a8caaf50 method=javax.swing.SortingFocusTraversalPolicy.mergeSort([Ljava/lang/Object;[Ljava/lang/Object;IIILjava/util/Comparator;)V @ 192 c2
Event: 22246.415 Thread 0x000001929ce9b800 Uncommon trap: reason=array_check action=maybe_recompile pc=0x00000192a8caab8c method=javax.swing.SortingFocusTraversalPolicy.mergeSort([Ljava/lang/Object;[Ljava/lang/Object;IIILjava/util/Comparator;)V @ 68 c2
Event: 22246.415 Thread 0x000001929ce9b800 Uncommon trap: reason=profile_predicate action=maybe_recompile pc=0x00000192a8caafc0 method=javax.swing.SortingFocusTraversalPolicy.mergeSort([Ljava/lang/Object;[Ljava/lang/Object;IIILjava/util/Comparator;)V @ 192 c2
Event: 22248.546 Thread 0x000001929ce9b800 Uncommon trap: reason=bimorphic_or_optimized_type_check action=maybe_recompile pc=0x00000192a88c2e28 method=java.lang.Throwable.<init>()V @ 24 c2
Event: 22249.050 Thread 0x000001929ce9b800 Uncommon trap: reason=bimorphic_or_optimized_type_check action=maybe_recompile pc=0x00000192a88c2e28 method=java.lang.Throwable.<init>()V @ 24 c2

Classes redefined (0 events):
No events

Internal exceptions (10 events):
Event: 22229.062 Thread 0x000001929ce9b800 Exception <a 'java/io/FileNotFoundException'{0x000000074cd25c20}> (0x000000074cd25c20) thrown at [t:/workspace/open/src/hotspot/share/prims/jni.cpp, line 615]
Event: 22229.137 Thread 0x000001929ce9b800 Exception <a 'java/io/FileNotFoundException'{0x000000074cd26410}> (0x000000074cd26410) thrown at [t:/workspace/open/src/hotspot/share/prims/jni.cpp, line 615]
Event: 22234.063 Thread 0x000001929ce9b800 Exception <a 'java/io/FileNotFoundException'{0x000000074cd422b8}> (0x000000074cd422b8) thrown at [t:/workspace/open/src/hotspot/share/prims/jni.cpp, line 615]
Event: 22234.137 Thread 0x000001929ce9b800 Exception <a 'java/io/FileNotFoundException'{0x000000074cd42aa8}> (0x000000074cd42aa8) thrown at [t:/workspace/open/src/hotspot/share/prims/jni.cpp, line 615]
Event: 22239.064 Thread 0x000001929ce9b800 Exception <a 'java/io/FileNotFoundException'{0x000000074a49ad30}> (0x000000074a49ad30) thrown at [t:/workspace/open/src/hotspot/share/prims/jni.cpp, line 615]
Event: 22239.138 Thread 0x000001929ce9b800 Exception <a 'java/io/FileNotFoundException'{0x000000074a4a12f8}> (0x000000074a4a12f8) thrown at [t:/workspace/open/src/hotspot/share/prims/jni.cpp, line 615]
Event: 22244.065 Thread 0x000001929ce9b800 Exception <a 'java/io/FileNotFoundException'{0x000000074a5397b8}> (0x000000074a5397b8) thrown at [t:/workspace/open/src/hotspot/share/prims/jni.cpp, line 615]
Event: 22244.139 Thread 0x000001929ce9b800 Exception <a 'java/io/FileNotFoundException'{0x000000074a385a80}> (0x000000074a385a80) thrown at [t:/workspace/open/src/hotspot/share/prims/jni.cpp, line 615]
Event: 22249.065 Thread 0x000001929ce9b800 Exception <a 'java/io/FileNotFoundException'{0x000000074ba53d58}> (0x000000074ba53d58) thrown at [t:/workspace/open/src/hotspot/share/prims/jni.cpp, line 615]
Event: 22249.139 Thread 0x000001929ce9b800 Exception <a 'java/io/FileNotFoundException'{0x000000074ba64f98}> (0x000000074ba64f98) thrown at [t:/workspace/open/src/hotspot/share/prims/jni.cpp, line 615]

Events (10 events):
Event: 22250.523 Thread 0x00000192bbec7800 Thread added: 0x00000192bbec7800
Event: 22250.529 Executing VM operation: RevokeBias
Event: 22250.529 Executing VM operation: RevokeBias done
Event: 22250.530 Thread 0x00000192bbec7800 Thread exited: 0x00000192bbec7800
Event: 22250.565 Thread 0x00000192bbec7800 Thread added: 0x00000192bbec7800
Event: 22250.567 Executing VM operation: RevokeBias
Event: 22250.571 Executing VM operation: RevokeBias done
Event: 22250.855 Thread 0x00000192bbecb800 Thread added: 0x00000192bbecb800
Event: 22250.857 Thread 0x00000192bbecb800 Thread exited: 0x00000192bbecb800
Event: 22251.015 Thread 0x00000192bbec8000 Thread exited: 0x00000192bbec8000


Dynamic libraries:
0x00007ff64edf0000 - 0x00007ff64ee1f000 	C:\Xilinx\Vivado\2020.2\bin\unwrapped\win64.o\vivado.exe
0x00007fff4fec0000 - 0x00007fff50127000 	C:\WINDOWS\SYSTEM32\ntdll.dll
0x00007fff4e970000 - 0x00007fff4ea39000 	C:\WINDOWS\System32\KERNEL32.DLL
0x00007fff4d360000 - 0x00007fff4d750000 	C:\WINDOWS\System32\KERNELBASE.dll
0x00007fff4da70000 - 0x00007fff4dbbb000 	C:\WINDOWS\System32\ucrtbase.dll
0x00007fff1e850000 - 0x00007fff1e8e9000 	C:\WINDOWS\SYSTEM32\MSVCP140.dll
0x00007fff2b9d0000 - 0x00007fff2b9e6000 	C:\WINDOWS\SYSTEM32\VCRUNTIME140.dll
0x00007fff4a0c0000 - 0x00007fff4a0d3000 	C:\Xilinx\Vivado\2020.2\lib\win64.o\libboost_signals.dll
0x00007fff2f9e0000 - 0x00007fff2f9f8000 	C:\Xilinx\Vivado\2020.2\lib\win64.o\librdi_commonmain.dll
0x00007fff3d740000 - 0x00007fff3d749000 	C:\Xilinx\Vivado\2020.2\lib\win64.o\librdi_commonversion.dll
0x00007fff1e2a0000 - 0x00007fff1e2c2000 	C:\Xilinx\Vivado\2020.2\lib\win64.o\libboost_filesystem.dll
0x00007fff4e800000 - 0x00007fff4e8b4000 	C:\WINDOWS\System32\ADVAPI32.dll
0x00007fff4f9a0000 - 0x00007fff4fa49000 	C:\WINDOWS\System32\msvcrt.dll
0x00007fff4fa50000 - 0x00007fff4faf6000 	C:\WINDOWS\System32\sechost.dll
0x00007fff4fbb0000 - 0x00007fff4fcc8000 	C:\WINDOWS\System32\RPCRT4.dll
0x000000006c3f0000 - 0x000000006c51b000 	C:\Xilinx\Vivado\2020.2\lib\win64.o\tcl85t.dll
0x00007fff4dc50000 - 0x00007fff4de15000 	C:\WINDOWS\System32\USER32.dll
0x00007fff4d800000 - 0x00007fff4d827000 	C:\WINDOWS\System32\win32u.dll
0x00007fff4f8b0000 - 0x00007fff4f8db000 	C:\WINDOWS\System32\GDI32.dll
0x00007fff4cff0000 - 0x00007fff4d128000 	C:\WINDOWS\System32\gdi32full.dll
0x00007fff4d130000 - 0x00007fff4d1d3000 	C:\WINDOWS\System32\msvcp_win.dll
0x00007fff4deb0000 - 0x00007fff4df24000 	C:\WINDOWS\System32\WS2_32.dll
0x00007ffea7d90000 - 0x00007ffea7f29000 	C:\Xilinx\Vivado\2020.2\lib\win64.o\librdi_commonxillic.dll
0x00007fff3b980000 - 0x00007fff3b989000 	C:\Xilinx\Vivado\2020.2\lib\win64.o\libboost_system.dll
0x00007ffe9e850000 - 0x00007ffe9eb2b000 	C:\Xilinx\Vivado\2020.2\lib\win64.o\libXil_lmgr11.dll
0x00007fff4edf0000 - 0x00007fff4eee8000 	C:\WINDOWS\System32\COMDLG32.dll
0x00007fff4ea60000 - 0x00007fff4ede5000 	C:\WINDOWS\System32\combase.dll
0x00007fff4f7b0000 - 0x00007fff4f8a5000 	C:\WINDOWS\System32\shcore.dll
0x00007fff4de20000 - 0x00007fff4de8a000 	C:\WINDOWS\System32\SHLWAPI.dll
0x00007fff4df30000 - 0x00007fff4e67d000 	C:\WINDOWS\System32\SHELL32.dll
0x00007fff4d830000 - 0x00007fff4d9a3000 	C:\WINDOWS\System32\wintypes.dll
0x00007fff4e710000 - 0x00007fff4e7f0000 	C:\WINDOWS\System32\OLEAUT32.dll
0x00007fff4eef0000 - 0x00007fff4f090000 	C:\WINDOWS\System32\ole32.dll
0x00007fff4dbc0000 - 0x00007fff4dc44000 	C:\WINDOWS\System32\WINTRUST.dll
0x00007fff4d1e0000 - 0x00007fff4d357000 	C:\WINDOWS\System32\CRYPT32.dll
0x00007ffea7c70000 - 0x00007ffea7d81000 	C:\Xilinx\Vivado\2020.2\lib\win64.o\libboost_regex.dll
0x00007ffe9d6d0000 - 0x00007ffe9e847000 	C:\Xilinx\Vivado\2020.2\lib\win64.o\librdi_common.dll
0x00007fff4cee0000 - 0x00007fff4cf06000 	C:\WINDOWS\SYSTEM32\bcrypt.dll
0x00007fff3e7b0000 - 0x00007fff3e7ca000 	C:\WINDOWS\SYSTEM32\NETAPI32.dll
0x00007fff2a9e0000 - 0x00007fff2aa94000 	C:\WINDOWS\WinSxS\amd64_microsoft.windows.common-controls_6595b64144ccf1df_5.82.26100.4484_none_87ef4f277a2c8b1a\COMCTL32.dll
0x00007ffeb7670000 - 0x00007ffeb767a000 	C:\WINDOWS\SYSTEM32\WSOCK32.dll
0x00007fff477e0000 - 0x00007fff47805000 	C:\WINDOWS\SYSTEM32\dhcpcsvc.DLL
0x00007fff3b8d0000 - 0x00007fff3b8e0000 	C:\Xilinx\Vivado\2020.2\lib\win64.o\libboost_date_time.dll
0x00007ffe9d360000 - 0x00007ffe9d6ce000 	C:\Xilinx\Vivado\2020.2\lib\win64.o\libCOIN-all.dll
0x00007fff0dc40000 - 0x00007fff0dcb3000 	C:\Xilinx\Vivado\2020.2\lib\win64.o\libboost_program_options.dll
0x00007fff2d380000 - 0x00007fff2d39e000 	C:\Xilinx\Vivado\2020.2\lib\win64.o\libboost_thread.dll
0x00007fff2f280000 - 0x00007fff2f28c000 	C:\Xilinx\Vivado\2020.2\lib\win64.o\libboost_xilinx.dll
0x00007ffed1d40000 - 0x00007ffed1dc2000 	C:\Xilinx\Vivado\2020.2\lib\win64.o\libhdlpsolve.dll
0x00007ffea5f30000 - 0x00007ffea5fd5000 	C:\Xilinx\Vivado\2020.2\lib\win64.o\libhdxml.dll
0x00007fff1a1c0000 - 0x00007fff1a1e8000 	C:\Xilinx\Vivado\2020.2\lib\win64.o\libisl_sysinfo.dll
0x00007fff174c0000 - 0x00007fff17525000 	C:\Xilinx\Vivado\2020.2\lib\win64.o\liblmx6.0.dll
0x00007fff2bec0000 - 0x00007fff2beda000 	C:\Xilinx\Vivado\2020.2\lib\win64.o\pthreadVC2.dll
0x00007fff29ff0000 - 0x00007fff2a00c000 	C:\Xilinx\Vivado\2020.2\lib\win64.o\librdiconfig.dll
0x00007fff1a0e0000 - 0x00007fff1a101000 	C:\Xilinx\Vivado\2020.2\lib\win64.o\librdizlib.dll
0x00007fff395a0000 - 0x00007fff39829000 	C:\WINDOWS\SYSTEM32\WININET.dll
0x00007fff46b50000 - 0x00007fff46c6e000 	C:\WINDOWS\SYSTEM32\WINHTTP.dll
0x00007fff35700000 - 0x00007fff358e5000 	C:\WINDOWS\SYSTEM32\urlmon.dll
0x00007ffe9c560000 - 0x00007ffe9d352600 	C:\Xilinx\Vivado\2020.2\lib\win64.o\libisl_iostreams.dll
0x00007fff16be0000 - 0x00007fff16c09000 	C:\WINDOWS\SYSTEM32\VCOMP140.DLL
0x00007fff34970000 - 0x00007fff34c3a000 	C:\WINDOWS\SYSTEM32\iertutil.dll
0x00007fff4abf0000 - 0x00007fff4b450000 	C:\WINDOWS\SYSTEM32\windows.storage.dll
0x00007fff2b9f0000 - 0x00007fff2b9fc000 	C:\Xilinx\Vivado\2020.2\lib\win64.o\libboost_chrono.dll
0x00007fff23040000 - 0x00007fff23056000 	C:\Xilinx\Vivado\2020.2\lib\win64.o\libboost_iostreams.dll
0x00007fff348e0000 - 0x00007fff34909000 	C:\WINDOWS\SYSTEM32\srvcli.dll
0x00007fff4b720000 - 0x00007fff4b72d000 	C:\WINDOWS\SYSTEM32\netutils.dll
0x00007fff0dc10000 - 0x00007fff0dc33000 	C:\Xilinx\Vivado\2020.2\lib\win64.o\libisl_iosutils.dll
0x0000000012000000 - 0x0000000012270000 	C:\Xilinx\Vivado\2020.2\lib\win64.o\xerces-c_3_1.dll
0x00007ffe9a640000 - 0x00007ffe9c557000 	C:\Xilinx\Vivado\2020.2\lib\win64.o\gurobi90.dll
0x00007fff4e8c0000 - 0x00007fff4e93c000 	C:\WINDOWS\System32\WLDAP32.dll
0x00007fff4de90000 - 0x00007fff4de98000 	C:\WINDOWS\System32\Normaliz.dll
0x00007fff4c300000 - 0x00007fff4c36b000 	C:\WINDOWS\SYSTEM32\MSWSOCK.DLL
0x00007fff4fcd0000 - 0x00007fff4fcff000 	C:\WINDOWS\System32\IMM32.DLL
0x00007fff4c630000 - 0x00007fff4c643000 	C:\WINDOWS\SYSTEM32\MSASN1.dll
0x00007fff4bd70000 - 0x00007fff4bd8b000 	C:\WINDOWS\SYSTEM32\kernel.appcore.dll
0x00007ffe9a110000 - 0x00007ffe9a632000 	C:\Xilinx\Vivado\2020.2\lib\win64.o\librdi_commontasks.dll
0x00007fff3ce70000 - 0x00007fff3ce7b000 	C:\WINDOWS\SYSTEM32\VERSION.dll
0x00007ffe992c0000 - 0x00007ffe99de3000 	C:\Xilinx\Vivado\2020.2\tps\win64\jre11.0.2\bin\server\jvm.dll
0x00007fff4f310000 - 0x00007fff4f318000 	C:\WINDOWS\System32\PSAPI.DLL
0x00007fff2eb70000 - 0x00007fff2eba5000 	C:\WINDOWS\SYSTEM32\WINMM.dll
0x00007ffe99e30000 - 0x00007ffe9a105000 	C:\Xilinx\Vivado\2020.2\lib\win64.o\librdi_sio.dll
0x00007fff4b7d0000 - 0x00007fff4b803000 	C:\WINDOWS\SYSTEM32\IPHLPAPI.DLL
0x00007ffe91ce0000 - 0x00007ffe9479e000 	C:\Xilinx\Vivado\2020.2\lib\win64.o\librdi_tcltasks.dll
0x00007ffea5e30000 - 0x00007ffea5f26000 	C:\Xilinx\Vivado\2020.2\lib\win64.o\librdi_chipscope.dll
0x00007ffea5920000 - 0x00007ffea5ad3000 	C:\Xilinx\Vivado\2020.2\lib\win64.o\librdi_board.dll
0x00007ffea8e60000 - 0x00007ffea8ede000 	C:\Xilinx\Vivado\2020.2\lib\win64.o\librdi_boarddep.dll
0x00007ffe91830000 - 0x00007ffe91cd6000 	C:\Xilinx\Vivado\2020.2\lib\win64.o\librdi_bitstream.dll
0x00007ffea4070000 - 0x00007ffea41d1000 	C:\Xilinx\Vivado\2020.2\lib\win64.o\librdi_containers.dll
0x00007ffe91640000 - 0x00007ffe9182a000 	C:\Xilinx\Vivado\2020.2\lib\win64.o\librdi_chipscopeimpl.dll
0x00007ffe8f8d0000 - 0x00007ffe91631000 	C:\Xilinx\Vivado\2020.2\lib\win64.o\librdi_designutils.dll
0x00007ffe8daa0000 - 0x00007ffe8f8cc000 	C:\Xilinx\Vivado\2020.2\lib\win64.o\librdi_constraints.dll
0x00007ffe7d5a0000 - 0x00007ffe7d908000 	C:\Xilinx\Vivado\2020.2\lib\win64.o\librdi_dlyest.dll
0x00007ffe7cf40000 - 0x00007ffe7d59d000 	C:\Xilinx\Vivado\2020.2\lib\win64.o\librdi_drc.dll
0x00007ffe7c820000 - 0x00007ffe7cf38000 	C:\Xilinx\Vivado\2020.2\lib\win64.o\librdi_coregenipxact.dll
0x00007ffe7a460000 - 0x00007ffe7c81d000 	C:\Xilinx\Vivado\2020.2\lib\win64.o\librdi_coregen.dll
0x00007ffea5d70000 - 0x00007ffea5e23000 	C:\Xilinx\Vivado\2020.2\lib\win64.o\librdi_dsp.dll
0x00007ffe7a140000 - 0x00007ffe7a45d000 	C:\Xilinx\Vivado\2020.2\lib\win64.o\librdi_guitools.dll
0x00007ffea58b0000 - 0x00007ffea591b000 	C:\Xilinx\Vivado\2020.2\lib\win64.o\librdi_hdf.dll
0x00007ffe79a70000 - 0x00007ffe7a132000 	C:\Xilinx\Vivado\2020.2\lib\win64.o\librdi_filemgmt.dll
0x00007ffe8d3c0000 - 0x00007ffe8d637000 	C:\Xilinx\Vivado\2020.2\lib\win64.o\librdi_hip_devdesign.dll
0x00007ffea28f0000 - 0x00007ffea2a37000 	C:\Xilinx\Vivado\2020.2\lib\win64.o\librdi_hip_perf_analysis.dll
0x00007ffe61490000 - 0x00007ffe79a6f000 	C:\Xilinx\Vivado\2020.2\lib\win64.o\librdi_device.dll
0x00007ffea4370000 - 0x00007ffea43e2000 	C:\Xilinx\Vivado\2020.2\lib\win64.o\librdi_memoryarray.dll
0x00007ffe60e40000 - 0x00007ffe6148c000 	C:\Xilinx\Vivado\2020.2\lib\win64.o\librdi_memdata.dll
0x00007ffe5f260000 - 0x00007ffe60e34000 	C:\Xilinx\Vivado\2020.2\lib\win64.o\librdi_implflow.dll
0x00007ffe5ce10000 - 0x00007ffe5f254000 	C:\Xilinx\Vivado\2020.2\lib\win64.o\librdi_mig.dll
0x00007ffea4310000 - 0x00007ffea4364000 	C:\Xilinx\Vivado\2020.2\lib\win64.o\librdi_pfi.dll
0x00007ffe5c6e0000 - 0x00007ffe5ce0c000 	C:\Xilinx\Vivado\2020.2\lib\win64.o\librdi_netlist.dll
0x00007ffe5bec0000 - 0x00007ffe5c6d7000 	C:\Xilinx\Vivado\2020.2\lib\win64.o\librdi_power.dll
0x00007ffe5bb20000 - 0x00007ffe5bebe000 	C:\Xilinx\Vivado\2020.2\lib\win64.o\librdi_platform.dll
0x00007ffe5b310000 - 0x00007ffe5bb1c000 	C:\Xilinx\Vivado\2020.2\lib\win64.o\librdi_rsb.dll
0x00007ffe5ac90000 - 0x00007ffe5b304000 	C:\Xilinx\Vivado\2020.2\lib\win64.o\librdi_project.dll
0x00007ffe5a560000 - 0x00007ffe5ac82000 	C:\Xilinx\Vivado\2020.2\lib\win64.o\librdi_psta.dll
0x00007ffe5a030000 - 0x00007ffe5a55b000 	C:\Xilinx\Vivado\2020.2\lib\win64.o\librdi_runs.dll
0x00007ffe991b0000 - 0x00007ffe992b9000 	C:\Xilinx\Vivado\2020.2\lib\win64.o\librdi_runsbase.dll
0x00007ffe59db0000 - 0x00007ffe5a024000 	C:\Xilinx\Vivado\2020.2\lib\win64.o\librdi_simdata.dll
0x00007ffe56ba0000 - 0x00007ffe59da7000 	C:\Xilinx\Vivado\2020.2\lib\win64.o\librdi_place.dll
0x00007ffe8d980000 - 0x00007ffe8da96000 	C:\Xilinx\Vivado\2020.2\lib\win64.o\librdi_xhub.dll
0x00007ffea3840000 - 0x00007ffea38e7000 	C:\Xilinx\Vivado\2020.2\lib\win64.o\librdi_xhubtasks.dll
0x00007ffed3da0000 - 0x00007ffed3de7000 	C:\Xilinx\Vivado\2020.2\lib\win64.o\libboost_serialization.dll
0x00007ffe569b0000 - 0x00007ffe56b9b000 	C:\Xilinx\Vivado\2020.2\lib\win64.o\librdi_advchipscopeimpl.dll
0x00007ffe8d1a0000 - 0x00007ffe8d28b000 	C:\Xilinx\Vivado\2020.2\lib\win64.o\librdi_ipconfig_readwrite.dll
0x00007ffe566b0000 - 0x00007ffe569ab000 	C:\Xilinx\Vivado\2020.2\lib\win64.o\librdi_hip_config.dll
0x00007ffe99140000 - 0x00007ffe991aa000 	C:\Xilinx\Vivado\2020.2\lib\win64.o\librdi_noc_frameworks.dll
0x00007ffe56160000 - 0x00007ffe566ae000 	C:\Xilinx\Vivado\2020.2\lib\win64.o\librdi_xdm.dll
0x00007ffe8d110000 - 0x00007ffe8d19d000 	C:\Xilinx\Vivado\2020.2\lib\win64.o\treelite_runtime.dll
0x00007ffe8d030000 - 0x00007ffe8d0ce000 	C:\Xilinx\Vivado\2020.2\lib\win64.o\libise.dll
0x00007ffe551d0000 - 0x00007ffe56151000 	C:\Xilinx\Vivado\2020.2\lib\win64.o\librdi_timing.dll
0x00007ffe8cf60000 - 0x00007ffe8d026000 	C:\Xilinx\Vivado\2020.2\lib\win64.o\librdi_bda.dll

dbghelp: loaded successfully - version: 4.0.5 - missing functions: none
symbol engine: initialized successfully - sym options: 0x614 - pdb path: .;C:\Xilinx\Vivado\2020.2\bin\unwrapped\win64.o;C:\WINDOWS\SYSTEM32;C:\Xilinx\Vivado\2020.2\lib\win64.o;C:\WINDOWS\WinSxS\amd64_microsoft.windows.common-controls_6595b64144ccf1df_5.82.26100.4484_none_87ef4f277a2c8b1a;C:\Xilinx\Vivado\2020.2\tps\win64\jre11.0.2\bin\server;C:\Xilinx\Vivado\2020.2\tps\win64\python-3.8.3;C:\Xilinx\Vivado\2020.2\tps\win64\jre11.0.2\bin;C:\WINDOWS\WinSxS\amd64_microsoft.windows.common-controls_6595b64144ccf1df_6.0.26100.4768_none_3e0c112ce331287c

VM Arguments:
jvm_args: -Dsun.java2d.pmoffscreen=false -Dhttps.protocols=TLSv1,TLSv1.1,TLSv1.2 -Dsun.java2d.xrender=false -Dsun.java2d.d3d=false -Dsun.awt.nopixfmt=true -Dsun.java2d.dpiaware=true -Dsun.java2d.uiScale.enabled=false -Xverify:none -Dswing.aatext=true -XX:-UsePerfData -Djdk.map.althashing.threshold=512 -XX:StringTableSize=4072 --add-opens=java.base/java.nio=ALL-UNNAMED --add-opens=java.desktop/sun.swing=ALL-UNNAMED --add-opens=java.desktop/javax.swing=ALL-UNNAMED --add-opens=java.desktop/javax.swing.tree=ALL-UNNAMED --add-opens=java.desktop/javax.swing.plaf.basic=ALL-UNNAMED --add-opens=java.desktop/javax.swing.plaf.synth=ALL-UNNAMED --add-opens=java.desktop/com.sun.awt=ALL-UNNAMED -XX:NewSize=60m -XX:MaxNewSize=60m -Xms128m -Xmx3072m -Xss5m 
java_command: <unknown>
java_class_path (initial): C:/Xilinx/Vivado/2020.2\lib\classes\alloy.jar;C:/Xilinx/Vivado/2020.2\lib\classes\ArchiveSummary.jar;C:/Xilinx/Vivado/2020.2\lib\classes\autoesl-models.jar;C:/Xilinx/Vivado/2020.2\lib\classes\autopilot.scelaborator.jar;C:/Xilinx/Vivado/2020.2\lib\classes\autopilot.sourceprocessor.jar;C:/Xilinx/Vivado/2020.2\lib\classes\autopilot.tbprocessor.jar;C:/Xilinx/Vivado/2020.2\lib\classes\batik-anim.jar;C:/Xilinx/Vivado/2020.2\lib\classes\batik-awt-util.jar;C:/Xilinx/Vivado/2020.2\lib\classes\batik-bridge.jar;C:/Xilinx/Vivado/2020.2\lib\classes\batik-codec.jar;C:/Xilinx/Vivado/2020.2\lib\classes\batik-css.jar;C:/Xilinx/Vivado/2020.2\lib\classes\batik-dom.jar;C:/Xilinx/Vivado/2020.2\lib\classes\batik-ext.jar;C:/Xilinx/Vivado/2020.2\lib\classes\batik-gui-util.jar;C:/Xilinx/Vivado/2020.2\lib\classes\batik-gvt.jar;C:/Xilinx/Vivado/2020.2\lib\classes\batik-parser.jar;C:/Xilinx/Vivado/2020.2\lib\classes\batik-script.jar;C:/Xilinx/Vivado/2020.2\lib\classes\batik-svg-dom.jar;C:/Xilinx/Vivado/2020.2\lib\classes\batik-swing.jar;C:/Xilinx/Vivado/2020.2\lib\classes\batik-transcoder.jar;C:/Xilinx/Vivado/2020.2\lib\classes\batik-util.jar;C:/Xilinx/Vivado/2020.2\lib\classes\batik-xml.jar;C:/Xilinx/Vivado/2020.2\lib\classes\com.google.gson_2.8.2.v20180104-1110.jar;C:/Xilinx/Vivado/2020.2\lib\classes\com.google.guava_27.1.0.v20190517-1946.jar;C:/Xilinx/Vivado/2020.2\lib\classes\com.ibm.icu_4.4.2.v20110208.jar;C:/Xilinx/Vivado/2020.2\lib\classes\com.sigasi.hdt.connection_4.9.0.202009050929.jar;C:/Xilinx/Vivado/2020.2\lib\classes\com.sigasi.hdt.epl_4.9.0.202009050929.jar;C:/Xilinx/Vivado/2020.2\lib\classes\com.sigasi.hdt.project_4.9.0.202009050929.jar;C:/Xilinx/Vivado/2020.2\lib\classes\com.sigasi.hdt.readonlyfilesystem_4.9.0.202009050929.jar;C:/Xilinx/Vivado/2020.2\lib\classes\com.sigasi.lcm_4.9.0.202009050929.jar;C:/Xilinx/Vivado/2020.2\lib\classes\com.sigasi.sdk.client_4.9.0.202009050929.jar;C:/Xilinx/Vivado/2020.2\lib\classes\com.xilinx.hls.services.jar;C:/Xili
Launcher Type: generic

[Global flags]
     bool BytecodeVerificationLocal                = false                                     {product} {command line}
     bool BytecodeVerificationRemote               = false                                     {product} {command line}
     intx CICompilerCount                          = 12                                        {product} {ergonomic}
     uint ConcGCThreads                            = 3                                         {product} {ergonomic}
     uint G1ConcRefinementThreads                  = 13                                        {product} {ergonomic}
   size_t G1HeapRegionSize                         = 1048576                                   {product} {ergonomic}
    uintx GCDrainStackTargetSize                   = 64                                        {product} {ergonomic}
   size_t InitialHeapSize                          = 134217728                                 {product} {command line}
   size_t MarkStackSize                            = 4194304                                   {product} {ergonomic}
   size_t MaxHeapSize                              = 3221225472                                {product} {command line}
   size_t MaxNewSize                               = 62914560                                  {product} {command line}
   size_t MinHeapDeltaBytes                        = 1048576                                   {product} {ergonomic}
   size_t NewSize                                  = 62914560                                  {product} {command line}
    uintx NonNMethodCodeHeapSize                   = 7591728                                {pd product} {ergonomic}
    uintx NonProfiledCodeHeapSize                  = 122033256                              {pd product} {ergonomic}
    uintx ProfiledCodeHeapSize                     = 122033256                              {pd product} {ergonomic}
    uintx ReservedCodeCacheSize                    = 251658240                              {pd product} {ergonomic}
     bool SegmentedCodeCache                       = true                                      {product} {ergonomic}
    uintx StringTableSize                          = 4072                                      {product} {command line}
     intx ThreadStackSize                          = 5120                                   {pd product} {command line}
     bool UseCompressedClassPointers               = true                                 {lp64_product} {ergonomic}
     bool UseCompressedOops                        = true                                 {lp64_product} {ergonomic}
     bool UseG1GC                                  = true                                      {product} {ergonomic}
     bool UseLargePagesIndividualAllocation        = false                                  {pd product} {ergonomic}
     bool UsePerfData                              = false                                     {product} {command line}

Logging:
Log output configuration:
 #0: stdout all=warning uptime,level,tags
 #1: stderr all=off uptime,level,tags

Environment Variables:
PATH=C:/Xilinx/Vivado/2020.2\gnuwin\bin;C:/Xilinx/Vivado/2020.2\gnu\microblaze\nt\bin;C:/Xilinx/Vivado/2020.2/bin;C:/Xilinx/Vivado/2020.2/tps/win64/javafx-sdk-11.0.2/lib;C:/Xilinx/Vivado/2020.2/tps/win64/javafx-sdk-11.0.2/bin;C:/Xilinx/Vivado/2020.2/lib/win64.o;C:/Xilinx/Vivado/2020.2/tps/win64/jre11.0.2/bin/server;C:/Xilinx/Vivado/2020.2/tps/win64/jre11.0.2/bin;C:/Xilinx/Vitis/2020.2/bin;C:/Xilinx/Vivado/2020.2/ids_lite/ISE/bin/nt64;C:/Xilinx/Vivado/2020.2/ids_lite/ISE/lib/nt64;C:/Xilinx/Vitis_HLS/2020.2/bin;C:\WINDOWS\system32;C:\WINDOWS;C:\WINDOWS\System32\Wbem;C:\WINDOWS\System32\WindowsPowerShell\v1.0\;C:\WINDOWS\System32\OpenSSH\;C:\Program Files\Bandizip\;C:\Program Files\Microsoft SQL Server\130\Tools\Binn\;C:\Program Files\Amazon\AWSCLIV2\;C:\CodeSourcery\Sourcery G++ Lite\bin;C:\Program Files\Git\cmd;C:\Program Files\Git LFS;C:\Program Files\MATLAB\R2025a\bin;C:\Users\kccistc\AppData\Local\Microsoft\WindowsApps;C:\Users\kccistc\AppData\Local\Programs\Microsoft VS Code\bin;;C:/Xilinx/Vivado/2020.2\tps\mingw\6.2.0\win64.o\nt\bin;C:/Xilinx/Vivado/2020.2\tps\mingw\6.2.0\win64.o\nt\libexec\gcc\x86_64-w64-mingw32\6.2.0;C:/Xilinx/Vivado/2020.2\tps\win64\python-3.8.3;C:/Xilinx/Vivado/2020.2\tps\win64\python-3.8.3\bin;C:/Xilinx/Vivado/2020.2\tps\win64\python-3.8.3\lib;C:/Xilinx/Vivado/2020.2\tps\win64\python-3.8.3\lib\site-packages
USERNAME=kccistc
OS=Windows_NT
PROCESSOR_IDENTIFIER=Intel64 Family 6 Model 154 Stepping 3, GenuineIntel



---------------  S Y S T E M  ---------------

OS: Windows 10 , 64 bit Build 26100 (10.0.26100.4768)

CPU:total 16 (initial active 16) (8 cores per cpu, 2 threads per core) family 6 model 154 stepping 3, cmov, cx8, fxsr, mmx, sse, sse2, sse3, ssse3, sse4.1, sse4.2, popcnt, avx, avx2, aes, clmul, erms, 3dnowpref, lzcnt, ht, tsc, tscinvbit, bmi1, bmi2, adx, sha, fma

Memory: 4k page, system-wide physical 16066M (5307M free)
TotalPageFile size 32450M (AvailPageFile size 18779M)
current process WorkingSet (physical memory assigned to process): 620M, peak: 1092M
current process commit charge ("private bytes"): 1034M, peak: 1085M

vm_info: OpenJDK 64-Bit Server VM (11.0.2+9) for windows-amd64 JRE (11.0.2+9), built on Jan 18 2019 05:23:22 by "mach5one" with MS VC++ 15.5 (VS2017)

END.
