TRACE::2025-09-05.16:37:09::SCWPlatform::Trying to open the hw design at D:/CPU_workspace/0905_AXI4_Lite_FndController/vitis/design_1_wrapper/hw/design_1_wrapper.xsa
TRACE::2025-09-05.16:37:09::SCWPlatform::DSA given D:/CPU_workspace/0905_AXI4_Lite_FndController/vitis/design_1_wrapper/hw/design_1_wrapper.xsa
TRACE::2025-09-05.16:37:09::SCWPlatform::DSA absoulate path D:/CPU_workspace/0905_AXI4_Lite_FndController/vitis/design_1_wrapper/hw/design_1_wrapper.xsa
TRACE::2025-09-05.16:37:11::SCWPlatform::DSA directory D:/CPU_workspace/0905_AXI4_Lite_FndController/vitis/design_1_wrapper/hw
TRACE::2025-09-05.16:37:11::SCWPlatform:: Platform Path D:/CPU_workspace/0905_AXI4_Lite_FndController/vitis/design_1_wrapper/hw/design_1_wrapper.xsa
TRACE::2025-09-05.16:37:11::SCWPlatform:: Unique name xilinx:basys3::0.0
TRACE::2025-09-05.16:37:11::SCWPlatform::Do not have an existing db opened. 
TRACE::2025-09-05.16:37:11::SCWPlatform::Opened new HwDB with name design_1_wrapper_0
TRACE::2025-09-05.16:37:11::SCWWriter::formatted JSON is {
	"platformName":	"design_1_wrapper",
	"sprVersion":	"2.0",
	"mode":	"gui",
	"dsaType":	"Fixed",
	"platformDesc":	"design_1_wrapper",
	"platHandOff":	"D:/CPU_workspace/0905_AXI4_Lite_FndController/XSA_File/design_1_wrapper.xsa",
	"platIntHandOff":	"<platformDir>/hw/design_1_wrapper.xsa",
	"deviceType":	"FPGA",
	"platIsPrebuiltAutogen":	"false",
	"platIsNoBootBsp":	"false",
	"hasFsblMakeHasChanges":	"false",
	"hasPmufwMakeHasChanges":	"false",
	"platPreBuiltFlag":	false,
	"platformSamplesDir":	""
}
TRACE::2025-09-05.16:37:11::SCWWriter::formatted JSON is {
	"platformName":	"design_1_wrapper",
	"sprVersion":	"2.0",
	"mode":	"gui",
	"dsaType":	"Fixed",
	"platformDesc":	"design_1_wrapper",
	"platHandOff":	"D:/CPU_workspace/0905_AXI4_Lite_FndController/XSA_File/design_1_wrapper.xsa",
	"platIntHandOff":	"<platformDir>/hw/design_1_wrapper.xsa",
	"deviceType":	"FPGA",
	"platIsPrebuiltAutogen":	"false",
	"platIsNoBootBsp":	"false",
	"hasFsblMakeHasChanges":	"false",
	"hasPmufwMakeHasChanges":	"false",
	"platPreBuiltFlag":	false,
	"platformSamplesDir":	"",
	"platActiveSys":	"design_1_wrapper",
	"systems":	[{
			"systemName":	"design_1_wrapper",
			"systemDesc":	"design_1_wrapper",
			"sysIsBootAutoGen":	"true",
			"systemDispName":	"design_1_wrapper"
		}]
}
TRACE::2025-09-05.16:37:11::SCWPlatform::Boot application domains not present, creating them
TRACE::2025-09-05.16:37:11::SCWPlatform::Pure FPGA device, no boot application will be created.
TRACE::2025-09-05.16:37:11::SCWWriter::formatted JSON is {
	"platformName":	"design_1_wrapper",
	"sprVersion":	"2.0",
	"mode":	"gui",
	"dsaType":	"Fixed",
	"platformDesc":	"design_1_wrapper",
	"platHandOff":	"D:/CPU_workspace/0905_AXI4_Lite_FndController/XSA_File/design_1_wrapper.xsa",
	"platIntHandOff":	"<platformDir>/hw/design_1_wrapper.xsa",
	"deviceType":	"FPGA",
	"platIsPrebuiltAutogen":	"false",
	"platIsNoBootBsp":	"false",
	"hasFsblMakeHasChanges":	"false",
	"hasPmufwMakeHasChanges":	"false",
	"platPreBuiltFlag":	false,
	"platformSamplesDir":	"",
	"platActiveSys":	"design_1_wrapper",
	"systems":	[{
			"systemName":	"design_1_wrapper",
			"systemDesc":	"design_1_wrapper",
			"sysIsBootAutoGen":	"true",
			"systemDispName":	"design_1_wrapper"
		}]
}
TRACE::2025-09-05.16:37:11::SCWWriter::formatted JSON is {
	"platformName":	"design_1_wrapper",
	"sprVersion":	"2.0",
	"mode":	"gui",
	"dsaType":	"Fixed",
	"platformDesc":	"design_1_wrapper",
	"platHandOff":	"D:/CPU_workspace/0905_AXI4_Lite_FndController/XSA_File/design_1_wrapper.xsa",
	"platIntHandOff":	"<platformDir>/hw/design_1_wrapper.xsa",
	"deviceType":	"FPGA",
	"platIsPrebuiltAutogen":	"false",
	"platIsNoBootBsp":	"false",
	"hasFsblMakeHasChanges":	"false",
	"hasPmufwMakeHasChanges":	"false",
	"platPreBuiltFlag":	false,
	"platformSamplesDir":	"",
	"platActiveSys":	"design_1_wrapper",
	"systems":	[{
			"systemName":	"design_1_wrapper",
			"systemDesc":	"design_1_wrapper",
			"sysIsBootAutoGen":	"true",
			"systemDispName":	"design_1_wrapper"
		}]
}
TRACE::2025-09-05.16:37:11::SCWPlatform::Trying to open the hw design at D:/CPU_workspace/0905_AXI4_Lite_FndController/vitis/design_1_wrapper/hw/design_1_wrapper.xsa
TRACE::2025-09-05.16:37:11::SCWPlatform::DSA given D:/CPU_workspace/0905_AXI4_Lite_FndController/vitis/design_1_wrapper/hw/design_1_wrapper.xsa
TRACE::2025-09-05.16:37:11::SCWPlatform::DSA absoulate path D:/CPU_workspace/0905_AXI4_Lite_FndController/vitis/design_1_wrapper/hw/design_1_wrapper.xsa
TRACE::2025-09-05.16:37:11::SCWPlatform::DSA directory D:/CPU_workspace/0905_AXI4_Lite_FndController/vitis/design_1_wrapper/hw
TRACE::2025-09-05.16:37:11::SCWPlatform:: Platform Path D:/CPU_workspace/0905_AXI4_Lite_FndController/vitis/design_1_wrapper/hw/design_1_wrapper.xsa
TRACE::2025-09-05.16:37:11::SCWPlatform:: Unique name xilinx:basys3::0.0
TRACE::2025-09-05.16:37:11::SCWPlatform::Trying to set the existing hwdb with name design_1_wrapper_0
TRACE::2025-09-05.16:37:11::SCWPlatform::Opened existing hwdb design_1_wrapper_0
TRACE::2025-09-05.16:37:11::SCWPlatform::Found the Hw Db part of the input DSA
TRACE::2025-09-05.16:37:11::SCWDomain::checking for install qemu data   : 
TRACE::2025-09-05.16:37:11::SCWPlatform::Trying to open the hw design at D:/CPU_workspace/0905_AXI4_Lite_FndController/vitis/design_1_wrapper/hw/design_1_wrapper.xsa
TRACE::2025-09-05.16:37:11::SCWPlatform::DSA given D:/CPU_workspace/0905_AXI4_Lite_FndController/vitis/design_1_wrapper/hw/design_1_wrapper.xsa
TRACE::2025-09-05.16:37:11::SCWPlatform::DSA absoulate path D:/CPU_workspace/0905_AXI4_Lite_FndController/vitis/design_1_wrapper/hw/design_1_wrapper.xsa
TRACE::2025-09-05.16:37:11::SCWPlatform::DSA directory D:/CPU_workspace/0905_AXI4_Lite_FndController/vitis/design_1_wrapper/hw
TRACE::2025-09-05.16:37:11::SCWPlatform:: Platform Path D:/CPU_workspace/0905_AXI4_Lite_FndController/vitis/design_1_wrapper/hw/design_1_wrapper.xsa
TRACE::2025-09-05.16:37:11::SCWPlatform:: Unique name xilinx:basys3::0.0
TRACE::2025-09-05.16:37:11::SCWPlatform::Trying to set the existing hwdb with name design_1_wrapper_0
TRACE::2025-09-05.16:37:11::SCWPlatform::Opened existing hwdb design_1_wrapper_0
TRACE::2025-09-05.16:37:11::SCWPlatform::Found the Hw Db part of the input DSA
TRACE::2025-09-05.16:37:11::SCWPlatform::Trying to open the hw design at D:/CPU_workspace/0905_AXI4_Lite_FndController/vitis/design_1_wrapper/hw/design_1_wrapper.xsa
TRACE::2025-09-05.16:37:11::SCWPlatform::DSA given D:/CPU_workspace/0905_AXI4_Lite_FndController/vitis/design_1_wrapper/hw/design_1_wrapper.xsa
TRACE::2025-09-05.16:37:11::SCWPlatform::DSA absoulate path D:/CPU_workspace/0905_AXI4_Lite_FndController/vitis/design_1_wrapper/hw/design_1_wrapper.xsa
TRACE::2025-09-05.16:37:11::SCWPlatform::DSA directory D:/CPU_workspace/0905_AXI4_Lite_FndController/vitis/design_1_wrapper/hw
TRACE::2025-09-05.16:37:11::SCWPlatform:: Platform Path D:/CPU_workspace/0905_AXI4_Lite_FndController/vitis/design_1_wrapper/hw/design_1_wrapper.xsa
TRACE::2025-09-05.16:37:11::SCWPlatform:: Unique name xilinx:basys3::0.0
TRACE::2025-09-05.16:37:11::SCWPlatform::Trying to set the existing hwdb with name design_1_wrapper_0
TRACE::2025-09-05.16:37:11::SCWPlatform::Opened existing hwdb design_1_wrapper_0
TRACE::2025-09-05.16:37:11::SCWPlatform::Found the Hw Db part of the input DSA
TRACE::2025-09-05.16:37:11::SCWPlatform::Trying to open the hw design at D:/CPU_workspace/0905_AXI4_Lite_FndController/vitis/design_1_wrapper/hw/design_1_wrapper.xsa
TRACE::2025-09-05.16:37:11::SCWPlatform::DSA given D:/CPU_workspace/0905_AXI4_Lite_FndController/vitis/design_1_wrapper/hw/design_1_wrapper.xsa
TRACE::2025-09-05.16:37:11::SCWPlatform::DSA absoulate path D:/CPU_workspace/0905_AXI4_Lite_FndController/vitis/design_1_wrapper/hw/design_1_wrapper.xsa
TRACE::2025-09-05.16:37:11::SCWPlatform::DSA directory D:/CPU_workspace/0905_AXI4_Lite_FndController/vitis/design_1_wrapper/hw
TRACE::2025-09-05.16:37:11::SCWPlatform:: Platform Path D:/CPU_workspace/0905_AXI4_Lite_FndController/vitis/design_1_wrapper/hw/design_1_wrapper.xsa
TRACE::2025-09-05.16:37:11::SCWPlatform:: Unique name xilinx:basys3::0.0
TRACE::2025-09-05.16:37:11::SCWPlatform::Trying to set the existing hwdb with name design_1_wrapper_0
TRACE::2025-09-05.16:37:11::SCWPlatform::Opened existing hwdb design_1_wrapper_0
TRACE::2025-09-05.16:37:11::SCWPlatform::Found the Hw Db part of the input DSA
TRACE::2025-09-05.16:37:11::SCWMssOS::Checking the sw design at  D:/CPU_workspace/0905_AXI4_Lite_FndController/vitis/design_1_wrapper/microblaze_0/standalone_microblaze_0/bsp/system.mss
TRACE::2025-09-05.16:37:11::SCWMssOS::DEBUG:  swdes dump  
TRACE::2025-09-05.16:37:11::SCWMssOS::No sw design opened at  D:/CPU_workspace/0905_AXI4_Lite_FndController/vitis/design_1_wrapper/microblaze_0/standalone_microblaze_0/bsp/system.mss
TRACE::2025-09-05.16:37:11::SCWMssOS::mss does not exists at D:/CPU_workspace/0905_AXI4_Lite_FndController/vitis/design_1_wrapper/microblaze_0/standalone_microblaze_0/bsp/system.mss
TRACE::2025-09-05.16:37:11::SCWMssOS::Creating sw design at  D:/CPU_workspace/0905_AXI4_Lite_FndController/vitis/design_1_wrapper/microblaze_0/standalone_microblaze_0/bsp/system.mss
TRACE::2025-09-05.16:37:11::SCWMssOS::Adding the swdes entry, created swdb D:/CPU_workspace/0905_AXI4_Lite_FndController/vitis/design_1_wrapper/microblaze_0/standalone_microblaze_0/bsp/system.mss with des name D:/CPU_workspace/0905_AXI4_Lite_FndController/vitis/design_1_wrapper/microblaze_0/standalone_microblaze_0/bsp/system.mss
TRACE::2025-09-05.16:37:11::SCWMssOS::updating the scw layer changes to swdes at   D:/CPU_workspace/0905_AXI4_Lite_FndController/vitis/design_1_wrapper/microblaze_0/standalone_microblaze_0/bsp/system.mss
TRACE::2025-09-05.16:37:11::SCWMssOS::Writing mss at D:/CPU_workspace/0905_AXI4_Lite_FndController/vitis/design_1_wrapper/microblaze_0/standalone_microblaze_0/bsp/system.mss
TRACE::2025-09-05.16:37:11::SCWMssOS::Completed writing the mss file at D:/CPU_workspace/0905_AXI4_Lite_FndController/vitis/design_1_wrapper/microblaze_0/standalone_microblaze_0/bsp
TRACE::2025-09-05.16:37:11::SCWMssOS::Picking up changes from newly written mss file into SCW Layer. 
TRACE::2025-09-05.16:37:11::SCWMssOS::Updated the changes from newly written mss file into SCW Layer. 
TRACE::2025-09-05.16:37:11::SCWMssOS::Completed writing the mss file at D:/CPU_workspace/0905_AXI4_Lite_FndController/vitis/design_1_wrapper/microblaze_0/standalone_microblaze_0/bsp
TRACE::2025-09-05.16:37:11::SCWMssOS::Forcing BSP Sources regeneration.
TRACE::2025-09-05.16:37:12::SCWMssOS::Saving the mss changes D:/CPU_workspace/0905_AXI4_Lite_FndController/vitis/design_1_wrapper/microblaze_0/standalone_microblaze_0/bsp/system.mss
TRACE::2025-09-05.16:37:12::SCWMssOS::Found a swdesign opened with the mssfile.
TRACE::2025-09-05.16:37:12::SCWMssOS::Running validate of swdbs.
KEYINFO::2025-09-05.16:37:12::SCWMssOS::Could not open the swdb for D:/CPU_workspace/0905_AXI4_Lite_FndController/vitis/design_1_wrapper/microblaze_0/standalone_microblaze_0/bsp/system.mss
KEYINFO::2025-09-05.16:37:12::SCWMssOS::Could not open the sw design at  D:/CPU_workspace/0905_AXI4_Lite_FndController/vitis/design_1_wrapper/microblaze_0/standalone_microblaze_0/bsp/system.mss
ERROR: [Hsi 55-1558] Software Design D:/CPU_workspace/0905_AXI4_Lite_FndController/vitis/design_1_wrapper/microblaze_0/standalone_microblaze_0/bsp/system.mss is not found

TRACE::2025-09-05.16:37:12::SCWMssOS::Cleared the swdb table entry
TRACE::2025-09-05.16:37:12::SCWMssOS::Adding the swdes entry, mss present, able to open swdb D:/CPU_workspace/0905_AXI4_Lite_FndController/vitis/design_1_wrapper/microblaze_0/standalone_microblaze_0/bsp/system.mss with des name system
TRACE::2025-09-05.16:37:12::SCWMssOS::Writing the mss file completed D:/CPU_workspace/0905_AXI4_Lite_FndController/vitis/design_1_wrapper/microblaze_0/standalone_microblaze_0/bsp/system.mss
TRACE::2025-09-05.16:37:12::SCWMssOS::Commit changes completed.
TRACE::2025-09-05.16:37:12::SCWPlatform::Trying to open the hw design at D:/CPU_workspace/0905_AXI4_Lite_FndController/vitis/design_1_wrapper/hw/design_1_wrapper.xsa
TRACE::2025-09-05.16:37:12::SCWPlatform::DSA given D:/CPU_workspace/0905_AXI4_Lite_FndController/vitis/design_1_wrapper/hw/design_1_wrapper.xsa
TRACE::2025-09-05.16:37:12::SCWPlatform::DSA absoulate path D:/CPU_workspace/0905_AXI4_Lite_FndController/vitis/design_1_wrapper/hw/design_1_wrapper.xsa
TRACE::2025-09-05.16:37:12::SCWPlatform::DSA directory D:/CPU_workspace/0905_AXI4_Lite_FndController/vitis/design_1_wrapper/hw
TRACE::2025-09-05.16:37:12::SCWPlatform:: Platform Path D:/CPU_workspace/0905_AXI4_Lite_FndController/vitis/design_1_wrapper/hw/design_1_wrapper.xsa
TRACE::2025-09-05.16:37:12::SCWPlatform:: Unique name xilinx:basys3::0.0
TRACE::2025-09-05.16:37:12::SCWPlatform::Trying to set the existing hwdb with name design_1_wrapper_0
TRACE::2025-09-05.16:37:12::SCWPlatform::Opened existing hwdb design_1_wrapper_0
TRACE::2025-09-05.16:37:12::SCWPlatform::Found the Hw Db part of the input DSA
TRACE::2025-09-05.16:37:12::SCWMssOS::Checking the sw design at  D:/CPU_workspace/0905_AXI4_Lite_FndController/vitis/design_1_wrapper/microblaze_0/standalone_microblaze_0/bsp/system.mss
TRACE::2025-09-05.16:37:12::SCWMssOS::DEBUG:  swdes dump  D:/CPU_workspace/0905_AXI4_Lite_FndController/vitis/design_1_wrapper/microblaze_0/standalone_microblaze_0/bsp/system.mss|system||

TRACE::2025-09-05.16:37:12::SCWMssOS::Sw design exists and opened at  D:/CPU_workspace/0905_AXI4_Lite_FndController/vitis/design_1_wrapper/microblaze_0/standalone_microblaze_0/bsp/system.mss
TRACE::2025-09-05.16:37:12::SCWPlatform::Trying to open the hw design at D:/CPU_workspace/0905_AXI4_Lite_FndController/vitis/design_1_wrapper/hw/design_1_wrapper.xsa
TRACE::2025-09-05.16:37:12::SCWPlatform::DSA given D:/CPU_workspace/0905_AXI4_Lite_FndController/vitis/design_1_wrapper/hw/design_1_wrapper.xsa
TRACE::2025-09-05.16:37:12::SCWPlatform::DSA absoulate path D:/CPU_workspace/0905_AXI4_Lite_FndController/vitis/design_1_wrapper/hw/design_1_wrapper.xsa
TRACE::2025-09-05.16:37:12::SCWPlatform::DSA directory D:/CPU_workspace/0905_AXI4_Lite_FndController/vitis/design_1_wrapper/hw
TRACE::2025-09-05.16:37:12::SCWPlatform:: Platform Path D:/CPU_workspace/0905_AXI4_Lite_FndController/vitis/design_1_wrapper/hw/design_1_wrapper.xsa
TRACE::2025-09-05.16:37:12::SCWPlatform:: Unique name xilinx:basys3::0.0
TRACE::2025-09-05.16:37:12::SCWPlatform::Trying to set the existing hwdb with name design_1_wrapper_0
TRACE::2025-09-05.16:37:12::SCWPlatform::Opened existing hwdb design_1_wrapper_0
TRACE::2025-09-05.16:37:12::SCWPlatform::Found the Hw Db part of the input DSA
TRACE::2025-09-05.16:37:12::SCWMssOS::Checking the sw design at  D:/CPU_workspace/0905_AXI4_Lite_FndController/vitis/design_1_wrapper/microblaze_0/standalone_microblaze_0/bsp/system.mss
TRACE::2025-09-05.16:37:12::SCWMssOS::DEBUG:  swdes dump  D:/CPU_workspace/0905_AXI4_Lite_FndController/vitis/design_1_wrapper/microblaze_0/standalone_microblaze_0/bsp/system.mss|system||

TRACE::2025-09-05.16:37:12::SCWMssOS::Sw design exists and opened at  D:/CPU_workspace/0905_AXI4_Lite_FndController/vitis/design_1_wrapper/microblaze_0/standalone_microblaze_0/bsp/system.mss
TRACE::2025-09-05.16:37:12::SCWPlatform::Trying to open the hw design at D:/CPU_workspace/0905_AXI4_Lite_FndController/vitis/design_1_wrapper/hw/design_1_wrapper.xsa
TRACE::2025-09-05.16:37:12::SCWPlatform::DSA given D:/CPU_workspace/0905_AXI4_Lite_FndController/vitis/design_1_wrapper/hw/design_1_wrapper.xsa
TRACE::2025-09-05.16:37:12::SCWPlatform::DSA absoulate path D:/CPU_workspace/0905_AXI4_Lite_FndController/vitis/design_1_wrapper/hw/design_1_wrapper.xsa
TRACE::2025-09-05.16:37:12::SCWPlatform::DSA directory D:/CPU_workspace/0905_AXI4_Lite_FndController/vitis/design_1_wrapper/hw
TRACE::2025-09-05.16:37:12::SCWPlatform:: Platform Path D:/CPU_workspace/0905_AXI4_Lite_FndController/vitis/design_1_wrapper/hw/design_1_wrapper.xsa
TRACE::2025-09-05.16:37:12::SCWPlatform:: Unique name xilinx:basys3::0.0
TRACE::2025-09-05.16:37:12::SCWPlatform::Trying to set the existing hwdb with name design_1_wrapper_0
TRACE::2025-09-05.16:37:12::SCWPlatform::Opened existing hwdb design_1_wrapper_0
TRACE::2025-09-05.16:37:12::SCWPlatform::Found the Hw Db part of the input DSA
TRACE::2025-09-05.16:37:12::SCWMssOS::Checking the sw design at  D:/CPU_workspace/0905_AXI4_Lite_FndController/vitis/design_1_wrapper/microblaze_0/standalone_microblaze_0/bsp/system.mss
TRACE::2025-09-05.16:37:12::SCWMssOS::DEBUG:  swdes dump  D:/CPU_workspace/0905_AXI4_Lite_FndController/vitis/design_1_wrapper/microblaze_0/standalone_microblaze_0/bsp/system.mss|system||

TRACE::2025-09-05.16:37:12::SCWMssOS::Sw design exists and opened at  D:/CPU_workspace/0905_AXI4_Lite_FndController/vitis/design_1_wrapper/microblaze_0/standalone_microblaze_0/bsp/system.mss
TRACE::2025-09-05.16:37:12::SCWWriter::formatted JSON is {
	"platformName":	"design_1_wrapper",
	"sprVersion":	"2.0",
	"mode":	"gui",
	"dsaType":	"Fixed",
	"platformDesc":	"design_1_wrapper",
	"platHandOff":	"D:/CPU_workspace/0905_AXI4_Lite_FndController/XSA_File/design_1_wrapper.xsa",
	"platIntHandOff":	"<platformDir>/hw/design_1_wrapper.xsa",
	"deviceType":	"FPGA",
	"platIsPrebuiltAutogen":	"false",
	"platIsNoBootBsp":	"false",
	"hasFsblMakeHasChanges":	"false",
	"hasPmufwMakeHasChanges":	"false",
	"platPreBuiltFlag":	false,
	"platformSamplesDir":	"",
	"platActiveSys":	"design_1_wrapper",
	"systems":	[{
			"systemName":	"design_1_wrapper",
			"systemDesc":	"design_1_wrapper",
			"sysIsBootAutoGen":	"true",
			"systemDispName":	"design_1_wrapper",
			"sysActiveDom":	"standalone_microblaze_0",
			"sysDefaultDom":	"standalone_microblaze_0",
			"domains":	[{
					"domainName":	"standalone_microblaze_0",
					"domainDispName":	"standalone_microblaze_0",
					"domainDesc":	"standalone_microblaze_0",
					"processors":	"microblaze_0",
					"os":	"standalone",
					"sdxOs":	"standalone",
					"debugEnable":	"False",
					"domRuntimes":	["cpp"],
					"swRepo":	"",
					"mssOsVer":	"7.3",
					"mssFile":	"",
					"md5Digest":	"7f99b9c2178939f83755dae725112116",
					"compatibleApp":	"hello_world",
					"domType":	"mssDomain",
					"arch":	"32-bit",
					"appSettings":	{
						"appCompilerFlags":	"",
						"appLinkerFlags":	""
					},
					"addedLibs":	[],
					"libOptions":	{
						"libsContainingOptions":	[]
					},
					"prebuiltLibs":	{
						"prebuiltIncPath":	[],
						"prebuiltLibPath":	[]
					},
					"isolation":	{
					}
				}]
		}]
}
LOG::2025-09-05.16:37:12::SCWPlatform::Started generating the artifacts platform design_1_wrapper
TRACE::2025-09-05.16:37:12::SCWPlatform::Sanity checking of platform is completed
LOG::2025-09-05.16:37:12::SCWPlatform::Started generating the artifacts for system configuration design_1_wrapper
LOG::2025-09-05.16:37:12::SCWSystem::Checking the domain standalone_microblaze_0
LOG::2025-09-05.16:37:12::SCWSystem::Not a boot domain 
LOG::2025-09-05.16:37:12::SCWSystem::Started Processing the domain standalone_microblaze_0
TRACE::2025-09-05.16:37:12::SCWDomain::Generating domain artifcats
TRACE::2025-09-05.16:37:12::SCWMssOS::Generating standalone artifcats
TRACE::2025-09-05.16:37:12::SCWMssOS:: Copying the user libraries. 
TRACE::2025-09-05.16:37:12::SCWPlatform::Trying to open the hw design at D:/CPU_workspace/0905_AXI4_Lite_FndController/vitis/design_1_wrapper/hw/design_1_wrapper.xsa
TRACE::2025-09-05.16:37:12::SCWPlatform::DSA given D:/CPU_workspace/0905_AXI4_Lite_FndController/vitis/design_1_wrapper/hw/design_1_wrapper.xsa
TRACE::2025-09-05.16:37:12::SCWPlatform::DSA absoulate path D:/CPU_workspace/0905_AXI4_Lite_FndController/vitis/design_1_wrapper/hw/design_1_wrapper.xsa
TRACE::2025-09-05.16:37:12::SCWPlatform::DSA directory D:/CPU_workspace/0905_AXI4_Lite_FndController/vitis/design_1_wrapper/hw
TRACE::2025-09-05.16:37:12::SCWPlatform:: Platform Path D:/CPU_workspace/0905_AXI4_Lite_FndController/vitis/design_1_wrapper/hw/design_1_wrapper.xsa
TRACE::2025-09-05.16:37:12::SCWPlatform:: Unique name xilinx:basys3::0.0
TRACE::2025-09-05.16:37:12::SCWPlatform::Trying to set the existing hwdb with name design_1_wrapper_0
TRACE::2025-09-05.16:37:12::SCWPlatform::Opened existing hwdb design_1_wrapper_0
TRACE::2025-09-05.16:37:12::SCWPlatform::Found the Hw Db part of the input DSA
TRACE::2025-09-05.16:37:12::SCWMssOS::Checking the sw design at  D:/CPU_workspace/0905_AXI4_Lite_FndController/vitis/design_1_wrapper/microblaze_0/standalone_microblaze_0/bsp/system.mss
TRACE::2025-09-05.16:37:12::SCWMssOS::DEBUG:  swdes dump  D:/CPU_workspace/0905_AXI4_Lite_FndController/vitis/design_1_wrapper/microblaze_0/standalone_microblaze_0/bsp/system.mss|system||

TRACE::2025-09-05.16:37:12::SCWMssOS::Sw design exists and opened at  D:/CPU_workspace/0905_AXI4_Lite_FndController/vitis/design_1_wrapper/microblaze_0/standalone_microblaze_0/bsp/system.mss
TRACE::2025-09-05.16:37:12::SCWMssOS::Completed writing the mss file at D:/CPU_workspace/0905_AXI4_Lite_FndController/vitis/design_1_wrapper/microblaze_0/standalone_microblaze_0/bsp
TRACE::2025-09-05.16:37:12::SCWMssOS::Mss edits present, copying mssfile into export location D:/CPU_workspace/0905_AXI4_Lite_FndController/vitis/design_1_wrapper/microblaze_0/standalone_microblaze_0/bsp/system.mss
TRACE::2025-09-05.16:37:12::SCWMssOS::bsp generated is upto date with the mss file. Skipping bsp generation.
TRACE::2025-09-05.16:37:12::SCWMssOS::BSP is already built. skipping the bsp build ... 
TRACE::2025-09-05.16:37:12::SCWDomain::Skipping the build for domain :  standalone_microblaze_0
TRACE::2025-09-05.16:37:12::SCWMssOS::skipping the bsp build ... 
TRACE::2025-09-05.16:37:12::SCWMssOS::Copying to export directory.
TRACE::2025-09-05.16:37:12::SCWMssOS:: Checking if to create the Supporting Applications
TRACE::2025-09-05.16:37:12::SCWMssOS:: No Linux domain exists, trying to generate FSBL 
LOG::2025-09-05.16:37:12::SCWSystem::Completed Processing the domain standalone_microblaze_0
LOG::2025-09-05.16:37:12::SCWSystem::Completed Processing the sysconfig design_1_wrapper
LOG::2025-09-05.16:37:12::SCWPlatform::Completed generating the artifacts for system configuration design_1_wrapper
TRACE::2025-09-05.16:37:12::SCWPlatform::Started preparing the platform 
TRACE::2025-09-05.16:37:12::SCWSystem::Writing the bif file for system config design_1_wrapper
TRACE::2025-09-05.16:37:12::SCWSystem::dir created 
TRACE::2025-09-05.16:37:12::SCWSystem::Writing the bif 
TRACE::2025-09-05.16:37:12::SCWPlatform::Started writing the spfm file 
TRACE::2025-09-05.16:37:12::SCWPlatform::Started writing the xpfm file 
TRACE::2025-09-05.16:37:12::SCWPlatform::Completed generating the platform
TRACE::2025-09-05.16:37:12::SCWMssOS::Saving the mss changes D:/CPU_workspace/0905_AXI4_Lite_FndController/vitis/design_1_wrapper/microblaze_0/standalone_microblaze_0/bsp/system.mss
TRACE::2025-09-05.16:37:12::SCWMssOS::Found a swdesign opened with the mssfile.
TRACE::2025-09-05.16:37:12::SCWMssOS::Completed writemss as part of save.
TRACE::2025-09-05.16:37:12::SCWMssOS::Commit changes completed.
TRACE::2025-09-05.16:37:12::SCWPlatform::Trying to open the hw design at D:/CPU_workspace/0905_AXI4_Lite_FndController/vitis/design_1_wrapper/hw/design_1_wrapper.xsa
TRACE::2025-09-05.16:37:12::SCWPlatform::DSA given D:/CPU_workspace/0905_AXI4_Lite_FndController/vitis/design_1_wrapper/hw/design_1_wrapper.xsa
TRACE::2025-09-05.16:37:12::SCWPlatform::DSA absoulate path D:/CPU_workspace/0905_AXI4_Lite_FndController/vitis/design_1_wrapper/hw/design_1_wrapper.xsa
TRACE::2025-09-05.16:37:12::SCWPlatform::DSA directory D:/CPU_workspace/0905_AXI4_Lite_FndController/vitis/design_1_wrapper/hw
TRACE::2025-09-05.16:37:12::SCWPlatform:: Platform Path D:/CPU_workspace/0905_AXI4_Lite_FndController/vitis/design_1_wrapper/hw/design_1_wrapper.xsa
TRACE::2025-09-05.16:37:12::SCWPlatform:: Unique name xilinx:basys3::0.0
TRACE::2025-09-05.16:37:12::SCWPlatform::Trying to set the existing hwdb with name design_1_wrapper_0
TRACE::2025-09-05.16:37:12::SCWPlatform::Opened existing hwdb design_1_wrapper_0
TRACE::2025-09-05.16:37:12::SCWPlatform::Found the Hw Db part of the input DSA
TRACE::2025-09-05.16:37:12::SCWMssOS::Checking the sw design at  D:/CPU_workspace/0905_AXI4_Lite_FndController/vitis/design_1_wrapper/microblaze_0/standalone_microblaze_0/bsp/system.mss
TRACE::2025-09-05.16:37:12::SCWMssOS::DEBUG:  swdes dump  D:/CPU_workspace/0905_AXI4_Lite_FndController/vitis/design_1_wrapper/microblaze_0/standalone_microblaze_0/bsp/system.mss|system||

TRACE::2025-09-05.16:37:12::SCWMssOS::Sw design exists and opened at  D:/CPU_workspace/0905_AXI4_Lite_FndController/vitis/design_1_wrapper/microblaze_0/standalone_microblaze_0/bsp/system.mss
TRACE::2025-09-05.16:37:12::SCWPlatform::Trying to open the hw design at D:/CPU_workspace/0905_AXI4_Lite_FndController/vitis/design_1_wrapper/hw/design_1_wrapper.xsa
TRACE::2025-09-05.16:37:12::SCWPlatform::DSA given D:/CPU_workspace/0905_AXI4_Lite_FndController/vitis/design_1_wrapper/hw/design_1_wrapper.xsa
TRACE::2025-09-05.16:37:12::SCWPlatform::DSA absoulate path D:/CPU_workspace/0905_AXI4_Lite_FndController/vitis/design_1_wrapper/hw/design_1_wrapper.xsa
TRACE::2025-09-05.16:37:12::SCWPlatform::DSA directory D:/CPU_workspace/0905_AXI4_Lite_FndController/vitis/design_1_wrapper/hw
TRACE::2025-09-05.16:37:12::SCWPlatform:: Platform Path D:/CPU_workspace/0905_AXI4_Lite_FndController/vitis/design_1_wrapper/hw/design_1_wrapper.xsa
TRACE::2025-09-05.16:37:12::SCWPlatform:: Unique name xilinx:basys3::0.0
TRACE::2025-09-05.16:37:12::SCWPlatform::Trying to set the existing hwdb with name design_1_wrapper_0
TRACE::2025-09-05.16:37:12::SCWPlatform::Opened existing hwdb design_1_wrapper_0
TRACE::2025-09-05.16:37:12::SCWPlatform::Found the Hw Db part of the input DSA
TRACE::2025-09-05.16:37:12::SCWMssOS::Checking the sw design at  D:/CPU_workspace/0905_AXI4_Lite_FndController/vitis/design_1_wrapper/microblaze_0/standalone_microblaze_0/bsp/system.mss
TRACE::2025-09-05.16:37:12::SCWMssOS::DEBUG:  swdes dump  D:/CPU_workspace/0905_AXI4_Lite_FndController/vitis/design_1_wrapper/microblaze_0/standalone_microblaze_0/bsp/system.mss|system||

TRACE::2025-09-05.16:37:12::SCWMssOS::Sw design exists and opened at  D:/CPU_workspace/0905_AXI4_Lite_FndController/vitis/design_1_wrapper/microblaze_0/standalone_microblaze_0/bsp/system.mss
TRACE::2025-09-05.16:37:12::SCWPlatform::Trying to open the hw design at D:/CPU_workspace/0905_AXI4_Lite_FndController/vitis/design_1_wrapper/hw/design_1_wrapper.xsa
TRACE::2025-09-05.16:37:12::SCWPlatform::DSA given D:/CPU_workspace/0905_AXI4_Lite_FndController/vitis/design_1_wrapper/hw/design_1_wrapper.xsa
TRACE::2025-09-05.16:37:12::SCWPlatform::DSA absoulate path D:/CPU_workspace/0905_AXI4_Lite_FndController/vitis/design_1_wrapper/hw/design_1_wrapper.xsa
TRACE::2025-09-05.16:37:12::SCWPlatform::DSA directory D:/CPU_workspace/0905_AXI4_Lite_FndController/vitis/design_1_wrapper/hw
TRACE::2025-09-05.16:37:12::SCWPlatform:: Platform Path D:/CPU_workspace/0905_AXI4_Lite_FndController/vitis/design_1_wrapper/hw/design_1_wrapper.xsa
TRACE::2025-09-05.16:37:12::SCWPlatform:: Unique name xilinx:basys3::0.0
TRACE::2025-09-05.16:37:12::SCWPlatform::Trying to set the existing hwdb with name design_1_wrapper_0
TRACE::2025-09-05.16:37:12::SCWPlatform::Opened existing hwdb design_1_wrapper_0
TRACE::2025-09-05.16:37:12::SCWPlatform::Found the Hw Db part of the input DSA
TRACE::2025-09-05.16:37:12::SCWMssOS::Checking the sw design at  D:/CPU_workspace/0905_AXI4_Lite_FndController/vitis/design_1_wrapper/microblaze_0/standalone_microblaze_0/bsp/system.mss
TRACE::2025-09-05.16:37:12::SCWMssOS::DEBUG:  swdes dump  D:/CPU_workspace/0905_AXI4_Lite_FndController/vitis/design_1_wrapper/microblaze_0/standalone_microblaze_0/bsp/system.mss|system||

TRACE::2025-09-05.16:37:12::SCWMssOS::Sw design exists and opened at  D:/CPU_workspace/0905_AXI4_Lite_FndController/vitis/design_1_wrapper/microblaze_0/standalone_microblaze_0/bsp/system.mss
TRACE::2025-09-05.16:37:12::SCWWriter::formatted JSON is {
	"platformName":	"design_1_wrapper",
	"sprVersion":	"2.0",
	"mode":	"gui",
	"dsaType":	"Fixed",
	"platformDesc":	"design_1_wrapper",
	"platHandOff":	"D:/CPU_workspace/0905_AXI4_Lite_FndController/XSA_File/design_1_wrapper.xsa",
	"platIntHandOff":	"<platformDir>/hw/design_1_wrapper.xsa",
	"deviceType":	"FPGA",
	"platIsPrebuiltAutogen":	"false",
	"platIsNoBootBsp":	"false",
	"hasFsblMakeHasChanges":	"false",
	"hasPmufwMakeHasChanges":	"false",
	"platPreBuiltFlag":	false,
	"platformSamplesDir":	"",
	"platActiveSys":	"design_1_wrapper",
	"systems":	[{
			"systemName":	"design_1_wrapper",
			"systemDesc":	"design_1_wrapper",
			"sysIsBootAutoGen":	"true",
			"systemDispName":	"design_1_wrapper",
			"sysActiveDom":	"standalone_microblaze_0",
			"sysDefaultDom":	"standalone_microblaze_0",
			"domains":	[{
					"domainName":	"standalone_microblaze_0",
					"domainDispName":	"standalone_microblaze_0",
					"domainDesc":	"standalone_microblaze_0",
					"processors":	"microblaze_0",
					"os":	"standalone",
					"sdxOs":	"standalone",
					"debugEnable":	"False",
					"domRuntimes":	["cpp"],
					"swRepo":	"",
					"mssOsVer":	"7.3",
					"mssFile":	"",
					"md5Digest":	"7f99b9c2178939f83755dae725112116",
					"compatibleApp":	"hello_world",
					"domType":	"mssDomain",
					"arch":	"32-bit",
					"appSettings":	{
						"appCompilerFlags":	"",
						"appLinkerFlags":	""
					},
					"addedLibs":	[],
					"libOptions":	{
						"libsContainingOptions":	[]
					},
					"prebuiltLibs":	{
						"prebuiltIncPath":	[],
						"prebuiltLibPath":	[]
					},
					"isolation":	{
					}
				}]
		}]
}
KEYINFO::2025-09-05.16:37:12::SCWPlatform::updated the xpfm file.
TRACE::2025-09-05.16:37:13::SCWPlatform::Trying to open the hw design at D:/CPU_workspace/0905_AXI4_Lite_FndController/vitis/design_1_wrapper/hw/design_1_wrapper.xsa
TRACE::2025-09-05.16:37:13::SCWPlatform::DSA given D:/CPU_workspace/0905_AXI4_Lite_FndController/vitis/design_1_wrapper/hw/design_1_wrapper.xsa
TRACE::2025-09-05.16:37:13::SCWPlatform::DSA absoulate path D:/CPU_workspace/0905_AXI4_Lite_FndController/vitis/design_1_wrapper/hw/design_1_wrapper.xsa
TRACE::2025-09-05.16:37:13::SCWPlatform::DSA directory D:/CPU_workspace/0905_AXI4_Lite_FndController/vitis/design_1_wrapper/hw
TRACE::2025-09-05.16:37:13::SCWPlatform:: Platform Path D:/CPU_workspace/0905_AXI4_Lite_FndController/vitis/design_1_wrapper/hw/design_1_wrapper.xsa
TRACE::2025-09-05.16:37:13::SCWPlatform:: Unique name xilinx:basys3::0.0
TRACE::2025-09-05.16:37:13::SCWPlatform::Trying to set the existing hwdb with name design_1_wrapper_0
TRACE::2025-09-05.16:37:13::SCWPlatform::Opened existing hwdb design_1_wrapper_0
TRACE::2025-09-05.16:37:13::SCWPlatform::Found the Hw Db part of the input DSA
TRACE::2025-09-05.16:37:13::SCWMssOS::Checking the sw design at  D:/CPU_workspace/0905_AXI4_Lite_FndController/vitis/design_1_wrapper/microblaze_0/standalone_microblaze_0/bsp/system.mss
TRACE::2025-09-05.16:37:13::SCWMssOS::DEBUG:  swdes dump  D:/CPU_workspace/0905_AXI4_Lite_FndController/vitis/design_1_wrapper/microblaze_0/standalone_microblaze_0/bsp/system.mss|system||

TRACE::2025-09-05.16:37:13::SCWMssOS::Sw design exists and opened at  D:/CPU_workspace/0905_AXI4_Lite_FndController/vitis/design_1_wrapper/microblaze_0/standalone_microblaze_0/bsp/system.mss
TRACE::2025-09-05.16:37:13::SCWMssOS::Saving the mss changes D:/CPU_workspace/0905_AXI4_Lite_FndController/vitis/design_1_wrapper/microblaze_0/standalone_microblaze_0/bsp/system.mss
TRACE::2025-09-05.16:37:13::SCWMssOS::Found a swdesign opened with the mssfile.
TRACE::2025-09-05.16:37:13::SCWMssOS::Completed writemss as part of save.
TRACE::2025-09-05.16:37:13::SCWMssOS::Commit changes completed.
TRACE::2025-09-05.16:37:13::SCWPlatform::Trying to open the hw design at D:/CPU_workspace/0905_AXI4_Lite_FndController/vitis/design_1_wrapper/hw/design_1_wrapper.xsa
TRACE::2025-09-05.16:37:13::SCWPlatform::DSA given D:/CPU_workspace/0905_AXI4_Lite_FndController/vitis/design_1_wrapper/hw/design_1_wrapper.xsa
TRACE::2025-09-05.16:37:13::SCWPlatform::DSA absoulate path D:/CPU_workspace/0905_AXI4_Lite_FndController/vitis/design_1_wrapper/hw/design_1_wrapper.xsa
TRACE::2025-09-05.16:37:13::SCWPlatform::DSA directory D:/CPU_workspace/0905_AXI4_Lite_FndController/vitis/design_1_wrapper/hw
TRACE::2025-09-05.16:37:13::SCWPlatform:: Platform Path D:/CPU_workspace/0905_AXI4_Lite_FndController/vitis/design_1_wrapper/hw/design_1_wrapper.xsa
TRACE::2025-09-05.16:37:13::SCWPlatform:: Unique name xilinx:basys3::0.0
TRACE::2025-09-05.16:37:13::SCWPlatform::Trying to set the existing hwdb with name design_1_wrapper_0
TRACE::2025-09-05.16:37:13::SCWPlatform::Opened existing hwdb design_1_wrapper_0
TRACE::2025-09-05.16:37:13::SCWPlatform::Found the Hw Db part of the input DSA
TRACE::2025-09-05.16:37:13::SCWMssOS::Checking the sw design at  D:/CPU_workspace/0905_AXI4_Lite_FndController/vitis/design_1_wrapper/microblaze_0/standalone_microblaze_0/bsp/system.mss
TRACE::2025-09-05.16:37:13::SCWMssOS::DEBUG:  swdes dump  D:/CPU_workspace/0905_AXI4_Lite_FndController/vitis/design_1_wrapper/microblaze_0/standalone_microblaze_0/bsp/system.mss|system||

TRACE::2025-09-05.16:37:13::SCWMssOS::Sw design exists and opened at  D:/CPU_workspace/0905_AXI4_Lite_FndController/vitis/design_1_wrapper/microblaze_0/standalone_microblaze_0/bsp/system.mss
TRACE::2025-09-05.16:37:13::SCWPlatform::Trying to open the hw design at D:/CPU_workspace/0905_AXI4_Lite_FndController/vitis/design_1_wrapper/hw/design_1_wrapper.xsa
TRACE::2025-09-05.16:37:13::SCWPlatform::DSA given D:/CPU_workspace/0905_AXI4_Lite_FndController/vitis/design_1_wrapper/hw/design_1_wrapper.xsa
TRACE::2025-09-05.16:37:13::SCWPlatform::DSA absoulate path D:/CPU_workspace/0905_AXI4_Lite_FndController/vitis/design_1_wrapper/hw/design_1_wrapper.xsa
TRACE::2025-09-05.16:37:13::SCWPlatform::DSA directory D:/CPU_workspace/0905_AXI4_Lite_FndController/vitis/design_1_wrapper/hw
TRACE::2025-09-05.16:37:13::SCWPlatform:: Platform Path D:/CPU_workspace/0905_AXI4_Lite_FndController/vitis/design_1_wrapper/hw/design_1_wrapper.xsa
TRACE::2025-09-05.16:37:13::SCWPlatform:: Unique name xilinx:basys3::0.0
TRACE::2025-09-05.16:37:13::SCWPlatform::Trying to set the existing hwdb with name design_1_wrapper_0
TRACE::2025-09-05.16:37:13::SCWPlatform::Opened existing hwdb design_1_wrapper_0
TRACE::2025-09-05.16:37:13::SCWPlatform::Found the Hw Db part of the input DSA
TRACE::2025-09-05.16:37:13::SCWMssOS::Checking the sw design at  D:/CPU_workspace/0905_AXI4_Lite_FndController/vitis/design_1_wrapper/microblaze_0/standalone_microblaze_0/bsp/system.mss
TRACE::2025-09-05.16:37:13::SCWMssOS::DEBUG:  swdes dump  D:/CPU_workspace/0905_AXI4_Lite_FndController/vitis/design_1_wrapper/microblaze_0/standalone_microblaze_0/bsp/system.mss|system||

TRACE::2025-09-05.16:37:13::SCWMssOS::Sw design exists and opened at  D:/CPU_workspace/0905_AXI4_Lite_FndController/vitis/design_1_wrapper/microblaze_0/standalone_microblaze_0/bsp/system.mss
TRACE::2025-09-05.16:37:13::SCWPlatform::Trying to open the hw design at D:/CPU_workspace/0905_AXI4_Lite_FndController/vitis/design_1_wrapper/hw/design_1_wrapper.xsa
TRACE::2025-09-05.16:37:13::SCWPlatform::DSA given D:/CPU_workspace/0905_AXI4_Lite_FndController/vitis/design_1_wrapper/hw/design_1_wrapper.xsa
TRACE::2025-09-05.16:37:13::SCWPlatform::DSA absoulate path D:/CPU_workspace/0905_AXI4_Lite_FndController/vitis/design_1_wrapper/hw/design_1_wrapper.xsa
TRACE::2025-09-05.16:37:13::SCWPlatform::DSA directory D:/CPU_workspace/0905_AXI4_Lite_FndController/vitis/design_1_wrapper/hw
TRACE::2025-09-05.16:37:13::SCWPlatform:: Platform Path D:/CPU_workspace/0905_AXI4_Lite_FndController/vitis/design_1_wrapper/hw/design_1_wrapper.xsa
TRACE::2025-09-05.16:37:13::SCWPlatform:: Unique name xilinx:basys3::0.0
TRACE::2025-09-05.16:37:13::SCWPlatform::Trying to set the existing hwdb with name design_1_wrapper_0
TRACE::2025-09-05.16:37:13::SCWPlatform::Opened existing hwdb design_1_wrapper_0
TRACE::2025-09-05.16:37:13::SCWPlatform::Found the Hw Db part of the input DSA
TRACE::2025-09-05.16:37:13::SCWMssOS::Checking the sw design at  D:/CPU_workspace/0905_AXI4_Lite_FndController/vitis/design_1_wrapper/microblaze_0/standalone_microblaze_0/bsp/system.mss
TRACE::2025-09-05.16:37:13::SCWMssOS::DEBUG:  swdes dump  D:/CPU_workspace/0905_AXI4_Lite_FndController/vitis/design_1_wrapper/microblaze_0/standalone_microblaze_0/bsp/system.mss|system||

TRACE::2025-09-05.16:37:13::SCWMssOS::Sw design exists and opened at  D:/CPU_workspace/0905_AXI4_Lite_FndController/vitis/design_1_wrapper/microblaze_0/standalone_microblaze_0/bsp/system.mss
TRACE::2025-09-05.16:37:13::SCWWriter::formatted JSON is {
	"platformName":	"design_1_wrapper",
	"sprVersion":	"2.0",
	"mode":	"gui",
	"dsaType":	"Fixed",
	"platformDesc":	"design_1_wrapper",
	"platHandOff":	"D:/CPU_workspace/0905_AXI4_Lite_FndController/XSA_File/design_1_wrapper.xsa",
	"platIntHandOff":	"<platformDir>/hw/design_1_wrapper.xsa",
	"deviceType":	"FPGA",
	"platIsPrebuiltAutogen":	"false",
	"platIsNoBootBsp":	"false",
	"hasFsblMakeHasChanges":	"false",
	"hasPmufwMakeHasChanges":	"false",
	"platPreBuiltFlag":	false,
	"platformSamplesDir":	"",
	"platActiveSys":	"design_1_wrapper",
	"systems":	[{
			"systemName":	"design_1_wrapper",
			"systemDesc":	"design_1_wrapper",
			"sysIsBootAutoGen":	"true",
			"systemDispName":	"design_1_wrapper",
			"sysActiveDom":	"standalone_microblaze_0",
			"sysDefaultDom":	"standalone_microblaze_0",
			"domains":	[{
					"domainName":	"standalone_microblaze_0",
					"domainDispName":	"standalone_microblaze_0",
					"domainDesc":	"standalone_microblaze_0",
					"processors":	"microblaze_0",
					"os":	"standalone",
					"sdxOs":	"standalone",
					"debugEnable":	"False",
					"domRuntimes":	["cpp"],
					"swRepo":	"",
					"mssOsVer":	"7.3",
					"mssFile":	"",
					"md5Digest":	"7f99b9c2178939f83755dae725112116",
					"compatibleApp":	"hello_world",
					"domType":	"mssDomain",
					"arch":	"32-bit",
					"appSettings":	{
						"appCompilerFlags":	"",
						"appLinkerFlags":	""
					},
					"addedLibs":	[],
					"libOptions":	{
						"libsContainingOptions":	[]
					},
					"prebuiltLibs":	{
						"prebuiltIncPath":	[],
						"prebuiltLibPath":	[]
					},
					"isolation":	{
					}
				}]
		}]
}
TRACE::2025-09-05.16:37:13::SCWPlatform::Trying to open the hw design at D:/CPU_workspace/0905_AXI4_Lite_FndController/vitis/design_1_wrapper/hw/design_1_wrapper.xsa
TRACE::2025-09-05.16:37:13::SCWPlatform::DSA given D:/CPU_workspace/0905_AXI4_Lite_FndController/vitis/design_1_wrapper/hw/design_1_wrapper.xsa
TRACE::2025-09-05.16:37:13::SCWPlatform::DSA absoulate path D:/CPU_workspace/0905_AXI4_Lite_FndController/vitis/design_1_wrapper/hw/design_1_wrapper.xsa
TRACE::2025-09-05.16:37:13::SCWPlatform::DSA directory D:/CPU_workspace/0905_AXI4_Lite_FndController/vitis/design_1_wrapper/hw
TRACE::2025-09-05.16:37:13::SCWPlatform:: Platform Path D:/CPU_workspace/0905_AXI4_Lite_FndController/vitis/design_1_wrapper/hw/design_1_wrapper.xsa
TRACE::2025-09-05.16:37:13::SCWPlatform:: Unique name xilinx:basys3::0.0
TRACE::2025-09-05.16:37:13::SCWPlatform::Trying to set the existing hwdb with name design_1_wrapper_0
TRACE::2025-09-05.16:37:13::SCWPlatform::Opened existing hwdb design_1_wrapper_0
TRACE::2025-09-05.16:37:13::SCWPlatform::Found the Hw Db part of the input DSA
TRACE::2025-09-05.16:37:13::SCWMssOS::Checking the sw design at  D:/CPU_workspace/0905_AXI4_Lite_FndController/vitis/design_1_wrapper/microblaze_0/standalone_microblaze_0/bsp/system.mss
TRACE::2025-09-05.16:37:13::SCWMssOS::DEBUG:  swdes dump  D:/CPU_workspace/0905_AXI4_Lite_FndController/vitis/design_1_wrapper/microblaze_0/standalone_microblaze_0/bsp/system.mss|system||

TRACE::2025-09-05.16:37:13::SCWMssOS::Sw design exists and opened at  D:/CPU_workspace/0905_AXI4_Lite_FndController/vitis/design_1_wrapper/microblaze_0/standalone_microblaze_0/bsp/system.mss
TRACE::2025-09-05.16:37:13::SCWPlatform::Trying to open the hw design at D:/CPU_workspace/0905_AXI4_Lite_FndController/vitis/design_1_wrapper/hw/design_1_wrapper.xsa
TRACE::2025-09-05.16:37:13::SCWPlatform::DSA given D:/CPU_workspace/0905_AXI4_Lite_FndController/vitis/design_1_wrapper/hw/design_1_wrapper.xsa
TRACE::2025-09-05.16:37:13::SCWPlatform::DSA absoulate path D:/CPU_workspace/0905_AXI4_Lite_FndController/vitis/design_1_wrapper/hw/design_1_wrapper.xsa
TRACE::2025-09-05.16:37:13::SCWPlatform::DSA directory D:/CPU_workspace/0905_AXI4_Lite_FndController/vitis/design_1_wrapper/hw
TRACE::2025-09-05.16:37:13::SCWPlatform:: Platform Path D:/CPU_workspace/0905_AXI4_Lite_FndController/vitis/design_1_wrapper/hw/design_1_wrapper.xsa
TRACE::2025-09-05.16:37:13::SCWPlatform:: Unique name xilinx:basys3::0.0
TRACE::2025-09-05.16:37:13::SCWPlatform::Trying to set the existing hwdb with name design_1_wrapper_0
TRACE::2025-09-05.16:37:13::SCWPlatform::Opened existing hwdb design_1_wrapper_0
TRACE::2025-09-05.16:37:13::SCWPlatform::Found the Hw Db part of the input DSA
TRACE::2025-09-05.16:37:13::SCWMssOS::Checking the sw design at  D:/CPU_workspace/0905_AXI4_Lite_FndController/vitis/design_1_wrapper/microblaze_0/standalone_microblaze_0/bsp/system.mss
TRACE::2025-09-05.16:37:13::SCWMssOS::DEBUG:  swdes dump  D:/CPU_workspace/0905_AXI4_Lite_FndController/vitis/design_1_wrapper/microblaze_0/standalone_microblaze_0/bsp/system.mss|system||

TRACE::2025-09-05.16:37:13::SCWMssOS::Sw design exists and opened at  D:/CPU_workspace/0905_AXI4_Lite_FndController/vitis/design_1_wrapper/microblaze_0/standalone_microblaze_0/bsp/system.mss
TRACE::2025-09-05.16:37:13::SCWMssOS::Saving the mss changes D:/CPU_workspace/0905_AXI4_Lite_FndController/vitis/design_1_wrapper/microblaze_0/standalone_microblaze_0/bsp/system.mss
TRACE::2025-09-05.16:37:13::SCWMssOS::Found a swdesign opened with the mssfile.
TRACE::2025-09-05.16:37:13::SCWMssOS::Completed writemss as part of save.
TRACE::2025-09-05.16:37:13::SCWMssOS::Commit changes completed.
TRACE::2025-09-05.16:37:13::SCWPlatform::Trying to open the hw design at D:/CPU_workspace/0905_AXI4_Lite_FndController/vitis/design_1_wrapper/hw/design_1_wrapper.xsa
TRACE::2025-09-05.16:37:13::SCWPlatform::DSA given D:/CPU_workspace/0905_AXI4_Lite_FndController/vitis/design_1_wrapper/hw/design_1_wrapper.xsa
TRACE::2025-09-05.16:37:13::SCWPlatform::DSA absoulate path D:/CPU_workspace/0905_AXI4_Lite_FndController/vitis/design_1_wrapper/hw/design_1_wrapper.xsa
TRACE::2025-09-05.16:37:13::SCWPlatform::DSA directory D:/CPU_workspace/0905_AXI4_Lite_FndController/vitis/design_1_wrapper/hw
TRACE::2025-09-05.16:37:13::SCWPlatform:: Platform Path D:/CPU_workspace/0905_AXI4_Lite_FndController/vitis/design_1_wrapper/hw/design_1_wrapper.xsa
TRACE::2025-09-05.16:37:13::SCWPlatform:: Unique name xilinx:basys3::0.0
TRACE::2025-09-05.16:37:13::SCWPlatform::Trying to set the existing hwdb with name design_1_wrapper_0
TRACE::2025-09-05.16:37:13::SCWPlatform::Opened existing hwdb design_1_wrapper_0
TRACE::2025-09-05.16:37:13::SCWPlatform::Found the Hw Db part of the input DSA
TRACE::2025-09-05.16:37:13::SCWMssOS::Checking the sw design at  D:/CPU_workspace/0905_AXI4_Lite_FndController/vitis/design_1_wrapper/microblaze_0/standalone_microblaze_0/bsp/system.mss
TRACE::2025-09-05.16:37:13::SCWMssOS::DEBUG:  swdes dump  D:/CPU_workspace/0905_AXI4_Lite_FndController/vitis/design_1_wrapper/microblaze_0/standalone_microblaze_0/bsp/system.mss|system||

TRACE::2025-09-05.16:37:13::SCWMssOS::Sw design exists and opened at  D:/CPU_workspace/0905_AXI4_Lite_FndController/vitis/design_1_wrapper/microblaze_0/standalone_microblaze_0/bsp/system.mss
TRACE::2025-09-05.16:37:13::SCWPlatform::Trying to open the hw design at D:/CPU_workspace/0905_AXI4_Lite_FndController/vitis/design_1_wrapper/hw/design_1_wrapper.xsa
TRACE::2025-09-05.16:37:13::SCWPlatform::DSA given D:/CPU_workspace/0905_AXI4_Lite_FndController/vitis/design_1_wrapper/hw/design_1_wrapper.xsa
TRACE::2025-09-05.16:37:13::SCWPlatform::DSA absoulate path D:/CPU_workspace/0905_AXI4_Lite_FndController/vitis/design_1_wrapper/hw/design_1_wrapper.xsa
TRACE::2025-09-05.16:37:13::SCWPlatform::DSA directory D:/CPU_workspace/0905_AXI4_Lite_FndController/vitis/design_1_wrapper/hw
TRACE::2025-09-05.16:37:13::SCWPlatform:: Platform Path D:/CPU_workspace/0905_AXI4_Lite_FndController/vitis/design_1_wrapper/hw/design_1_wrapper.xsa
TRACE::2025-09-05.16:37:13::SCWPlatform:: Unique name xilinx:basys3::0.0
TRACE::2025-09-05.16:37:13::SCWPlatform::Trying to set the existing hwdb with name design_1_wrapper_0
TRACE::2025-09-05.16:37:13::SCWPlatform::Opened existing hwdb design_1_wrapper_0
TRACE::2025-09-05.16:37:13::SCWPlatform::Found the Hw Db part of the input DSA
TRACE::2025-09-05.16:37:13::SCWMssOS::Checking the sw design at  D:/CPU_workspace/0905_AXI4_Lite_FndController/vitis/design_1_wrapper/microblaze_0/standalone_microblaze_0/bsp/system.mss
TRACE::2025-09-05.16:37:13::SCWMssOS::DEBUG:  swdes dump  D:/CPU_workspace/0905_AXI4_Lite_FndController/vitis/design_1_wrapper/microblaze_0/standalone_microblaze_0/bsp/system.mss|system||

TRACE::2025-09-05.16:37:13::SCWMssOS::Sw design exists and opened at  D:/CPU_workspace/0905_AXI4_Lite_FndController/vitis/design_1_wrapper/microblaze_0/standalone_microblaze_0/bsp/system.mss
TRACE::2025-09-05.16:37:13::SCWPlatform::Trying to open the hw design at D:/CPU_workspace/0905_AXI4_Lite_FndController/vitis/design_1_wrapper/hw/design_1_wrapper.xsa
TRACE::2025-09-05.16:37:13::SCWPlatform::DSA given D:/CPU_workspace/0905_AXI4_Lite_FndController/vitis/design_1_wrapper/hw/design_1_wrapper.xsa
TRACE::2025-09-05.16:37:13::SCWPlatform::DSA absoulate path D:/CPU_workspace/0905_AXI4_Lite_FndController/vitis/design_1_wrapper/hw/design_1_wrapper.xsa
TRACE::2025-09-05.16:37:13::SCWPlatform::DSA directory D:/CPU_workspace/0905_AXI4_Lite_FndController/vitis/design_1_wrapper/hw
TRACE::2025-09-05.16:37:13::SCWPlatform:: Platform Path D:/CPU_workspace/0905_AXI4_Lite_FndController/vitis/design_1_wrapper/hw/design_1_wrapper.xsa
TRACE::2025-09-05.16:37:13::SCWPlatform:: Unique name xilinx:basys3::0.0
TRACE::2025-09-05.16:37:13::SCWPlatform::Trying to set the existing hwdb with name design_1_wrapper_0
TRACE::2025-09-05.16:37:13::SCWPlatform::Opened existing hwdb design_1_wrapper_0
TRACE::2025-09-05.16:37:13::SCWPlatform::Found the Hw Db part of the input DSA
TRACE::2025-09-05.16:37:13::SCWMssOS::Checking the sw design at  D:/CPU_workspace/0905_AXI4_Lite_FndController/vitis/design_1_wrapper/microblaze_0/standalone_microblaze_0/bsp/system.mss
TRACE::2025-09-05.16:37:13::SCWMssOS::DEBUG:  swdes dump  D:/CPU_workspace/0905_AXI4_Lite_FndController/vitis/design_1_wrapper/microblaze_0/standalone_microblaze_0/bsp/system.mss|system||

TRACE::2025-09-05.16:37:13::SCWMssOS::Sw design exists and opened at  D:/CPU_workspace/0905_AXI4_Lite_FndController/vitis/design_1_wrapper/microblaze_0/standalone_microblaze_0/bsp/system.mss
TRACE::2025-09-05.16:37:13::SCWWriter::formatted JSON is {
	"platformName":	"design_1_wrapper",
	"sprVersion":	"2.0",
	"mode":	"gui",
	"dsaType":	"Fixed",
	"platformDesc":	"design_1_wrapper",
	"platHandOff":	"D:/CPU_workspace/0905_AXI4_Lite_FndController/XSA_File/design_1_wrapper.xsa",
	"platIntHandOff":	"<platformDir>/hw/design_1_wrapper.xsa",
	"deviceType":	"FPGA",
	"platIsPrebuiltAutogen":	"false",
	"platIsNoBootBsp":	"false",
	"hasFsblMakeHasChanges":	"false",
	"hasPmufwMakeHasChanges":	"false",
	"platPreBuiltFlag":	false,
	"platformSamplesDir":	"",
	"platActiveSys":	"design_1_wrapper",
	"systems":	[{
			"systemName":	"design_1_wrapper",
			"systemDesc":	"design_1_wrapper",
			"sysIsBootAutoGen":	"true",
			"systemDispName":	"design_1_wrapper",
			"sysActiveDom":	"standalone_microblaze_0",
			"sysDefaultDom":	"standalone_microblaze_0",
			"domains":	[{
					"domainName":	"standalone_microblaze_0",
					"domainDispName":	"standalone_microblaze_0",
					"domainDesc":	"standalone_microblaze_0",
					"processors":	"microblaze_0",
					"os":	"standalone",
					"sdxOs":	"standalone",
					"debugEnable":	"False",
					"domRuntimes":	["cpp"],
					"swRepo":	"",
					"mssOsVer":	"7.3",
					"mssFile":	"",
					"md5Digest":	"7f99b9c2178939f83755dae725112116",
					"compatibleApp":	"hello_world",
					"domType":	"mssDomain",
					"arch":	"32-bit",
					"appSettings":	{
						"appCompilerFlags":	"",
						"appLinkerFlags":	""
					},
					"addedLibs":	[],
					"libOptions":	{
						"libsContainingOptions":	[]
					},
					"prebuiltLibs":	{
						"prebuiltIncPath":	[],
						"prebuiltLibPath":	[]
					},
					"isolation":	{
					}
				}]
		}]
}
LOG::2025-09-05.16:37:13::SCWPlatform::Started generating the artifacts platform design_1_wrapper
TRACE::2025-09-05.16:37:13::SCWPlatform::Sanity checking of platform is completed
LOG::2025-09-05.16:37:13::SCWPlatform::Started generating the artifacts for system configuration design_1_wrapper
LOG::2025-09-05.16:37:13::SCWSystem::Started Processing the domain standalone_microblaze_0
TRACE::2025-09-05.16:37:13::SCWDomain::Generating domain artifcats
TRACE::2025-09-05.16:37:13::SCWMssOS::Generating standalone artifcats
TRACE::2025-09-05.16:37:13::SCWMssOS:: Copying the user libraries. 
TRACE::2025-09-05.16:37:13::SCWPlatform::Trying to open the hw design at D:/CPU_workspace/0905_AXI4_Lite_FndController/vitis/design_1_wrapper/hw/design_1_wrapper.xsa
TRACE::2025-09-05.16:37:13::SCWPlatform::DSA given D:/CPU_workspace/0905_AXI4_Lite_FndController/vitis/design_1_wrapper/hw/design_1_wrapper.xsa
TRACE::2025-09-05.16:37:13::SCWPlatform::DSA absoulate path D:/CPU_workspace/0905_AXI4_Lite_FndController/vitis/design_1_wrapper/hw/design_1_wrapper.xsa
TRACE::2025-09-05.16:37:13::SCWPlatform::DSA directory D:/CPU_workspace/0905_AXI4_Lite_FndController/vitis/design_1_wrapper/hw
TRACE::2025-09-05.16:37:13::SCWPlatform:: Platform Path D:/CPU_workspace/0905_AXI4_Lite_FndController/vitis/design_1_wrapper/hw/design_1_wrapper.xsa
TRACE::2025-09-05.16:37:13::SCWPlatform:: Unique name xilinx:basys3::0.0
TRACE::2025-09-05.16:37:13::SCWPlatform::Trying to set the existing hwdb with name design_1_wrapper_0
TRACE::2025-09-05.16:37:13::SCWPlatform::Opened existing hwdb design_1_wrapper_0
TRACE::2025-09-05.16:37:13::SCWPlatform::Found the Hw Db part of the input DSA
TRACE::2025-09-05.16:37:13::SCWMssOS::Checking the sw design at  D:/CPU_workspace/0905_AXI4_Lite_FndController/vitis/design_1_wrapper/microblaze_0/standalone_microblaze_0/bsp/system.mss
TRACE::2025-09-05.16:37:13::SCWMssOS::DEBUG:  swdes dump  D:/CPU_workspace/0905_AXI4_Lite_FndController/vitis/design_1_wrapper/microblaze_0/standalone_microblaze_0/bsp/system.mss|system||

TRACE::2025-09-05.16:37:13::SCWMssOS::Sw design exists and opened at  D:/CPU_workspace/0905_AXI4_Lite_FndController/vitis/design_1_wrapper/microblaze_0/standalone_microblaze_0/bsp/system.mss
TRACE::2025-09-05.16:37:13::SCWMssOS::Completed writing the mss file at D:/CPU_workspace/0905_AXI4_Lite_FndController/vitis/design_1_wrapper/microblaze_0/standalone_microblaze_0/bsp
TRACE::2025-09-05.16:37:13::SCWMssOS::Mss edits present, copying mssfile into export location D:/CPU_workspace/0905_AXI4_Lite_FndController/vitis/design_1_wrapper/microblaze_0/standalone_microblaze_0/bsp/system.mss
TRACE::2025-09-05.16:37:13::SCWMssOS::bsp generated is upto date with the mss file. Skipping bsp generation.
TRACE::2025-09-05.16:37:13::SCWMssOS::BSP is already built. skipping the bsp build ... 
TRACE::2025-09-05.16:37:13::SCWDomain::Building the domain as part of full build :  standalone_microblaze_0
TRACE::2025-09-05.16:37:13::SCWMssOS::skipping the bsp build ... 
TRACE::2025-09-05.16:37:13::SCWMssOS::Copying to export directory.
TRACE::2025-09-05.16:37:13::SCWMssOS:: Checking if to create the Supporting Applications
TRACE::2025-09-05.16:37:13::SCWMssOS:: No Linux domain exists, trying to generate FSBL 
LOG::2025-09-05.16:37:13::SCWSystem::Completed Processing the domain standalone_microblaze_0
LOG::2025-09-05.16:37:13::SCWSystem::Completed Processing the sysconfig design_1_wrapper
LOG::2025-09-05.16:37:13::SCWPlatform::Completed generating the artifacts for system configuration design_1_wrapper
TRACE::2025-09-05.16:37:13::SCWPlatform::Started preparing the platform 
TRACE::2025-09-05.16:37:13::SCWSystem::Writing the bif file for system config design_1_wrapper
TRACE::2025-09-05.16:37:13::SCWSystem::dir created 
TRACE::2025-09-05.16:37:13::SCWSystem::Writing the bif 
TRACE::2025-09-05.16:37:13::SCWPlatform::Started writing the spfm file 
TRACE::2025-09-05.16:37:13::SCWPlatform::Started writing the xpfm file 
TRACE::2025-09-05.16:37:13::SCWPlatform::Completed generating the platform
TRACE::2025-09-05.16:37:13::SCWMssOS::Saving the mss changes D:/CPU_workspace/0905_AXI4_Lite_FndController/vitis/design_1_wrapper/microblaze_0/standalone_microblaze_0/bsp/system.mss
TRACE::2025-09-05.16:37:13::SCWMssOS::Found a swdesign opened with the mssfile.
TRACE::2025-09-05.16:37:13::SCWMssOS::Completed writemss as part of save.
TRACE::2025-09-05.16:37:13::SCWMssOS::Commit changes completed.
TRACE::2025-09-05.16:37:13::SCWPlatform::Trying to open the hw design at D:/CPU_workspace/0905_AXI4_Lite_FndController/vitis/design_1_wrapper/hw/design_1_wrapper.xsa
TRACE::2025-09-05.16:37:13::SCWPlatform::DSA given D:/CPU_workspace/0905_AXI4_Lite_FndController/vitis/design_1_wrapper/hw/design_1_wrapper.xsa
TRACE::2025-09-05.16:37:13::SCWPlatform::DSA absoulate path D:/CPU_workspace/0905_AXI4_Lite_FndController/vitis/design_1_wrapper/hw/design_1_wrapper.xsa
TRACE::2025-09-05.16:37:13::SCWPlatform::DSA directory D:/CPU_workspace/0905_AXI4_Lite_FndController/vitis/design_1_wrapper/hw
TRACE::2025-09-05.16:37:13::SCWPlatform:: Platform Path D:/CPU_workspace/0905_AXI4_Lite_FndController/vitis/design_1_wrapper/hw/design_1_wrapper.xsa
TRACE::2025-09-05.16:37:13::SCWPlatform:: Unique name xilinx:basys3::0.0
TRACE::2025-09-05.16:37:13::SCWPlatform::Trying to set the existing hwdb with name design_1_wrapper_0
TRACE::2025-09-05.16:37:13::SCWPlatform::Opened existing hwdb design_1_wrapper_0
TRACE::2025-09-05.16:37:13::SCWPlatform::Found the Hw Db part of the input DSA
TRACE::2025-09-05.16:37:13::SCWMssOS::Checking the sw design at  D:/CPU_workspace/0905_AXI4_Lite_FndController/vitis/design_1_wrapper/microblaze_0/standalone_microblaze_0/bsp/system.mss
TRACE::2025-09-05.16:37:13::SCWMssOS::DEBUG:  swdes dump  D:/CPU_workspace/0905_AXI4_Lite_FndController/vitis/design_1_wrapper/microblaze_0/standalone_microblaze_0/bsp/system.mss|system||

TRACE::2025-09-05.16:37:13::SCWMssOS::Sw design exists and opened at  D:/CPU_workspace/0905_AXI4_Lite_FndController/vitis/design_1_wrapper/microblaze_0/standalone_microblaze_0/bsp/system.mss
TRACE::2025-09-05.16:37:13::SCWPlatform::Trying to open the hw design at D:/CPU_workspace/0905_AXI4_Lite_FndController/vitis/design_1_wrapper/hw/design_1_wrapper.xsa
TRACE::2025-09-05.16:37:13::SCWPlatform::DSA given D:/CPU_workspace/0905_AXI4_Lite_FndController/vitis/design_1_wrapper/hw/design_1_wrapper.xsa
TRACE::2025-09-05.16:37:13::SCWPlatform::DSA absoulate path D:/CPU_workspace/0905_AXI4_Lite_FndController/vitis/design_1_wrapper/hw/design_1_wrapper.xsa
TRACE::2025-09-05.16:37:13::SCWPlatform::DSA directory D:/CPU_workspace/0905_AXI4_Lite_FndController/vitis/design_1_wrapper/hw
TRACE::2025-09-05.16:37:13::SCWPlatform:: Platform Path D:/CPU_workspace/0905_AXI4_Lite_FndController/vitis/design_1_wrapper/hw/design_1_wrapper.xsa
TRACE::2025-09-05.16:37:13::SCWPlatform:: Unique name xilinx:basys3::0.0
TRACE::2025-09-05.16:37:13::SCWPlatform::Trying to set the existing hwdb with name design_1_wrapper_0
TRACE::2025-09-05.16:37:13::SCWPlatform::Opened existing hwdb design_1_wrapper_0
TRACE::2025-09-05.16:37:13::SCWPlatform::Found the Hw Db part of the input DSA
TRACE::2025-09-05.16:37:13::SCWMssOS::Checking the sw design at  D:/CPU_workspace/0905_AXI4_Lite_FndController/vitis/design_1_wrapper/microblaze_0/standalone_microblaze_0/bsp/system.mss
TRACE::2025-09-05.16:37:13::SCWMssOS::DEBUG:  swdes dump  D:/CPU_workspace/0905_AXI4_Lite_FndController/vitis/design_1_wrapper/microblaze_0/standalone_microblaze_0/bsp/system.mss|system||

TRACE::2025-09-05.16:37:13::SCWMssOS::Sw design exists and opened at  D:/CPU_workspace/0905_AXI4_Lite_FndController/vitis/design_1_wrapper/microblaze_0/standalone_microblaze_0/bsp/system.mss
TRACE::2025-09-05.16:37:13::SCWPlatform::Trying to open the hw design at D:/CPU_workspace/0905_AXI4_Lite_FndController/vitis/design_1_wrapper/hw/design_1_wrapper.xsa
TRACE::2025-09-05.16:37:13::SCWPlatform::DSA given D:/CPU_workspace/0905_AXI4_Lite_FndController/vitis/design_1_wrapper/hw/design_1_wrapper.xsa
TRACE::2025-09-05.16:37:13::SCWPlatform::DSA absoulate path D:/CPU_workspace/0905_AXI4_Lite_FndController/vitis/design_1_wrapper/hw/design_1_wrapper.xsa
TRACE::2025-09-05.16:37:13::SCWPlatform::DSA directory D:/CPU_workspace/0905_AXI4_Lite_FndController/vitis/design_1_wrapper/hw
TRACE::2025-09-05.16:37:13::SCWPlatform:: Platform Path D:/CPU_workspace/0905_AXI4_Lite_FndController/vitis/design_1_wrapper/hw/design_1_wrapper.xsa
TRACE::2025-09-05.16:37:13::SCWPlatform:: Unique name xilinx:basys3::0.0
TRACE::2025-09-05.16:37:13::SCWPlatform::Trying to set the existing hwdb with name design_1_wrapper_0
TRACE::2025-09-05.16:37:13::SCWPlatform::Opened existing hwdb design_1_wrapper_0
TRACE::2025-09-05.16:37:13::SCWPlatform::Found the Hw Db part of the input DSA
TRACE::2025-09-05.16:37:13::SCWMssOS::Checking the sw design at  D:/CPU_workspace/0905_AXI4_Lite_FndController/vitis/design_1_wrapper/microblaze_0/standalone_microblaze_0/bsp/system.mss
TRACE::2025-09-05.16:37:13::SCWMssOS::DEBUG:  swdes dump  D:/CPU_workspace/0905_AXI4_Lite_FndController/vitis/design_1_wrapper/microblaze_0/standalone_microblaze_0/bsp/system.mss|system||

TRACE::2025-09-05.16:37:13::SCWMssOS::Sw design exists and opened at  D:/CPU_workspace/0905_AXI4_Lite_FndController/vitis/design_1_wrapper/microblaze_0/standalone_microblaze_0/bsp/system.mss
TRACE::2025-09-05.16:37:13::SCWWriter::formatted JSON is {
	"platformName":	"design_1_wrapper",
	"sprVersion":	"2.0",
	"mode":	"gui",
	"dsaType":	"Fixed",
	"platformDesc":	"design_1_wrapper",
	"platHandOff":	"D:/CPU_workspace/0905_AXI4_Lite_FndController/XSA_File/design_1_wrapper.xsa",
	"platIntHandOff":	"<platformDir>/hw/design_1_wrapper.xsa",
	"deviceType":	"FPGA",
	"platIsPrebuiltAutogen":	"false",
	"platIsNoBootBsp":	"false",
	"hasFsblMakeHasChanges":	"false",
	"hasPmufwMakeHasChanges":	"false",
	"platPreBuiltFlag":	false,
	"platformSamplesDir":	"",
	"platActiveSys":	"design_1_wrapper",
	"systems":	[{
			"systemName":	"design_1_wrapper",
			"systemDesc":	"design_1_wrapper",
			"sysIsBootAutoGen":	"true",
			"systemDispName":	"design_1_wrapper",
			"sysActiveDom":	"standalone_microblaze_0",
			"sysDefaultDom":	"standalone_microblaze_0",
			"domains":	[{
					"domainName":	"standalone_microblaze_0",
					"domainDispName":	"standalone_microblaze_0",
					"domainDesc":	"standalone_microblaze_0",
					"processors":	"microblaze_0",
					"os":	"standalone",
					"sdxOs":	"standalone",
					"debugEnable":	"False",
					"domRuntimes":	["cpp"],
					"swRepo":	"",
					"mssOsVer":	"7.3",
					"mssFile":	"",
					"md5Digest":	"7f99b9c2178939f83755dae725112116",
					"compatibleApp":	"hello_world",
					"domType":	"mssDomain",
					"arch":	"32-bit",
					"appSettings":	{
						"appCompilerFlags":	"",
						"appLinkerFlags":	""
					},
					"addedLibs":	[],
					"libOptions":	{
						"libsContainingOptions":	[]
					},
					"prebuiltLibs":	{
						"prebuiltIncPath":	[],
						"prebuiltLibPath":	[]
					},
					"isolation":	{
					}
				}]
		}]
}
KEYINFO::2025-09-05.16:37:13::SCWPlatform::updated the xpfm file.
LOG::2025-09-05.16:37:26::SCWPlatform::Started generating the artifacts platform design_1_wrapper
TRACE::2025-09-05.16:37:26::SCWPlatform::Sanity checking of platform is completed
LOG::2025-09-05.16:37:26::SCWPlatform::Started generating the artifacts for system configuration design_1_wrapper
LOG::2025-09-05.16:37:26::SCWSystem::Checking the domain standalone_microblaze_0
LOG::2025-09-05.16:37:26::SCWSystem::Not a boot domain 
LOG::2025-09-05.16:37:26::SCWSystem::Started Processing the domain standalone_microblaze_0
TRACE::2025-09-05.16:37:26::SCWDomain::Generating domain artifcats
TRACE::2025-09-05.16:37:26::SCWMssOS::Generating standalone artifcats
TRACE::2025-09-05.16:37:26::SCWMssOS:: Copying the user libraries. 
TRACE::2025-09-05.16:37:26::SCWPlatform::Trying to open the hw design at D:/CPU_workspace/0905_AXI4_Lite_FndController/vitis/design_1_wrapper/hw/design_1_wrapper.xsa
TRACE::2025-09-05.16:37:26::SCWPlatform::DSA given D:/CPU_workspace/0905_AXI4_Lite_FndController/vitis/design_1_wrapper/hw/design_1_wrapper.xsa
TRACE::2025-09-05.16:37:26::SCWPlatform::DSA absoulate path D:/CPU_workspace/0905_AXI4_Lite_FndController/vitis/design_1_wrapper/hw/design_1_wrapper.xsa
TRACE::2025-09-05.16:37:26::SCWPlatform::DSA directory D:/CPU_workspace/0905_AXI4_Lite_FndController/vitis/design_1_wrapper/hw
TRACE::2025-09-05.16:37:26::SCWPlatform:: Platform Path D:/CPU_workspace/0905_AXI4_Lite_FndController/vitis/design_1_wrapper/hw/design_1_wrapper.xsa
TRACE::2025-09-05.16:37:26::SCWPlatform:: Unique name xilinx:basys3::0.0
TRACE::2025-09-05.16:37:26::SCWPlatform::Trying to set the existing hwdb with name design_1_wrapper_0
TRACE::2025-09-05.16:37:26::SCWPlatform::Opened existing hwdb design_1_wrapper_0
TRACE::2025-09-05.16:37:26::SCWPlatform::Found the Hw Db part of the input DSA
TRACE::2025-09-05.16:37:26::SCWMssOS::Checking the sw design at  D:/CPU_workspace/0905_AXI4_Lite_FndController/vitis/design_1_wrapper/microblaze_0/standalone_microblaze_0/bsp/system.mss
TRACE::2025-09-05.16:37:26::SCWMssOS::DEBUG:  swdes dump  D:/CPU_workspace/0905_AXI4_Lite_FndController/vitis/design_1_wrapper/microblaze_0/standalone_microblaze_0/bsp/system.mss|system||

TRACE::2025-09-05.16:37:26::SCWMssOS::Sw design exists and opened at  D:/CPU_workspace/0905_AXI4_Lite_FndController/vitis/design_1_wrapper/microblaze_0/standalone_microblaze_0/bsp/system.mss
TRACE::2025-09-05.16:37:26::SCWMssOS::Completed writing the mss file at D:/CPU_workspace/0905_AXI4_Lite_FndController/vitis/design_1_wrapper/microblaze_0/standalone_microblaze_0/bsp
TRACE::2025-09-05.16:37:26::SCWMssOS::Mss edits present, copying mssfile into export location D:/CPU_workspace/0905_AXI4_Lite_FndController/vitis/design_1_wrapper/microblaze_0/standalone_microblaze_0/bsp/system.mss
TRACE::2025-09-05.16:37:26::SCWMssOS::bsp generated is upto date with the mss file. Skipping bsp generation.
TRACE::2025-09-05.16:37:26::SCWMssOS::BSP is already built. skipping the bsp build ... 
TRACE::2025-09-05.16:37:26::SCWDomain::Building the domain as part of full build :  standalone_microblaze_0
TRACE::2025-09-05.16:37:26::SCWMssOS::doing bsp build ... 
TRACE::2025-09-05.16:37:26::SCWMssOS::System Command Ran  D: & cd  D:/CPU_workspace/0905_AXI4_Lite_FndController/vitis/design_1_wrapper/microblaze_0/standalone_microblaze_0/bsp & make 
TRACE::2025-09-05.16:37:26::SCWMssOS::make --no-print-directory seq_libs

TRACE::2025-09-05.16:37:26::SCWMssOS::"Running Make include in microblaze_0/libsrc/bram_v4_5/src"

TRACE::2025-09-05.16:37:26::SCWMssOS::make -C microblaze_0/libsrc/bram_v4_5/src -s include  "SHELL=CMD" "COMPILER=mb-gcc" "ASSEMBLER=mb-as" "ARCHIVER=mb-ar" "COMPILE
TRACE::2025-09-05.16:37:26::SCWMssOS::R_FLAGS=  -O2 -c -mcpu=v11.0 -mlittle-endian -mxl-soft-mul" "EXTRA_COMPILER_FLAGS=-g -ffunction-sections -fdata-sections -Wall 
TRACE::2025-09-05.16:37:26::SCWMssOS::-Wextra"

TRACE::2025-09-05.16:37:26::SCWMssOS::"Running Make include in microblaze_0/libsrc/cpu_v2_12/src"

TRACE::2025-09-05.16:37:26::SCWMssOS::make -C microblaze_0/libsrc/cpu_v2_12/src -s include  "SHELL=CMD" "COMPILER=mb-gcc" "ASSEMBLER=mb-as" "ARCHIVER=mb-ar" "COMPILE
TRACE::2025-09-05.16:37:26::SCWMssOS::R_FLAGS=  -O2 -c -mcpu=v11.0 -mlittle-endian -mxl-soft-mul" "EXTRA_COMPILER_FLAGS=-g -ffunction-sections -fdata-sections -Wall 
TRACE::2025-09-05.16:37:26::SCWMssOS::-Wextra"

TRACE::2025-09-05.16:37:26::SCWMssOS::"Running Make include in microblaze_0/libsrc/fndController_v1_0/src"

TRACE::2025-09-05.16:37:26::SCWMssOS::make -C microblaze_0/libsrc/fndController_v1_0/src -s include  "SHELL=CMD" "COMPILER=mb-gcc" "ASSEMBLER=mb-as" "ARCHIVER=mb-ar"
TRACE::2025-09-05.16:37:26::SCWMssOS:: "COMPILER_FLAGS=  -O2 -c -mcpu=v11.0 -mlittle-endian -mxl-soft-mul" "EXTRA_COMPILER_FLAGS=-g -ffunction-sections -fdata-sectio
TRACE::2025-09-05.16:37:26::SCWMssOS::ns -Wall -Wextra"

TRACE::2025-09-05.16:37:26::SCWMssOS::"Running Make include in microblaze_0/libsrc/GPIO_v1_0/src"

TRACE::2025-09-05.16:37:26::SCWMssOS::make -C microblaze_0/libsrc/GPIO_v1_0/src -s include  "SHELL=CMD" "COMPILER=mb-gcc" "ASSEMBLER=mb-as" "ARCHIVER=mb-ar" "COMPILE
TRACE::2025-09-05.16:37:26::SCWMssOS::R_FLAGS=  -O2 -c -mcpu=v11.0 -mlittle-endian -mxl-soft-mul" "EXTRA_COMPILER_FLAGS=-g -ffunction-sections -fdata-sections -Wall 
TRACE::2025-09-05.16:37:26::SCWMssOS::-Wextra"

TRACE::2025-09-05.16:37:26::SCWMssOS::"Running Make include in microblaze_0/libsrc/standalone_v7_3/src"

TRACE::2025-09-05.16:37:26::SCWMssOS::make -C microblaze_0/libsrc/standalone_v7_3/src -s include  "SHELL=CMD" "COMPILER=mb-gcc" "ASSEMBLER=mb-as" "ARCHIVER=mb-ar" "C
TRACE::2025-09-05.16:37:26::SCWMssOS::OMPILER_FLAGS=  -O2 -c -mcpu=v11.0 -mlittle-endian -mxl-soft-mul" "EXTRA_COMPILER_FLAGS=-g -ffunction-sections -fdata-sections 
TRACE::2025-09-05.16:37:26::SCWMssOS::-Wall -Wextra"

TRACE::2025-09-05.16:37:27::SCWMssOS::"Running Make include in microblaze_0/libsrc/uartlite_v3_5/src"

TRACE::2025-09-05.16:37:27::SCWMssOS::make -C microblaze_0/libsrc/uartlite_v3_5/src -s include  "SHELL=CMD" "COMPILER=mb-gcc" "ASSEMBLER=mb-as" "ARCHIVER=mb-ar" "COM
TRACE::2025-09-05.16:37:27::SCWMssOS::PILER_FLAGS=  -O2 -c -mcpu=v11.0 -mlittle-endian -mxl-soft-mul" "EXTRA_COMPILER_FLAGS=-g -ffunction-sections -fdata-sections -W
TRACE::2025-09-05.16:37:27::SCWMssOS::all -Wextra"

TRACE::2025-09-05.16:37:27::SCWMssOS::"Running Make libs in microblaze_0/libsrc/fndController_v1_0/src"

TRACE::2025-09-05.16:37:27::SCWMssOS::make -C microblaze_0/libsrc/fndController_v1_0/src -s libs  "SHELL=CMD" "COMPILER=mb-gcc" "ASSEMBLER=mb-as" "ARCHIVER=mb-ar" "C
TRACE::2025-09-05.16:37:27::SCWMssOS::OMPILER_FLAGS=  -O2 -c -mcpu=v11.0 -mlittle-endian -mxl-soft-mul" "EXTRA_COMPILER_FLAGS=-g -ffunction-sections -fdata-sections 
TRACE::2025-09-05.16:37:27::SCWMssOS::-Wall -Wextra"

TRACE::2025-09-05.16:37:27::SCWMssOS::"Compiling fndController..."

TRACE::2025-09-05.16:37:28::SCWMssOS::"Running Make libs in microblaze_0/libsrc/GPIO_v1_0/src"

TRACE::2025-09-05.16:37:28::SCWMssOS::make -C microblaze_0/libsrc/GPIO_v1_0/src -s libs  "SHELL=CMD" "COMPILER=mb-gcc" "ASSEMBLER=mb-as" "ARCHIVER=mb-ar" "COMPILER_F
TRACE::2025-09-05.16:37:28::SCWMssOS::LAGS=  -O2 -c -mcpu=v11.0 -mlittle-endian -mxl-soft-mul" "EXTRA_COMPILER_FLAGS=-g -ffunction-sections -fdata-sections -Wall -We
TRACE::2025-09-05.16:37:28::SCWMssOS::xtra"

TRACE::2025-09-05.16:37:28::SCWMssOS::"Compiling GPIO..."

TRACE::2025-09-05.16:37:29::SCWMssOS::'Finished building libraries sequentially.'

TRACE::2025-09-05.16:37:29::SCWMssOS::make -j --no-print-directory par_libs

TRACE::2025-09-05.16:37:29::SCWMssOS::"Running Make include in microblaze_0/libsrc/bram_v4_5/src"

TRACE::2025-09-05.16:37:29::SCWMssOS::make -C microblaze_0/libsrc/bram_v4_5/src -s include  "SHELL=CMD" "COMPILER=mb-gcc" "ASSEMBLER=mb-as" "ARCHIVER=mb-ar" "COMPILE
TRACE::2025-09-05.16:37:29::SCWMssOS::R_FLAGS=  -O2 -c -mcpu=v11.0 -mlittle-endian -mxl-soft-mul" "EXTRA_COMPILER_FLAGS=-g -ffunction-sections -fdata-sections -Wall 
TRACE::2025-09-05.16:37:29::SCWMssOS::-Wextra"

TRACE::2025-09-05.16:37:29::SCWMssOS::"Running Make include in microblaze_0/libsrc/cpu_v2_12/src"

TRACE::2025-09-05.16:37:29::SCWMssOS::make -C microblaze_0/libsrc/cpu_v2_12/src -s include  "SHELL=CMD" "COMPILER=mb-gcc" "ASSEMBLER=mb-as" "ARCHIVER=mb-ar" "COMPILE
TRACE::2025-09-05.16:37:29::SCWMssOS::R_FLAGS=  -O2 -c -mcpu=v11.0 -mlittle-endian -mxl-soft-mul" "EXTRA_COMPILER_FLAGS=-g -ffunction-sections -fdata-sections -Wall 
TRACE::2025-09-05.16:37:29::SCWMssOS::-Wextra"

TRACE::2025-09-05.16:37:29::SCWMssOS::"Running Make include in microblaze_0/libsrc/fndController_v1_0/src"

TRACE::2025-09-05.16:37:29::SCWMssOS::make -C microblaze_0/libsrc/fndController_v1_0/src -s include  "SHELL=CMD" "COMPILER=mb-gcc" "ASSEMBLER=mb-as" "ARCHIVER=mb-ar"
TRACE::2025-09-05.16:37:29::SCWMssOS:: "COMPILER_FLAGS=  -O2 -c -mcpu=v11.0 -mlittle-endian -mxl-soft-mul" "EXTRA_COMPILER_FLAGS=-g -ffunction-sections -fdata-sectio
TRACE::2025-09-05.16:37:29::SCWMssOS::ns -Wall -Wextra"

TRACE::2025-09-05.16:37:29::SCWMssOS::"Running Make include in microblaze_0/libsrc/GPIO_v1_0/src"

TRACE::2025-09-05.16:37:29::SCWMssOS::make -C microblaze_0/libsrc/GPIO_v1_0/src -s include  "SHELL=CMD" "COMPILER=mb-gcc" "ASSEMBLER=mb-as" "ARCHIVER=mb-ar" "COMPILE
TRACE::2025-09-05.16:37:29::SCWMssOS::R_FLAGS=  -O2 -c -mcpu=v11.0 -mlittle-endian -mxl-soft-mul" "EXTRA_COMPILER_FLAGS=-g -ffunction-sections -fdata-sections -Wall 
TRACE::2025-09-05.16:37:29::SCWMssOS::-Wextra"

TRACE::2025-09-05.16:37:29::SCWMssOS::"Running Make include in microblaze_0/libsrc/standalone_v7_3/src"

TRACE::2025-09-05.16:37:29::SCWMssOS::make -C microblaze_0/libsrc/standalone_v7_3/src -s include  "SHELL=CMD" "COMPILER=mb-gcc" "ASSEMBLER=mb-as" "ARCHIVER=mb-ar" "C
TRACE::2025-09-05.16:37:29::SCWMssOS::OMPILER_FLAGS=  -O2 -c -mcpu=v11.0 -mlittle-endian -mxl-soft-mul" "EXTRA_COMPILER_FLAGS=-g -ffunction-sections -fdata-sections 
TRACE::2025-09-05.16:37:29::SCWMssOS::-Wall -Wextra"

TRACE::2025-09-05.16:37:29::SCWMssOS::"Running Make include in microblaze_0/libsrc/uartlite_v3_5/src"

TRACE::2025-09-05.16:37:29::SCWMssOS::make -C microblaze_0/libsrc/uartlite_v3_5/src -s include  "SHELL=CMD" "COMPILER=mb-gcc" "ASSEMBLER=mb-as" "ARCHIVER=mb-ar" "COM
TRACE::2025-09-05.16:37:29::SCWMssOS::PILER_FLAGS=  -O2 -c -mcpu=v11.0 -mlittle-endian -mxl-soft-mul" "EXTRA_COMPILER_FLAGS=-g -ffunction-sections -fdata-sections -W
TRACE::2025-09-05.16:37:29::SCWMssOS::all -Wextra"

TRACE::2025-09-05.16:37:29::SCWMssOS::"Running Make libs in microblaze_0/libsrc/bram_v4_5/src"

TRACE::2025-09-05.16:37:29::SCWMssOS::make -C microblaze_0/libsrc/bram_v4_5/src -s libs  "SHELL=CMD" "COMPILER=mb-gcc" "ASSEMBLER=mb-as" "ARCHIVER=mb-ar" "COMPILER_F
TRACE::2025-09-05.16:37:29::SCWMssOS::LAGS=  -O2 -c -mcpu=v11.0 -mlittle-endian -mxl-soft-mul" "EXTRA_COMPILER_FLAGS=-g -ffunction-sections -fdata-sections -Wall -We
TRACE::2025-09-05.16:37:29::SCWMssOS::xtra"

TRACE::2025-09-05.16:37:29::SCWMssOS::"Running Make libs in microblaze_0/libsrc/cpu_v2_12/src"

TRACE::2025-09-05.16:37:29::SCWMssOS::make -C microblaze_0/libsrc/cpu_v2_12/src -s libs  "SHELL=CMD" "COMPILER=mb-gcc" "ASSEMBLER=mb-as" "ARCHIVER=mb-ar" "COMPILER_F
TRACE::2025-09-05.16:37:29::SCWMssOS::LAGS=  -O2 -c -mcpu=v11.0 -mlittle-endian -mxl-soft-mul" "EXTRA_COMPILER_FLAGS=-g -ffunction-sections -fdata-sections -Wall -We
TRACE::2025-09-05.16:37:29::SCWMssOS::xtra"

TRACE::2025-09-05.16:37:29::SCWMssOS::"Running Make libs in microblaze_0/libsrc/standalone_v7_3/src"

TRACE::2025-09-05.16:37:29::SCWMssOS::make -C microblaze_0/libsrc/standalone_v7_3/src -s libs  "SHELL=CMD" "COMPILER=mb-gcc" "ASSEMBLER=mb-as" "ARCHIVER=mb-ar" "COMP
TRACE::2025-09-05.16:37:29::SCWMssOS::ILER_FLAGS=  -O2 -c -mcpu=v11.0 -mlittle-endian -mxl-soft-mul" "EXTRA_COMPILER_FLAGS=-g -ffunction-sections -fdata-sections -Wa
TRACE::2025-09-05.16:37:29::SCWMssOS::ll -Wextra"

TRACE::2025-09-05.16:37:29::SCWMssOS::"Running Make libs in microblaze_0/libsrc/uartlite_v3_5/src"

TRACE::2025-09-05.16:37:29::SCWMssOS::make -C microblaze_0/libsrc/uartlite_v3_5/src -s libs  "SHELL=CMD" "COMPILER=mb-gcc" "ASSEMBLER=mb-as" "ARCHIVER=mb-ar" "COMPIL
TRACE::2025-09-05.16:37:29::SCWMssOS::ER_FLAGS=  -O2 -c -mcpu=v11.0 -mlittle-endian -mxl-soft-mul" "EXTRA_COMPILER_FLAGS=-g -ffunction-sections -fdata-sections -Wall
TRACE::2025-09-05.16:37:29::SCWMssOS:: -Wextra"

TRACE::2025-09-05.16:37:30::SCWMssOS::"DEBUG NON_LTO_OBJECTS is ../../../lib/microblaze_interrupt_handler.o"

TRACE::2025-09-05.16:37:30::SCWMssOS::'Finished building libraries parallelly.'

TRACE::2025-09-05.16:37:30::SCWMssOS::make --no-print-directory archive

TRACE::2025-09-05.16:37:30::SCWMssOS::mb-ar -r  microblaze_0/lib/libxil.a microblaze_0/lib/xplatform_info.o microblaze_0/lib/xuartlite.o microblaze_0/lib/microblaze_
TRACE::2025-09-05.16:37:30::SCWMssOS::disable_exceptions.o microblaze_0/lib/print.o microblaze_0/lib/_exit.o microblaze_0/lib/microblaze_disable_dcache.o microblaze_
TRACE::2025-09-05.16:37:30::SCWMssOS::0/lib/microblaze_flush_dcache_range.o microblaze_0/lib/microblaze_flush_cache_ext.o microblaze_0/lib/xbram_sinit.o microblaze_0
TRACE::2025-09-05.16:37:30::SCWMssOS::/lib/xil_misc_psreset_api.o microblaze_0/lib/xil_cache.o microblaze_0/lib/inbyte.o microblaze_0/lib/xbram_g.o microblaze_0/lib/
TRACE::2025-09-05.16:37:30::SCWMssOS::microblaze_exception_handler.o microblaze_0/lib/microblaze_scrub.o microblaze_0/lib/microblaze_invalidate_dcache.o microblaze_0
TRACE::2025-09-05.16:37:30::SCWMssOS::/lib/microblaze_disable_interrupts.o microblaze_0/lib/xbram_selftest.o microblaze_0/lib/microblaze_interrupt_handler.o microbla
TRACE::2025-09-05.16:37:30::SCWMssOS::ze_0/lib/microblaze_disable_icache.o microblaze_0/lib/xil_mem.o microblaze_0/lib/microblaze_flush_cache_ext_range.o microblaze_
TRACE::2025-09-05.16:37:30::SCWMssOS::0/lib/xbram_intr.o microblaze_0/lib/xil_sleepcommon.o microblaze_0/lib/xil_printf.o microblaze_0/lib/xio.o microblaze_0/lib/out
TRACE::2025-09-05.16:37:30::SCWMssOS::byte.o microblaze_0/lib/microblaze_invalidate_dcache_range.o microblaze_0/lib/xuartlite_g.o microblaze_0/lib/microblaze_invalid
TRACE::2025-09-05.16:37:30::SCWMssOS::ate_cache_ext.o microblaze_0/lib/microblaze_sleep.o microblaze_0/lib/hw_exception_handler.o microblaze_0/lib/xuartlite_selftest
TRACE::2025-09-05.16:37:30::SCWMssOS::.o microblaze_0/lib/xil_util.o microblaze_0/lib/microblaze_update_dcache.o microblaze_0/lib/xil_testcache.o microblaze_0/lib/mi
TRACE::2025-09-05.16:37:30::SCWMssOS::croblaze_selftest.o microblaze_0/lib/microblaze_interrupts_g.o microblaze_0/lib/microblaze_enable_exceptions.o microblaze_0/lib
TRACE::2025-09-05.16:37:30::SCWMssOS::/microblaze_enable_dcache.o microblaze_0/lib/xbram.o microblaze_0/lib/xuartlite_intr.o microblaze_0/lib/microblaze_invalidate_i
TRACE::2025-09-05.16:37:30::SCWMssOS::cache_range.o microblaze_0/lib/xuartlite_sinit.o microblaze_0/lib/microblaze_init_dcache_range.o microblaze_0/lib/microblaze_in
TRACE::2025-09-05.16:37:30::SCWMssOS::validate_icache.o microblaze_0/lib/errno.o microblaze_0/lib/xuartlite_l.o microblaze_0/lib/xuartlite_stats.o microblaze_0/lib/m
TRACE::2025-09-05.16:37:30::SCWMssOS::icroblaze_invalidate_cache_ext_range.o microblaze_0/lib/xil_exception.o microblaze_0/lib/pvr.o microblaze_0/lib/xil_testmem.o m
TRACE::2025-09-05.16:37:30::SCWMssOS::icroblaze_0/lib/microblaze_update_icache.o microblaze_0/lib/microblaze_flush_dcache.o microblaze_0/lib/xil_clocking.o microblaz
TRACE::2025-09-05.16:37:30::SCWMssOS::e_0/lib/xil_assert.o microblaze_0/lib/microblaze_enable_interrupts.o microblaze_0/lib/microblaze_enable_icache.o microblaze_0/l
TRACE::2025-09-05.16:37:30::SCWMssOS::ib/xil_testio.o microblaze_0/lib/fcntl.o microblaze_0/lib/microblaze_init_icache_range.o

TRACE::2025-09-05.16:37:31::SCWMssOS::'Finished building libraries'

TRACE::2025-09-05.16:37:31::SCWMssOS::Copying to export directory.
TRACE::2025-09-05.16:37:31::SCWMssOS:: Checking if to create the Supporting Applications
TRACE::2025-09-05.16:37:31::SCWMssOS:: No Linux domain exists, trying to generate FSBL 
LOG::2025-09-05.16:37:31::SCWSystem::Completed Processing the domain standalone_microblaze_0
LOG::2025-09-05.16:37:31::SCWSystem::Completed Processing the sysconfig design_1_wrapper
LOG::2025-09-05.16:37:31::SCWPlatform::Completed generating the artifacts for system configuration design_1_wrapper
TRACE::2025-09-05.16:37:31::SCWPlatform::Started preparing the platform 
TRACE::2025-09-05.16:37:31::SCWSystem::Writing the bif file for system config design_1_wrapper
TRACE::2025-09-05.16:37:31::SCWSystem::dir created 
TRACE::2025-09-05.16:37:31::SCWSystem::Writing the bif 
TRACE::2025-09-05.16:37:31::SCWPlatform::Started writing the spfm file 
TRACE::2025-09-05.16:37:31::SCWPlatform::Started writing the xpfm file 
TRACE::2025-09-05.16:37:31::SCWPlatform::Completed generating the platform
TRACE::2025-09-05.16:37:31::SCWMssOS::Saving the mss changes D:/CPU_workspace/0905_AXI4_Lite_FndController/vitis/design_1_wrapper/microblaze_0/standalone_microblaze_0/bsp/system.mss
TRACE::2025-09-05.16:37:31::SCWMssOS::Found a swdesign opened with the mssfile.
TRACE::2025-09-05.16:37:31::SCWMssOS::Completed writemss as part of save.
TRACE::2025-09-05.16:37:31::SCWMssOS::Commit changes completed.
TRACE::2025-09-05.16:37:31::SCWPlatform::Trying to open the hw design at D:/CPU_workspace/0905_AXI4_Lite_FndController/vitis/design_1_wrapper/hw/design_1_wrapper.xsa
TRACE::2025-09-05.16:37:31::SCWPlatform::DSA given D:/CPU_workspace/0905_AXI4_Lite_FndController/vitis/design_1_wrapper/hw/design_1_wrapper.xsa
TRACE::2025-09-05.16:37:31::SCWPlatform::DSA absoulate path D:/CPU_workspace/0905_AXI4_Lite_FndController/vitis/design_1_wrapper/hw/design_1_wrapper.xsa
TRACE::2025-09-05.16:37:31::SCWPlatform::DSA directory D:/CPU_workspace/0905_AXI4_Lite_FndController/vitis/design_1_wrapper/hw
TRACE::2025-09-05.16:37:31::SCWPlatform:: Platform Path D:/CPU_workspace/0905_AXI4_Lite_FndController/vitis/design_1_wrapper/hw/design_1_wrapper.xsa
TRACE::2025-09-05.16:37:31::SCWPlatform:: Unique name xilinx:basys3::0.0
TRACE::2025-09-05.16:37:31::SCWPlatform::Trying to set the existing hwdb with name design_1_wrapper_0
TRACE::2025-09-05.16:37:31::SCWPlatform::Opened existing hwdb design_1_wrapper_0
TRACE::2025-09-05.16:37:31::SCWPlatform::Found the Hw Db part of the input DSA
TRACE::2025-09-05.16:37:31::SCWMssOS::Checking the sw design at  D:/CPU_workspace/0905_AXI4_Lite_FndController/vitis/design_1_wrapper/microblaze_0/standalone_microblaze_0/bsp/system.mss
TRACE::2025-09-05.16:37:31::SCWMssOS::DEBUG:  swdes dump  D:/CPU_workspace/0905_AXI4_Lite_FndController/vitis/design_1_wrapper/microblaze_0/standalone_microblaze_0/bsp/system.mss|system||

TRACE::2025-09-05.16:37:31::SCWMssOS::Sw design exists and opened at  D:/CPU_workspace/0905_AXI4_Lite_FndController/vitis/design_1_wrapper/microblaze_0/standalone_microblaze_0/bsp/system.mss
TRACE::2025-09-05.16:37:31::SCWPlatform::Trying to open the hw design at D:/CPU_workspace/0905_AXI4_Lite_FndController/vitis/design_1_wrapper/hw/design_1_wrapper.xsa
TRACE::2025-09-05.16:37:31::SCWPlatform::DSA given D:/CPU_workspace/0905_AXI4_Lite_FndController/vitis/design_1_wrapper/hw/design_1_wrapper.xsa
TRACE::2025-09-05.16:37:31::SCWPlatform::DSA absoulate path D:/CPU_workspace/0905_AXI4_Lite_FndController/vitis/design_1_wrapper/hw/design_1_wrapper.xsa
TRACE::2025-09-05.16:37:31::SCWPlatform::DSA directory D:/CPU_workspace/0905_AXI4_Lite_FndController/vitis/design_1_wrapper/hw
TRACE::2025-09-05.16:37:31::SCWPlatform:: Platform Path D:/CPU_workspace/0905_AXI4_Lite_FndController/vitis/design_1_wrapper/hw/design_1_wrapper.xsa
TRACE::2025-09-05.16:37:31::SCWPlatform:: Unique name xilinx:basys3::0.0
TRACE::2025-09-05.16:37:31::SCWPlatform::Trying to set the existing hwdb with name design_1_wrapper_0
TRACE::2025-09-05.16:37:31::SCWPlatform::Opened existing hwdb design_1_wrapper_0
TRACE::2025-09-05.16:37:31::SCWPlatform::Found the Hw Db part of the input DSA
TRACE::2025-09-05.16:37:31::SCWMssOS::Checking the sw design at  D:/CPU_workspace/0905_AXI4_Lite_FndController/vitis/design_1_wrapper/microblaze_0/standalone_microblaze_0/bsp/system.mss
TRACE::2025-09-05.16:37:31::SCWMssOS::DEBUG:  swdes dump  D:/CPU_workspace/0905_AXI4_Lite_FndController/vitis/design_1_wrapper/microblaze_0/standalone_microblaze_0/bsp/system.mss|system||

TRACE::2025-09-05.16:37:31::SCWMssOS::Sw design exists and opened at  D:/CPU_workspace/0905_AXI4_Lite_FndController/vitis/design_1_wrapper/microblaze_0/standalone_microblaze_0/bsp/system.mss
TRACE::2025-09-05.16:37:31::SCWPlatform::Trying to open the hw design at D:/CPU_workspace/0905_AXI4_Lite_FndController/vitis/design_1_wrapper/hw/design_1_wrapper.xsa
TRACE::2025-09-05.16:37:31::SCWPlatform::DSA given D:/CPU_workspace/0905_AXI4_Lite_FndController/vitis/design_1_wrapper/hw/design_1_wrapper.xsa
TRACE::2025-09-05.16:37:31::SCWPlatform::DSA absoulate path D:/CPU_workspace/0905_AXI4_Lite_FndController/vitis/design_1_wrapper/hw/design_1_wrapper.xsa
TRACE::2025-09-05.16:37:31::SCWPlatform::DSA directory D:/CPU_workspace/0905_AXI4_Lite_FndController/vitis/design_1_wrapper/hw
TRACE::2025-09-05.16:37:31::SCWPlatform:: Platform Path D:/CPU_workspace/0905_AXI4_Lite_FndController/vitis/design_1_wrapper/hw/design_1_wrapper.xsa
TRACE::2025-09-05.16:37:31::SCWPlatform:: Unique name xilinx:basys3::0.0
TRACE::2025-09-05.16:37:31::SCWPlatform::Trying to set the existing hwdb with name design_1_wrapper_0
TRACE::2025-09-05.16:37:31::SCWPlatform::Opened existing hwdb design_1_wrapper_0
TRACE::2025-09-05.16:37:31::SCWPlatform::Found the Hw Db part of the input DSA
TRACE::2025-09-05.16:37:31::SCWMssOS::Checking the sw design at  D:/CPU_workspace/0905_AXI4_Lite_FndController/vitis/design_1_wrapper/microblaze_0/standalone_microblaze_0/bsp/system.mss
TRACE::2025-09-05.16:37:31::SCWMssOS::DEBUG:  swdes dump  D:/CPU_workspace/0905_AXI4_Lite_FndController/vitis/design_1_wrapper/microblaze_0/standalone_microblaze_0/bsp/system.mss|system||

TRACE::2025-09-05.16:37:31::SCWMssOS::Sw design exists and opened at  D:/CPU_workspace/0905_AXI4_Lite_FndController/vitis/design_1_wrapper/microblaze_0/standalone_microblaze_0/bsp/system.mss
TRACE::2025-09-05.16:37:31::SCWWriter::formatted JSON is {
	"platformName":	"design_1_wrapper",
	"sprVersion":	"2.0",
	"mode":	"gui",
	"dsaType":	"Fixed",
	"platformDesc":	"design_1_wrapper",
	"platHandOff":	"D:/CPU_workspace/0905_AXI4_Lite_FndController/XSA_File/design_1_wrapper.xsa",
	"platIntHandOff":	"<platformDir>/hw/design_1_wrapper.xsa",
	"deviceType":	"FPGA",
	"platIsPrebuiltAutogen":	"false",
	"platIsNoBootBsp":	"false",
	"hasFsblMakeHasChanges":	"false",
	"hasPmufwMakeHasChanges":	"false",
	"platPreBuiltFlag":	false,
	"platformSamplesDir":	"",
	"platActiveSys":	"design_1_wrapper",
	"systems":	[{
			"systemName":	"design_1_wrapper",
			"systemDesc":	"design_1_wrapper",
			"sysIsBootAutoGen":	"true",
			"systemDispName":	"design_1_wrapper",
			"sysActiveDom":	"standalone_microblaze_0",
			"sysDefaultDom":	"standalone_microblaze_0",
			"domains":	[{
					"domainName":	"standalone_microblaze_0",
					"domainDispName":	"standalone_microblaze_0",
					"domainDesc":	"standalone_microblaze_0",
					"processors":	"microblaze_0",
					"os":	"standalone",
					"sdxOs":	"standalone",
					"debugEnable":	"False",
					"domRuntimes":	["cpp"],
					"swRepo":	"",
					"mssOsVer":	"7.3",
					"mssFile":	"",
					"md5Digest":	"7f99b9c2178939f83755dae725112116",
					"compatibleApp":	"hello_world",
					"domType":	"mssDomain",
					"arch":	"32-bit",
					"appSettings":	{
						"appCompilerFlags":	"",
						"appLinkerFlags":	""
					},
					"addedLibs":	[],
					"libOptions":	{
						"libsContainingOptions":	[]
					},
					"prebuiltLibs":	{
						"prebuiltIncPath":	[],
						"prebuiltLibPath":	[]
					},
					"isolation":	{
					}
				}]
		}]
}
KEYINFO::2025-09-05.16:37:31::SCWPlatform::updated the xpfm file.
TRACE::2025-09-05.16:37:31::SCWPlatform::Trying to open the hw design at D:/CPU_workspace/0905_AXI4_Lite_FndController/vitis/design_1_wrapper/hw/design_1_wrapper.xsa
TRACE::2025-09-05.16:37:31::SCWPlatform::DSA given D:/CPU_workspace/0905_AXI4_Lite_FndController/vitis/design_1_wrapper/hw/design_1_wrapper.xsa
TRACE::2025-09-05.16:37:31::SCWPlatform::DSA absoulate path D:/CPU_workspace/0905_AXI4_Lite_FndController/vitis/design_1_wrapper/hw/design_1_wrapper.xsa
TRACE::2025-09-05.16:37:31::SCWPlatform::DSA directory D:/CPU_workspace/0905_AXI4_Lite_FndController/vitis/design_1_wrapper/hw
TRACE::2025-09-05.16:37:31::SCWPlatform:: Platform Path D:/CPU_workspace/0905_AXI4_Lite_FndController/vitis/design_1_wrapper/hw/design_1_wrapper.xsa
TRACE::2025-09-05.16:37:31::SCWPlatform:: Unique name xilinx:basys3::0.0
TRACE::2025-09-05.16:37:31::SCWPlatform::Trying to set the existing hwdb with name design_1_wrapper_0
TRACE::2025-09-05.16:37:31::SCWPlatform::Opened existing hwdb design_1_wrapper_0
TRACE::2025-09-05.16:37:31::SCWPlatform::Found the Hw Db part of the input DSA
TRACE::2025-09-05.16:37:31::SCWMssOS::Checking the sw design at  D:/CPU_workspace/0905_AXI4_Lite_FndController/vitis/design_1_wrapper/microblaze_0/standalone_microblaze_0/bsp/system.mss
TRACE::2025-09-05.16:37:31::SCWMssOS::DEBUG:  swdes dump  D:/CPU_workspace/0905_AXI4_Lite_FndController/vitis/design_1_wrapper/microblaze_0/standalone_microblaze_0/bsp/system.mss|system||

TRACE::2025-09-05.16:37:31::SCWMssOS::Sw design exists and opened at  D:/CPU_workspace/0905_AXI4_Lite_FndController/vitis/design_1_wrapper/microblaze_0/standalone_microblaze_0/bsp/system.mss
