
*** Running vivado
    with args -log MCU.vds -m64 -product Vivado -mode batch -messageDb vivado.pb -notrace -source MCU.tcl



****** Vivado v2020.2 (64-bit)
  **** SW Build 3064766 on Wed Nov 18 09:12:45 MST 2020
  **** IP Build 3064653 on Wed Nov 18 14:17:31 MST 2020
    ** Copyright 1986-2020 Xilinx, Inc. All Rights Reserved.

source MCU.tcl -notrace
Command: synth_design -top MCU -part xc7a35tcpg236-1
Starting synth_design
Attempting to get a license for feature 'Synthesis' and/or device 'xc7a35t'
INFO: [Common 17-349] Got license for feature 'Synthesis' and/or device 'xc7a35t'
INFO: [Device 21-403] Loading part xc7a35tcpg236-1
INFO: [Synth 8-7079] Multithreading enabled for synth_design using a maximum of 2 processes.
INFO: [Synth 8-7078] Launching helper process for spawning children vivado processes
INFO: [Synth 8-7075] Helper process launched with PID 20364
---------------------------------------------------------------------------------
Starting RTL Elaboration : Time (s): cpu = 00:00:03 ; elapsed = 00:00:04 . Memory (MB): peak = 1104.406 ; gain = 0.000
---------------------------------------------------------------------------------
INFO: [Synth 8-6157] synthesizing module 'MCU' [D:/CPU_workspace/APB_UART/APB_UART.srcs/sources_1/imports/250903_RISC-V_APB_FndController/MCU.sv:3]
INFO: [Synth 8-6157] synthesizing module 'ROM' [D:/CPU_workspace/APB_UART/APB_UART.srcs/sources_1/imports/250903_RISC-V_APB_FndController/ROM.sv:3]
INFO: [Synth 8-3876] $readmem data file 'code.mem' is read successfully [D:/CPU_workspace/APB_UART/APB_UART.srcs/sources_1/imports/250903_RISC-V_APB_FndController/ROM.sv:10]
INFO: [Synth 8-6155] done synthesizing module 'ROM' (1#1) [D:/CPU_workspace/APB_UART/APB_UART.srcs/sources_1/imports/250903_RISC-V_APB_FndController/ROM.sv:3]
INFO: [Synth 8-6157] synthesizing module 'CPU_RV32I' [D:/CPU_workspace/APB_UART/APB_UART.srcs/sources_1/imports/250903_RISC-V_APB_FndController/CPU_RV32I.sv:3]
INFO: [Synth 8-6157] synthesizing module 'ControlUnit' [D:/CPU_workspace/APB_UART/APB_UART.srcs/sources_1/imports/250903_RISC-V_APB_FndController/ControlUnit.sv:4]
INFO: [Synth 8-155] case statement is not full and has no default [D:/CPU_workspace/APB_UART/APB_UART.srcs/sources_1/imports/250903_RISC-V_APB_FndController/ControlUnit.sv:57]
INFO: [Synth 8-155] case statement is not full and has no default [D:/CPU_workspace/APB_UART/APB_UART.srcs/sources_1/imports/250903_RISC-V_APB_FndController/ControlUnit.sv:54]
INFO: [Synth 8-155] case statement is not full and has no default [D:/CPU_workspace/APB_UART/APB_UART.srcs/sources_1/imports/250903_RISC-V_APB_FndController/ControlUnit.sv:87]
INFO: [Synth 8-6155] done synthesizing module 'ControlUnit' (2#1) [D:/CPU_workspace/APB_UART/APB_UART.srcs/sources_1/imports/250903_RISC-V_APB_FndController/ControlUnit.sv:4]
INFO: [Synth 8-6157] synthesizing module 'DataPath' [D:/CPU_workspace/APB_UART/APB_UART.srcs/sources_1/imports/250903_RISC-V_APB_FndController/DataPath.sv:4]
INFO: [Synth 8-6157] synthesizing module 'RegisterFile' [D:/CPU_workspace/APB_UART/APB_UART.srcs/sources_1/imports/250903_RISC-V_APB_FndController/DataPath.sv:204]
INFO: [Synth 8-6155] done synthesizing module 'RegisterFile' (3#1) [D:/CPU_workspace/APB_UART/APB_UART.srcs/sources_1/imports/250903_RISC-V_APB_FndController/DataPath.sv:204]
INFO: [Synth 8-6157] synthesizing module 'register' [D:/CPU_workspace/APB_UART/APB_UART.srcs/sources_1/imports/250903_RISC-V_APB_FndController/DataPath.sv:248]
INFO: [Synth 8-6155] done synthesizing module 'register' (4#1) [D:/CPU_workspace/APB_UART/APB_UART.srcs/sources_1/imports/250903_RISC-V_APB_FndController/DataPath.sv:248]
INFO: [Synth 8-6157] synthesizing module 'mux_2x1' [D:/CPU_workspace/APB_UART/APB_UART.srcs/sources_1/imports/250903_RISC-V_APB_FndController/DataPath.sv:271]
INFO: [Synth 8-6155] done synthesizing module 'mux_2x1' (5#1) [D:/CPU_workspace/APB_UART/APB_UART.srcs/sources_1/imports/250903_RISC-V_APB_FndController/DataPath.sv:271]
INFO: [Synth 8-6157] synthesizing module 'mux_5x1' [D:/CPU_workspace/APB_UART/APB_UART.srcs/sources_1/imports/250903_RISC-V_APB_FndController/DataPath.sv:286]
INFO: [Synth 8-155] case statement is not full and has no default [D:/CPU_workspace/APB_UART/APB_UART.srcs/sources_1/imports/250903_RISC-V_APB_FndController/DataPath.sv:297]
INFO: [Synth 8-6155] done synthesizing module 'mux_5x1' (6#1) [D:/CPU_workspace/APB_UART/APB_UART.srcs/sources_1/imports/250903_RISC-V_APB_FndController/DataPath.sv:286]
INFO: [Synth 8-6157] synthesizing module 'alu' [D:/CPU_workspace/APB_UART/APB_UART.srcs/sources_1/imports/250903_RISC-V_APB_FndController/DataPath.sv:167]
INFO: [Synth 8-155] case statement is not full and has no default [D:/CPU_workspace/APB_UART/APB_UART.srcs/sources_1/imports/250903_RISC-V_APB_FndController/DataPath.sv:177]
INFO: [Synth 8-155] case statement is not full and has no default [D:/CPU_workspace/APB_UART/APB_UART.srcs/sources_1/imports/250903_RISC-V_APB_FndController/DataPath.sv:193]
INFO: [Synth 8-6155] done synthesizing module 'alu' (7#1) [D:/CPU_workspace/APB_UART/APB_UART.srcs/sources_1/imports/250903_RISC-V_APB_FndController/DataPath.sv:167]
INFO: [Synth 8-6157] synthesizing module 'immExtend' [D:/CPU_workspace/APB_UART/APB_UART.srcs/sources_1/imports/250903_RISC-V_APB_FndController/DataPath.sv:307]
INFO: [Synth 8-155] case statement is not full and has no default [D:/CPU_workspace/APB_UART/APB_UART.srcs/sources_1/imports/250903_RISC-V_APB_FndController/DataPath.sv:316]
INFO: [Synth 8-6155] done synthesizing module 'immExtend' (8#1) [D:/CPU_workspace/APB_UART/APB_UART.srcs/sources_1/imports/250903_RISC-V_APB_FndController/DataPath.sv:307]
INFO: [Synth 8-6157] synthesizing module 'adder' [D:/CPU_workspace/APB_UART/APB_UART.srcs/sources_1/imports/250903_RISC-V_APB_FndController/DataPath.sv:263]
INFO: [Synth 8-6155] done synthesizing module 'adder' (9#1) [D:/CPU_workspace/APB_UART/APB_UART.srcs/sources_1/imports/250903_RISC-V_APB_FndController/DataPath.sv:263]
INFO: [Synth 8-6157] synthesizing module 'registerEn' [D:/CPU_workspace/APB_UART/APB_UART.srcs/sources_1/imports/250903_RISC-V_APB_FndController/DataPath.sv:232]
INFO: [Synth 8-6155] done synthesizing module 'registerEn' (10#1) [D:/CPU_workspace/APB_UART/APB_UART.srcs/sources_1/imports/250903_RISC-V_APB_FndController/DataPath.sv:232]
INFO: [Synth 8-6155] done synthesizing module 'DataPath' (11#1) [D:/CPU_workspace/APB_UART/APB_UART.srcs/sources_1/imports/250903_RISC-V_APB_FndController/DataPath.sv:4]
INFO: [Synth 8-6155] done synthesizing module 'CPU_RV32I' (12#1) [D:/CPU_workspace/APB_UART/APB_UART.srcs/sources_1/imports/250903_RISC-V_APB_FndController/CPU_RV32I.sv:3]
INFO: [Synth 8-6157] synthesizing module 'APB_Master' [D:/CPU_workspace/APB_UART/APB_UART.srcs/sources_1/imports/250903_RISC-V_APB_FndController/APB_Master.sv:3]
INFO: [Synth 8-155] case statement is not full and has no default [D:/CPU_workspace/APB_UART/APB_UART.srcs/sources_1/imports/250903_RISC-V_APB_FndController/APB_Master.sv:86]
INFO: [Synth 8-6157] synthesizing module 'APB_Decoder' [D:/CPU_workspace/APB_UART/APB_UART.srcs/sources_1/imports/250903_RISC-V_APB_FndController/APB_Master.sv:144]
INFO: [Synth 8-155] case statement is not full and has no default [D:/CPU_workspace/APB_UART/APB_UART.srcs/sources_1/imports/250903_RISC-V_APB_FndController/APB_Master.sv:154]
INFO: [Synth 8-155] case statement is not full and has no default [D:/CPU_workspace/APB_UART/APB_UART.srcs/sources_1/imports/250903_RISC-V_APB_FndController/APB_Master.sv:168]
INFO: [Synth 8-6155] done synthesizing module 'APB_Decoder' (13#1) [D:/CPU_workspace/APB_UART/APB_UART.srcs/sources_1/imports/250903_RISC-V_APB_FndController/APB_Master.sv:144]
INFO: [Synth 8-6157] synthesizing module 'APB_Mux' [D:/CPU_workspace/APB_UART/APB_UART.srcs/sources_1/imports/250903_RISC-V_APB_FndController/APB_Master.sv:183]
INFO: [Synth 8-155] case statement is not full and has no default [D:/CPU_workspace/APB_UART/APB_UART.srcs/sources_1/imports/250903_RISC-V_APB_FndController/APB_Master.sv:203]
INFO: [Synth 8-155] case statement is not full and has no default [D:/CPU_workspace/APB_UART/APB_UART.srcs/sources_1/imports/250903_RISC-V_APB_FndController/APB_Master.sv:215]
INFO: [Synth 8-6155] done synthesizing module 'APB_Mux' (14#1) [D:/CPU_workspace/APB_UART/APB_UART.srcs/sources_1/imports/250903_RISC-V_APB_FndController/APB_Master.sv:183]
INFO: [Synth 8-6155] done synthesizing module 'APB_Master' (15#1) [D:/CPU_workspace/APB_UART/APB_UART.srcs/sources_1/imports/250903_RISC-V_APB_FndController/APB_Master.sv:3]
INFO: [Synth 8-6157] synthesizing module 'RAM' [D:/CPU_workspace/APB_UART/APB_UART.srcs/sources_1/imports/250903_RISC-V_APB_FndController/RAM.sv:3]
INFO: [Synth 8-6155] done synthesizing module 'RAM' (16#1) [D:/CPU_workspace/APB_UART/APB_UART.srcs/sources_1/imports/250903_RISC-V_APB_FndController/RAM.sv:3]
WARNING: [Synth 8-689] width (32) of port connection 'PADDR' does not match port width (12) of module 'RAM' [D:/CPU_workspace/APB_UART/APB_UART.srcs/sources_1/imports/250903_RISC-V_APB_FndController/MCU.sv:93]
INFO: [Synth 8-6157] synthesizing module 'GPO_Periph' [D:/CPU_workspace/APB_UART/APB_UART.srcs/sources_1/imports/250903_RISC-V_APB_FndController/GPO.sv:3]
INFO: [Synth 8-6157] synthesizing module 'APB_SlaveIntf_GPO' [D:/CPU_workspace/APB_UART/APB_UART.srcs/sources_1/imports/250903_RISC-V_APB_FndController/GPO.sv:27]
INFO: [Synth 8-6155] done synthesizing module 'APB_SlaveIntf_GPO' (17#1) [D:/CPU_workspace/APB_UART/APB_UART.srcs/sources_1/imports/250903_RISC-V_APB_FndController/GPO.sv:27]
INFO: [Synth 8-6157] synthesizing module 'GPO' [D:/CPU_workspace/APB_UART/APB_UART.srcs/sources_1/imports/250903_RISC-V_APB_FndController/GPO.sv:73]
INFO: [Synth 8-6155] done synthesizing module 'GPO' (18#1) [D:/CPU_workspace/APB_UART/APB_UART.srcs/sources_1/imports/250903_RISC-V_APB_FndController/GPO.sv:73]
INFO: [Synth 8-6155] done synthesizing module 'GPO_Periph' (19#1) [D:/CPU_workspace/APB_UART/APB_UART.srcs/sources_1/imports/250903_RISC-V_APB_FndController/GPO.sv:3]
WARNING: [Synth 8-689] width (32) of port connection 'PADDR' does not match port width (3) of module 'GPO_Periph' [D:/CPU_workspace/APB_UART/APB_UART.srcs/sources_1/imports/250903_RISC-V_APB_FndController/MCU.sv:100]
INFO: [Synth 8-6157] synthesizing module 'GPI_Periph' [D:/CPU_workspace/APB_UART/APB_UART.srcs/sources_1/imports/250903_RISC-V_APB_FndController/GPI.sv:3]
INFO: [Synth 8-6157] synthesizing module 'APB_SlaveIntf_GPI' [D:/CPU_workspace/APB_UART/APB_UART.srcs/sources_1/imports/250903_RISC-V_APB_FndController/GPI.sv:28]
INFO: [Synth 8-6155] done synthesizing module 'APB_SlaveIntf_GPI' (20#1) [D:/CPU_workspace/APB_UART/APB_UART.srcs/sources_1/imports/250903_RISC-V_APB_FndController/GPI.sv:28]
INFO: [Synth 8-6157] synthesizing module 'GPI' [D:/CPU_workspace/APB_UART/APB_UART.srcs/sources_1/imports/250903_RISC-V_APB_FndController/GPI.sv:74]
INFO: [Synth 8-6155] done synthesizing module 'GPI' (21#1) [D:/CPU_workspace/APB_UART/APB_UART.srcs/sources_1/imports/250903_RISC-V_APB_FndController/GPI.sv:74]
INFO: [Synth 8-6155] done synthesizing module 'GPI_Periph' (22#1) [D:/CPU_workspace/APB_UART/APB_UART.srcs/sources_1/imports/250903_RISC-V_APB_FndController/GPI.sv:3]
WARNING: [Synth 8-689] width (32) of port connection 'PADDR' does not match port width (3) of module 'GPI_Periph' [D:/CPU_workspace/APB_UART/APB_UART.srcs/sources_1/imports/250903_RISC-V_APB_FndController/MCU.sv:107]
INFO: [Synth 8-6157] synthesizing module 'GPIO_Periph' [D:/CPU_workspace/APB_UART/APB_UART.srcs/sources_1/imports/250903_RISC-V_APB_FndController/GPIO.sv:3]
INFO: [Synth 8-6157] synthesizing module 'APB_SlaveIntf_GPIO' [D:/CPU_workspace/APB_UART/APB_UART.srcs/sources_1/imports/250903_RISC-V_APB_FndController/GPIO.sv:27]
INFO: [Synth 8-6155] done synthesizing module 'APB_SlaveIntf_GPIO' (23#1) [D:/CPU_workspace/APB_UART/APB_UART.srcs/sources_1/imports/250903_RISC-V_APB_FndController/GPIO.sv:27]
INFO: [Synth 8-6157] synthesizing module 'GPIO' [D:/CPU_workspace/APB_UART/APB_UART.srcs/sources_1/imports/250903_RISC-V_APB_FndController/GPIO.sv:80]
INFO: [Synth 8-6155] done synthesizing module 'GPIO' (24#1) [D:/CPU_workspace/APB_UART/APB_UART.srcs/sources_1/imports/250903_RISC-V_APB_FndController/GPIO.sv:80]
INFO: [Synth 8-6155] done synthesizing module 'GPIO_Periph' (25#1) [D:/CPU_workspace/APB_UART/APB_UART.srcs/sources_1/imports/250903_RISC-V_APB_FndController/GPIO.sv:3]
WARNING: [Synth 8-689] width (32) of port connection 'PADDR' does not match port width (4) of module 'GPIO_Periph' [D:/CPU_workspace/APB_UART/APB_UART.srcs/sources_1/imports/250903_RISC-V_APB_FndController/MCU.sv:114]
INFO: [Synth 8-6157] synthesizing module 'fndController_Periph' [D:/CPU_workspace/APB_UART/APB_UART.srcs/sources_1/imports/250903_RISC-V_APB_FndController/fndController.sv:3]
INFO: [Synth 8-6157] synthesizing module 'APB_SlaveIntf_Fnd' [D:/CPU_workspace/APB_UART/APB_UART.srcs/sources_1/imports/250903_RISC-V_APB_FndController/fndController.sv:38]
INFO: [Synth 8-6155] done synthesizing module 'APB_SlaveIntf_Fnd' (26#1) [D:/CPU_workspace/APB_UART/APB_UART.srcs/sources_1/imports/250903_RISC-V_APB_FndController/fndController.sv:38]
INFO: [Synth 8-6157] synthesizing module 'fndController' [D:/CPU_workspace/APB_UART/APB_UART.srcs/sources_1/imports/250903_RISC-V_APB_FndController/fndController.sv:85]
INFO: [Synth 8-6157] synthesizing module 'clk_div_1khz' [D:/CPU_workspace/APB_UART/APB_UART.srcs/sources_1/imports/250903_RISC-V_APB_FndController/fndController.sv:140]
INFO: [Synth 8-6155] done synthesizing module 'clk_div_1khz' (27#1) [D:/CPU_workspace/APB_UART/APB_UART.srcs/sources_1/imports/250903_RISC-V_APB_FndController/fndController.sv:140]
INFO: [Synth 8-6157] synthesizing module 'counter_2bit' [D:/CPU_workspace/APB_UART/APB_UART.srcs/sources_1/imports/250903_RISC-V_APB_FndController/fndController.sv:166]
INFO: [Synth 8-6155] done synthesizing module 'counter_2bit' (28#1) [D:/CPU_workspace/APB_UART/APB_UART.srcs/sources_1/imports/250903_RISC-V_APB_FndController/fndController.sv:166]
INFO: [Synth 8-6157] synthesizing module 'decoder_2x4' [D:/CPU_workspace/APB_UART/APB_UART.srcs/sources_1/imports/250903_RISC-V_APB_FndController/fndController.sv:183]
INFO: [Synth 8-6155] done synthesizing module 'decoder_2x4' (29#1) [D:/CPU_workspace/APB_UART/APB_UART.srcs/sources_1/imports/250903_RISC-V_APB_FndController/fndController.sv:183]
INFO: [Synth 8-6157] synthesizing module 'digitSplitter' [D:/CPU_workspace/APB_UART/APB_UART.srcs/sources_1/imports/250903_RISC-V_APB_FndController/fndController.sv:203]
INFO: [Synth 8-6155] done synthesizing module 'digitSplitter' (30#1) [D:/CPU_workspace/APB_UART/APB_UART.srcs/sources_1/imports/250903_RISC-V_APB_FndController/fndController.sv:203]
INFO: [Synth 8-6157] synthesizing module 'mux_4x1' [D:/CPU_workspace/APB_UART/APB_UART.srcs/sources_1/imports/250903_RISC-V_APB_FndController/fndController.sv:216]
INFO: [Synth 8-6155] done synthesizing module 'mux_4x1' (31#1) [D:/CPU_workspace/APB_UART/APB_UART.srcs/sources_1/imports/250903_RISC-V_APB_FndController/fndController.sv:216]
INFO: [Synth 8-6157] synthesizing module 'BCDtoFND_Decoder' [D:/CPU_workspace/APB_UART/APB_UART.srcs/sources_1/imports/250903_RISC-V_APB_FndController/fndController.sv:235]
INFO: [Synth 8-226] default block is never used [D:/CPU_workspace/APB_UART/APB_UART.srcs/sources_1/imports/250903_RISC-V_APB_FndController/fndController.sv:240]
INFO: [Synth 8-6155] done synthesizing module 'BCDtoFND_Decoder' (32#1) [D:/CPU_workspace/APB_UART/APB_UART.srcs/sources_1/imports/250903_RISC-V_APB_FndController/fndController.sv:235]
INFO: [Synth 8-6155] done synthesizing module 'fndController' (33#1) [D:/CPU_workspace/APB_UART/APB_UART.srcs/sources_1/imports/250903_RISC-V_APB_FndController/fndController.sv:85]
INFO: [Synth 8-6155] done synthesizing module 'fndController_Periph' (34#1) [D:/CPU_workspace/APB_UART/APB_UART.srcs/sources_1/imports/250903_RISC-V_APB_FndController/fndController.sv:3]
WARNING: [Synth 8-689] width (32) of port connection 'PADDR' does not match port width (3) of module 'fndController_Periph' [D:/CPU_workspace/APB_UART/APB_UART.srcs/sources_1/imports/250903_RISC-V_APB_FndController/MCU.sv:121]
INFO: [Synth 8-6157] synthesizing module 'uart_Periph' [D:/CPU_workspace/APB_UART/APB_UART.srcs/sources_1/new/uart.sv:3]
INFO: [Synth 8-6157] synthesizing module 'APB_SlaveIntf_uart' [D:/CPU_workspace/APB_UART/APB_UART.srcs/sources_1/new/uart.sv:44]
INFO: [Synth 8-6155] done synthesizing module 'APB_SlaveIntf_uart' (35#1) [D:/CPU_workspace/APB_UART/APB_UART.srcs/sources_1/new/uart.sv:44]
INFO: [Synth 8-6157] synthesizing module 'uart' [D:/CPU_workspace/APB_UART/APB_UART.srcs/sources_1/new/uart.sv:115]
INFO: [Synth 8-6157] synthesizing module 'baudrate_gen' [D:/CPU_workspace/APB_UART/APB_UART.srcs/sources_1/new/uart.sv:168]
INFO: [Synth 8-155] case statement is not full and has no default [D:/CPU_workspace/APB_UART/APB_UART.srcs/sources_1/new/uart.sv:181]
INFO: [Synth 8-6155] done synthesizing module 'baudrate_gen' (36#1) [D:/CPU_workspace/APB_UART/APB_UART.srcs/sources_1/new/uart.sv:168]
INFO: [Synth 8-6157] synthesizing module 'transmitter' [D:/CPU_workspace/APB_UART/APB_UART.srcs/sources_1/new/uart.sv:234]
INFO: [Synth 8-155] case statement is not full and has no default [D:/CPU_workspace/APB_UART/APB_UART.srcs/sources_1/new/uart.sv:292]
INFO: [Synth 8-6155] done synthesizing module 'transmitter' (37#1) [D:/CPU_workspace/APB_UART/APB_UART.srcs/sources_1/new/uart.sv:234]
INFO: [Synth 8-6157] synthesizing module 'receiver' [D:/CPU_workspace/APB_UART/APB_UART.srcs/sources_1/new/uart.sv:350]
INFO: [Synth 8-155] case statement is not full and has no default [D:/CPU_workspace/APB_UART/APB_UART.srcs/sources_1/new/uart.sv:400]
INFO: [Synth 8-6155] done synthesizing module 'receiver' (38#1) [D:/CPU_workspace/APB_UART/APB_UART.srcs/sources_1/new/uart.sv:350]
INFO: [Synth 8-6155] done synthesizing module 'uart' (39#1) [D:/CPU_workspace/APB_UART/APB_UART.srcs/sources_1/new/uart.sv:115]
INFO: [Synth 8-6155] done synthesizing module 'uart_Periph' (40#1) [D:/CPU_workspace/APB_UART/APB_UART.srcs/sources_1/new/uart.sv:3]
WARNING: [Synth 8-689] width (32) of port connection 'PADDR' does not match port width (4) of module 'uart_Periph' [D:/CPU_workspace/APB_UART/APB_UART.srcs/sources_1/imports/250903_RISC-V_APB_FndController/MCU.sv:128]
INFO: [Synth 8-6155] done synthesizing module 'MCU' (41#1) [D:/CPU_workspace/APB_UART/APB_UART.srcs/sources_1/imports/250903_RISC-V_APB_FndController/MCU.sv:3]
---------------------------------------------------------------------------------
Finished RTL Elaboration : Time (s): cpu = 00:00:04 ; elapsed = 00:00:05 . Memory (MB): peak = 1104.406 ; gain = 0.000
---------------------------------------------------------------------------------
---------------------------------------------------------------------------------
Start Handling Custom Attributes
---------------------------------------------------------------------------------
---------------------------------------------------------------------------------
Finished Handling Custom Attributes : Time (s): cpu = 00:00:04 ; elapsed = 00:00:05 . Memory (MB): peak = 1104.406 ; gain = 0.000
---------------------------------------------------------------------------------
---------------------------------------------------------------------------------
Finished RTL Optimization Phase 1 : Time (s): cpu = 00:00:04 ; elapsed = 00:00:05 . Memory (MB): peak = 1104.406 ; gain = 0.000
---------------------------------------------------------------------------------
Netlist sorting complete. Time (s): cpu = 00:00:00 ; elapsed = 00:00:00.026 . Memory (MB): peak = 1104.406 ; gain = 0.000
INFO: [Project 1-570] Preparing netlist for logic optimization

Processing XDC Constraints
Initializing timing engine
Parsing XDC File [D:/CPU_workspace/APB_UART/APB_UART.srcs/constrs_1/imports/imports/Basys-3-Master.xdc]
Finished Parsing XDC File [D:/CPU_workspace/APB_UART/APB_UART.srcs/constrs_1/imports/imports/Basys-3-Master.xdc]
INFO: [Project 1-236] Implementation specific constraints were found while reading constraint file [D:/CPU_workspace/APB_UART/APB_UART.srcs/constrs_1/imports/imports/Basys-3-Master.xdc]. These constraints will be ignored for synthesis but will be used in implementation. Impacted constraints are listed in the file [.Xil/MCU_propImpl.xdc].
Resolution: To avoid this warning, move constraints listed in [.Xil/MCU_propImpl.xdc] to another XDC file and exclude this new file from synthesis with the used_in_synthesis property (File Properties dialog in GUI) and re-run elaboration/synthesis.
Completed Processing XDC Constraints

Netlist sorting complete. Time (s): cpu = 00:00:00 ; elapsed = 00:00:00.001 . Memory (MB): peak = 1184.047 ; gain = 0.000
INFO: [Project 1-111] Unisim Transformation Summary:
No Unisim elements were transformed.

Constraint Validation Runtime : Time (s): cpu = 00:00:00 ; elapsed = 00:00:00.007 . Memory (MB): peak = 1184.047 ; gain = 0.000
---------------------------------------------------------------------------------
Finished Constraint Validation : Time (s): cpu = 00:00:08 ; elapsed = 00:00:10 . Memory (MB): peak = 1184.047 ; gain = 79.641
---------------------------------------------------------------------------------
---------------------------------------------------------------------------------
Start Loading Part and Timing Information
---------------------------------------------------------------------------------
Loading part: xc7a35tcpg236-1
---------------------------------------------------------------------------------
Finished Loading Part and Timing Information : Time (s): cpu = 00:00:08 ; elapsed = 00:00:10 . Memory (MB): peak = 1184.047 ; gain = 79.641
---------------------------------------------------------------------------------
---------------------------------------------------------------------------------
Start Applying 'set_property' XDC Constraints
---------------------------------------------------------------------------------
---------------------------------------------------------------------------------
Finished applying 'set_property' XDC Constraints : Time (s): cpu = 00:00:08 ; elapsed = 00:00:10 . Memory (MB): peak = 1184.047 ; gain = 79.641
---------------------------------------------------------------------------------
INFO: [Synth 8-802] inferred FSM for state register 'state_reg' in module 'ControlUnit'
INFO: [Synth 8-802] inferred FSM for state register 'state_reg' in module 'APB_Master'
INFO: [Synth 8-802] inferred FSM for state register 'tx_state_reg' in module 'transmitter'
INFO: [Synth 8-802] inferred FSM for state register 'rx_state_reg' in module 'receiver'
---------------------------------------------------------------------------------------------------
                   State |                     New Encoding |                Previous Encoding 
---------------------------------------------------------------------------------------------------
                   FETCH |                             0000 | 00000000000000000000000000000000
                  DECODE |                             0001 | 00000000000000000000000000000001
                   R_EXE |                             0010 | 00000000000000000000000000000010
                   I_EXE |                             0011 | 00000000000000000000000000000011
                   B_EXE |                             0100 | 00000000000000000000000000000100
                  LU_EXE |                             0101 | 00000000000000000000000000000101
                  AU_EXE |                             0110 | 00000000000000000000000000000110
                   J_EXE |                             0111 | 00000000000000000000000000000111
                  JL_EXE |                             1000 | 00000000000000000000000000001000
                   S_EXE |                             1001 | 00000000000000000000000000001001
                   S_MEM |                             1010 | 00000000000000000000000000001010
                   L_EXE |                             1011 | 00000000000000000000000000001011
                   L_MEM |                             1100 | 00000000000000000000000000001100
                    L_WB |                             1101 | 00000000000000000000000000001101
---------------------------------------------------------------------------------------------------
INFO: [Synth 8-3354] encoded FSM with state register 'state_reg' using encoding 'sequential' in module 'ControlUnit'
---------------------------------------------------------------------------------------------------
                   State |                     New Encoding |                Previous Encoding 
---------------------------------------------------------------------------------------------------
                    IDLE |                              001 | 00000000000000000000000000000000
                   SETUP |                              010 | 00000000000000000000000000000001
                  ACCESS |                              100 | 00000000000000000000000000000010
---------------------------------------------------------------------------------------------------
INFO: [Synth 8-3354] encoded FSM with state register 'state_reg' using encoding 'one-hot' in module 'APB_Master'
---------------------------------------------------------------------------------------------------
                   State |                     New Encoding |                Previous Encoding 
---------------------------------------------------------------------------------------------------
                    IDLE |                               00 | 00000000000000000000000000000000
                   START |                               01 | 00000000000000000000000000000001
                    DATA |                               10 | 00000000000000000000000000000010
                    STOP |                               11 | 00000000000000000000000000000011
---------------------------------------------------------------------------------------------------
INFO: [Synth 8-3354] encoded FSM with state register 'tx_state_reg' using encoding 'sequential' in module 'transmitter'
---------------------------------------------------------------------------------------------------
                   State |                     New Encoding |                Previous Encoding 
---------------------------------------------------------------------------------------------------
                    IDLE |                               00 | 00000000000000000000000000000000
                   START |                               01 | 00000000000000000000000000000001
                    DATA |                               10 | 00000000000000000000000000000010
                    STOP |                               11 | 00000000000000000000000000000011
---------------------------------------------------------------------------------------------------
INFO: [Synth 8-3354] encoded FSM with state register 'rx_state_reg' using encoding 'sequential' in module 'receiver'
---------------------------------------------------------------------------------
Finished RTL Optimization Phase 2 : Time (s): cpu = 00:00:09 ; elapsed = 00:00:11 . Memory (MB): peak = 1184.047 ; gain = 79.641
---------------------------------------------------------------------------------
---------------------------------------------------------------------------------
Start RTL Component Statistics 
---------------------------------------------------------------------------------
Detailed RTL Component Info : 
+---Adders : 
	   2 Input   32 Bit       Adders := 4     
	   3 Input   32 Bit       Adders := 1     
	   2 Input   17 Bit       Adders := 1     
	   2 Input    5 Bit       Adders := 1     
	   2 Input    4 Bit       Adders := 1     
	   2 Input    3 Bit       Adders := 2     
	   2 Input    2 Bit       Adders := 1     
+---XORs : 
	   2 Input     32 Bit         XORs := 1     
+---Registers : 
	               32 Bit    Registers := 26    
	               17 Bit    Registers := 1     
	               13 Bit    Registers := 1     
	                8 Bit    Registers := 2     
	                5 Bit    Registers := 1     
	                4 Bit    Registers := 1     
	                3 Bit    Registers := 2     
	                2 Bit    Registers := 1     
	                1 Bit    Registers := 14    
+---RAMs : 
	              32K Bit	(1024 X 32 bit)          RAMs := 1     
+---Muxes : 
	   2 Input   32 Bit        Muxes := 14    
	   4 Input   32 Bit        Muxes := 3     
	  10 Input   32 Bit        Muxes := 1     
	   2 Input   17 Bit        Muxes := 1     
	  13 Input   13 Bit        Muxes := 1     
	  14 Input   11 Bit        Muxes := 1     
	   4 Input    8 Bit        Muxes := 2     
	   8 Input    6 Bit        Muxes := 1     
	   2 Input    5 Bit        Muxes := 3     
	   4 Input    5 Bit        Muxes := 1     
	   2 Input    4 Bit        Muxes := 3     
	  14 Input    4 Bit        Muxes := 2     
	  10 Input    4 Bit        Muxes := 1     
	   4 Input    4 Bit        Muxes := 3     
	   7 Input    3 Bit        Muxes := 1     
	   2 Input    3 Bit        Muxes := 2     
	   4 Input    3 Bit        Muxes := 2     
	   4 Input    2 Bit        Muxes := 3     
	  10 Input    1 Bit        Muxes := 1     
	  14 Input    1 Bit        Muxes := 1     
	   3 Input    1 Bit        Muxes := 7     
	   2 Input    1 Bit        Muxes := 9     
	   4 Input    1 Bit        Muxes := 19    
---------------------------------------------------------------------------------
Finished RTL Component Statistics 
---------------------------------------------------------------------------------
---------------------------------------------------------------------------------
Start Part Resource Summary
---------------------------------------------------------------------------------
Part Resources:
DSPs: 90 (col length:60)
BRAMs: 100 (col length: RAMB18 60 RAMB36 30)
---------------------------------------------------------------------------------
Finished Part Resource Summary
---------------------------------------------------------------------------------
---------------------------------------------------------------------------------
Start Cross Boundary and Area Optimization
---------------------------------------------------------------------------------
---------------------------------------------------------------------------------
Finished Cross Boundary and Area Optimization : Time (s): cpu = 00:00:30 ; elapsed = 00:00:33 . Memory (MB): peak = 1184.047 ; gain = 79.641
---------------------------------------------------------------------------------
---------------------------------------------------------------------------------
Start ROM, RAM, DSP, Shift Register and Retiming Reporting
---------------------------------------------------------------------------------

ROM: Preliminary Mapping	Report
+------------+------------+---------------+----------------+
|Module Name | RTL Object | Depth x Width | Implemented As | 
+------------+------------+---------------+----------------+
|ROM         | p_0_out    | 128x32        | LUT            | 
+------------+------------+---------------+----------------+


Block RAM: Preliminary Mapping	Report (see note below)
+------------+---------------+------------------------+---+---+------------------------+---+---+------------------+--------+--------+
|Module Name | RTL Object    | PORT A (Depth x Width) | W | R | PORT B (Depth x Width) | W | R | Ports driving FF | RAMB18 | RAMB36 | 
+------------+---------------+------------------------+---+---+------------------------+---+---+------------------+--------+--------+
|MCU         | U_RAM/mem_reg | 1 K x 32(NO_CHANGE)    | W | R |                        |   |   | Port A           | 0      | 1      | 
+------------+---------------+------------------------+---+---+------------------------+---+---+------------------+--------+--------+

Note: The table above is a preliminary report that shows the Block RAMs at the current stage of the synthesis flow. Some Block RAMs may be reimplemented as non Block RAM primitives later in the synthesis flow. Multiple instantiated Block RAMs are reported only once. 

Distributed RAM: Preliminary Mapping	Report (see note below)
+------------+------------------------------+-----------+----------------------+--------------+
|Module Name | RTL Object                   | Inference | Size (Depth x Width) | Primitives   | 
+------------+------------------------------+-----------+----------------------+--------------+
|U_RV32I     | U_DataPath/U_RegFile/mem_reg | Implied   | 32 x 32              | RAM32M x 12	 | 
+------------+------------------------------+-----------+----------------------+--------------+

Note: The table above is a preliminary report that shows the Distributed RAMs at the current stage of the synthesis flow. Some Distributed RAMs may be reimplemented as non Distributed RAM primitives later in the synthesis flow. Multiple instantiated RAMs are reported only once.
---------------------------------------------------------------------------------
Finished ROM, RAM, DSP, Shift Register and Retiming Reporting
---------------------------------------------------------------------------------
---------------------------------------------------------------------------------
Start Applying XDC Timing Constraints
---------------------------------------------------------------------------------
---------------------------------------------------------------------------------
Finished Applying XDC Timing Constraints : Time (s): cpu = 00:00:35 ; elapsed = 00:00:37 . Memory (MB): peak = 1184.883 ; gain = 80.477
---------------------------------------------------------------------------------
---------------------------------------------------------------------------------
Start Timing Optimization
---------------------------------------------------------------------------------
---------------------------------------------------------------------------------
Finished Timing Optimization : Time (s): cpu = 00:00:40 ; elapsed = 00:00:43 . Memory (MB): peak = 1309.461 ; gain = 205.055
---------------------------------------------------------------------------------
---------------------------------------------------------------------------------
Start ROM, RAM, DSP, Shift Register and Retiming Reporting
---------------------------------------------------------------------------------

Block RAM: Final Mapping	Report
+------------+---------------+------------------------+---+---+------------------------+---+---+------------------+--------+--------+
|Module Name | RTL Object    | PORT A (Depth x Width) | W | R | PORT B (Depth x Width) | W | R | Ports driving FF | RAMB18 | RAMB36 | 
+------------+---------------+------------------------+---+---+------------------------+---+---+------------------+--------+--------+
|MCU         | U_RAM/mem_reg | 1 K x 32(NO_CHANGE)    | W | R |                        |   |   | Port A           | 0      | 1      | 
+------------+---------------+------------------------+---+---+------------------------+---+---+------------------+--------+--------+


Distributed RAM: Final Mapping	Report
+------------+------------------------------+-----------+----------------------+--------------+
|Module Name | RTL Object                   | Inference | Size (Depth x Width) | Primitives   | 
+------------+------------------------------+-----------+----------------------+--------------+
|U_RV32I     | U_DataPath/U_RegFile/mem_reg | Implied   | 32 x 32              | RAM32M x 12	 | 
+------------+------------------------------+-----------+----------------------+--------------+

---------------------------------------------------------------------------------
Finished ROM, RAM, DSP, Shift Register and Retiming Reporting
---------------------------------------------------------------------------------
---------------------------------------------------------------------------------
Start Technology Mapping
---------------------------------------------------------------------------------
INFO: [Synth 8-7052] The timing for the instance U_RAM/mem_reg (implemented as a Block RAM) might be sub-optimal as no optional output register could be merged into the ram block. Providing additional output register may help in improving timing.
---------------------------------------------------------------------------------
Finished Technology Mapping : Time (s): cpu = 00:00:41 ; elapsed = 00:00:43 . Memory (MB): peak = 1321.070 ; gain = 216.664
---------------------------------------------------------------------------------
---------------------------------------------------------------------------------
Start IO Insertion
---------------------------------------------------------------------------------
---------------------------------------------------------------------------------
Start Flattening Before IO Insertion
---------------------------------------------------------------------------------
---------------------------------------------------------------------------------
Finished Flattening Before IO Insertion
---------------------------------------------------------------------------------
---------------------------------------------------------------------------------
Start Final Netlist Cleanup
---------------------------------------------------------------------------------
---------------------------------------------------------------------------------
Finished Final Netlist Cleanup
---------------------------------------------------------------------------------
---------------------------------------------------------------------------------
Finished IO Insertion : Time (s): cpu = 00:00:43 ; elapsed = 00:00:45 . Memory (MB): peak = 1323.883 ; gain = 219.477
---------------------------------------------------------------------------------
---------------------------------------------------------------------------------
Start Renaming Generated Instances
---------------------------------------------------------------------------------
---------------------------------------------------------------------------------
Finished Renaming Generated Instances : Time (s): cpu = 00:00:43 ; elapsed = 00:00:45 . Memory (MB): peak = 1323.883 ; gain = 219.477
---------------------------------------------------------------------------------
---------------------------------------------------------------------------------
Start Rebuilding User Hierarchy
---------------------------------------------------------------------------------
---------------------------------------------------------------------------------
Finished Rebuilding User Hierarchy : Time (s): cpu = 00:00:43 ; elapsed = 00:00:46 . Memory (MB): peak = 1323.883 ; gain = 219.477
---------------------------------------------------------------------------------
---------------------------------------------------------------------------------
Start Renaming Generated Ports
---------------------------------------------------------------------------------
---------------------------------------------------------------------------------
Finished Renaming Generated Ports : Time (s): cpu = 00:00:43 ; elapsed = 00:00:46 . Memory (MB): peak = 1323.883 ; gain = 219.477
---------------------------------------------------------------------------------
---------------------------------------------------------------------------------
Start Handling Custom Attributes
---------------------------------------------------------------------------------
---------------------------------------------------------------------------------
Finished Handling Custom Attributes : Time (s): cpu = 00:00:43 ; elapsed = 00:00:46 . Memory (MB): peak = 1323.883 ; gain = 219.477
---------------------------------------------------------------------------------
---------------------------------------------------------------------------------
Start Renaming Generated Nets
---------------------------------------------------------------------------------
---------------------------------------------------------------------------------
Finished Renaming Generated Nets : Time (s): cpu = 00:00:43 ; elapsed = 00:00:46 . Memory (MB): peak = 1323.883 ; gain = 219.477
---------------------------------------------------------------------------------
---------------------------------------------------------------------------------
Start Writing Synthesis Report
---------------------------------------------------------------------------------

Report BlackBoxes: 
+-+--------------+----------+
| |BlackBox name |Instances |
+-+--------------+----------+
+-+--------------+----------+

Report Cell Usage: 
+------+---------+------+
|      |Cell     |Count |
+------+---------+------+
|1     |BUFG     |     1|
|2     |CARRY4   |    85|
|3     |LUT1     |    48|
|4     |LUT2     |   170|
|5     |LUT3     |   229|
|6     |LUT4     |   287|
|7     |LUT5     |   273|
|8     |LUT6     |   802|
|9     |MUXF7    |    20|
|10    |RAM32M   |    12|
|11    |RAMB36E1 |     1|
|12    |FDCE     |   685|
|13    |FDPE     |    18|
|14    |FDRE     |   167|
|15    |IBUF     |    11|
|16    |IOBUF    |     8|
|17    |OBUF     |    13|
|18    |OBUFT    |     8|
+------+---------+------+
---------------------------------------------------------------------------------
Finished Writing Synthesis Report : Time (s): cpu = 00:00:43 ; elapsed = 00:00:46 . Memory (MB): peak = 1323.883 ; gain = 219.477
---------------------------------------------------------------------------------
Synthesis finished with 0 errors, 0 critical warnings and 0 warnings.
Synthesis Optimization Runtime : Time (s): cpu = 00:00:37 ; elapsed = 00:00:44 . Memory (MB): peak = 1323.883 ; gain = 139.836
Synthesis Optimization Complete : Time (s): cpu = 00:00:43 ; elapsed = 00:00:46 . Memory (MB): peak = 1323.883 ; gain = 219.477
INFO: [Project 1-571] Translating synthesized netlist
Netlist sorting complete. Time (s): cpu = 00:00:00 ; elapsed = 00:00:00.034 . Memory (MB): peak = 1335.883 ; gain = 0.000
INFO: [Netlist 29-17] Analyzing 126 Unisim elements for replacement
INFO: [Netlist 29-28] Unisim Transformation completed in 0 CPU seconds
INFO: [Project 1-570] Preparing netlist for logic optimization
INFO: [Opt 31-138] Pushed 0 inverter(s) to 0 load pin(s).
Netlist sorting complete. Time (s): cpu = 00:00:00 ; elapsed = 00:00:00.001 . Memory (MB): peak = 1335.883 ; gain = 0.000
INFO: [Project 1-111] Unisim Transformation Summary:
  A total of 20 instances were transformed.
  IOBUF => IOBUF (IBUF, OBUFT): 8 instances
  RAM32M => RAM32M (RAMD32(x6), RAMS32(x2)): 12 instances

INFO: [Common 17-83] Releasing license: Synthesis
123 Infos, 6 Warnings, 0 Critical Warnings and 0 Errors encountered.
synth_design completed successfully
synth_design: Time (s): cpu = 00:00:47 ; elapsed = 00:00:51 . Memory (MB): peak = 1335.883 ; gain = 231.477
INFO: [Common 17-1381] The checkpoint 'D:/CPU_workspace/APB_UART/APB_UART.runs/synth_1/MCU.dcp' has been generated.
INFO: [runtcl-4] Executing : report_utilization -file MCU_utilization_synth.rpt -pb MCU_utilization_synth.pb
INFO: [Common 17-206] Exiting Vivado at Tue Sep  9 08:48:51 2025...
